<html>
<body>
<pre>
<h1>µVision Build Log</h1>
<h2>Tool Versions:</h2>
IDE-Version: ¦ÌVision V5.14.2.1
Copyright (C) 2015 ARM Ltd and ARM Germany GmbH. All rights reserved.
License Information: Cortex-M3, YUMI STUDIO, LIC=X1EY8-3MX20-XBJEC-7HIYY-E6BJN-B7QA5
 
Tool Versions:
Toolchain:       MDK-ARM Professional  Version: 5.11.0.0
Toolchain Path:  C:\Keil_v5\ARM\ARMCC\Bin
C Compiler:      Armcc.exe V5.04 update 1 (build 49)
Assembler:       Armasm.exe V5.04 update 1 (build 49)
Linker/Locator:  ArmLink.exe V5.04 update 1 (build 49)
Library Manager: ArmAr.exe V5.04 update 1 (build 49)
Hex Converter:   FromElf.exe V5.04 update 1 (build 49)
CPU DLL:         SARMCM3.DLL V5.11.0.0
Dialog DLL:      DARMSTM.DLL V1.65.0.0
Target DLL:      STLink\ST-LINKIII-KEIL_SWO.dll V2.0.6.0_KEIL
Dialog DLL:      TARMSTM.DLL V1.64.0.0
 
<h2>Project:</h2>
C:\Users\94942\Documents\GitHub\STM32\W-GUI.uvprojx
Project File Date:  10/21/2017

<h2>Output:</h2>
*** Using Compiler 'V5.04 update 1 (build 49)', folder: 'C:\Keil_v5\ARM\ARMCC\Bin'
Build target 'Target 1'
compiling BrushlessMotor.c...
BrushlessMotor\BrushlessMotor.c(102): warning:  #177-D: variable "flag" was declared but never referenced
        uint16_t block=0,flag=0;
BrushlessMotor\BrushlessMotor.c: 1 warning, 0 errors
linking...
Program Size: Code=19992 RO-data=340 RW-data=216 ZI-data=20144  
".\Objects\W-GUI.axf" - 0 Error(s), 1 Warning(s).

<h2>Software Packages used:</h2>

Package Vendor: ARM
                http://www.keil.com/pack/ARM.CMSIS.5.0.1.pack
                ::CMSIS:RTOS2:2.1.0 (API)
                CMSIS (Cortex Microcontroller Software Interface Standard)
   * Component: RTOS2 Version: 2.1.0
   * Component: CORE Version: 5.0.1

Package Vendor: ARM
                http://www.keil.com/pack/ARM.CMSIS-FreeRTOS.9.0.0.pack
                ARM::CMSIS:RTOS2:FreeRTOS:9.0.0
                Bundle of FreeRTOS for Cortex-M and Cortex-A
   * Component: FreeRTOS Version: 9.0.0
   * Component: Config Variant: CMSIS RTOS2 Version: 9.0.0
   * Component: Event Groups Version: 9.0.0
   * Component: Heap Variant: Heap_5 Version: 9.0.0
   * Component: Core Version: 9.0.0
   * Component: Timers Version: 9.0.0

Package Vendor: Keil
                http://www.keil.com/pack/Keil.STM32F1xx_DFP.2.2.0.pack
                Keil::Device:StdPeriph Drivers:DMA:3.5.0
                STMicroelectronics STM32F1 Series Device Support, Drivers and Examples
   * Component: DMA Version: 3.5.0
   * Component: I2C Version: 3.5.0
   * Component: GPIO Version: 3.5.0
   * Component: RCC Version: 3.5.0
   * Component: Framework Version: 3.5.1
   * Component: Startup Version: 1.0.0
   * Component: SPI Version: 3.5.0
   * Component: TIM Version: 3.5.0

<h2>Collection of Component include folders:</h2>
  C:\Users\94942\Documents\GitHub\STM32\RTE
  C:\Users\94942\Documents\GitHub\STM32\RTE\Device\STM32F103C8
  C:\Users\94942\Documents\GitHub\STM32\RTE\RTOS
  C:\Keil_v5\ARM\PACK\ARM\CMSIS-FreeRTOS\9.0.0\CMSIS\RTOS2\FreeRTOS\Include
  C:\Keil_v5\ARM\PACK\ARM\CMSIS-FreeRTOS\9.0.0\Source\include
  C:\Keil_v5\ARM\PACK\ARM\CMSIS-FreeRTOS\9.0.0\Source\portable\RVDS\ARM_CM3
  C:\Keil_v5\ARM\PACK\ARM\CMSIS\5.0.1\CMSIS\Include
  C:\Keil_v5\ARM\PACK\ARM\CMSIS\5.0.1\CMSIS\RTOS2\Include
  C:\Keil_v5\ARM\PACK\Keil\STM32F1xx_DFP\2.2.0\Device\Include
  C:\Keil_v5\ARM\PACK\Keil\STM32F1xx_DFP\2.2.0\Device\StdPeriph_Driver\inc

<h2>Collection of Component Files used:</h2>

   * Component: ::CMSIS:RTOS2:2.1.0 (API)
      Include file:  CMSIS\RTOS2\Include\cmsis_os2.h

   * Component: ARM::CMSIS:CORE:5.0.1

   * Component: ARM::CMSIS:RTOS2:FreeRTOS:9.0.0
      Source file:   CMSIS\RTOS2\FreeRTOS\Source\cmsis_os2.c
      Source file:   CMSIS\RTOS2\FreeRTOS\Source\ARM\clib_arm.c

   * Component: ARM.FreeRTOS::RTOS:Config:CMSIS RTOS2:9.0.0
      Include file:  CMSIS\RTOS2\FreeRTOS\Config\FreeRTOS_Tick_Config.h
      Source file:   CMSIS\RTOS2\FreeRTOS\Config\FreeRTOS_Tick_Config.c
      Include file:  CMSIS\RTOS2\FreeRTOS\Config\ARMCM\FreeRTOSConfig.h

   * Component: ARM.FreeRTOS::RTOS:Event Groups:9.0.0
      Include file:  Source\include\event_groups.h
      Source file:   Source\event_groups.c

   * Component: ARM.FreeRTOS::RTOS:Heap:Heap_5:9.0.0
      Source file:   Source\portable\MemMang\heap_5.c

   * Component: ARM.FreeRTOS::RTOS:Core:9.0.0
      Source file:   CMSIS\RTOS2\FreeRTOS\Source\freertos_evr.c
      Include file:  CMSIS\RTOS2\FreeRTOS\Include\freertos_evr.h
      Source file:   Source\queue.c
      Source file:   Source\tasks.c
      Source file:   Source\list.c
      Include file:  Source\include\task.h
      Source file:   Source\portable\RVDS\ARM_CM3\port.c
      Include file:  Source\include\queue.h
      Include file:  Source\include\semphr.h
      Include file:  Source\include\FreeRTOS.h

   * Component: ARM.FreeRTOS::RTOS:Timers:9.0.0
      Include file:  Source\include\timers.h
      Source file:   Source\timers.c

   * Component: Keil::Device:StdPeriph Drivers:DMA:3.5.0
      Source file:   Device\StdPeriph_Driver\src\stm32f10x_dma.c
      Include file:  Device\StdPeriph_Driver\inc\stm32f10x_dma.h

   * Component: Keil::Device:StdPeriph Drivers:I2C:3.5.0
      Include file:  Device\StdPeriph_Driver\inc\stm32f10x_i2c.h
      Source file:   Device\StdPeriph_Driver\src\stm32f10x_i2c.c

   * Component: Keil::Device:StdPeriph Drivers:GPIO:3.5.0
      Source file:   Device\StdPeriph_Driver\src\stm32f10x_gpio.c
      Include file:  Device\StdPeriph_Driver\inc\stm32f10x_gpio.h

   * Component: Keil::Device:StdPeriph Drivers:RCC:3.5.0
      Include file:  Device\StdPeriph_Driver\inc\stm32f10x_rcc.h
      Source file:   Device\StdPeriph_Driver\src\stm32f10x_rcc.c

   * Component: Keil::Device:StdPeriph Drivers:Framework:3.5.1
      Include file:  Device\StdPeriph_Driver\inc\misc.h
      Source file:   Device\StdPeriph_Driver\templates\stm32f10x_conf.h
      Include file:  Device\StdPeriph_Driver\templates\stm32f10x_it.h
      Source file:   Device\StdPeriph_Driver\templates\stm32f10x_it.c
      Source file:   Device\StdPeriph_Driver\src\misc.c

   * Component: Keil::Device:Startup:1.0.0
      Source file:   Device\Source\ARM\STM32F1xx_OPT.s
      Source file:   Device\Source\system_stm32f10x.c
      Include file:  RTE_Driver\Config\RTE_Device.h
      Source file:   Device\Source\ARM\startup_stm32f10x_md.s

   * Component: Keil::Device:StdPeriph Drivers:SPI:3.5.0
      Include file:  Device\StdPeriph_Driver\inc\stm32f10x_spi.h
      Source file:   Device\StdPeriph_Driver\src\stm32f10x_spi.c

   * Component: Keil::Device:StdPeriph Drivers:TIM:3.5.0
      Source file:   Device\StdPeriph_Driver\src\stm32f10x_tim.c
      Include file:  Device\StdPeriph_Driver\inc\stm32f10x_tim.h
</pre>
</body>
</html>
