Component: ARM Compiler 5.06 update 6 (build 750) Tool: armlink [4d35ed]

==============================================================================

Section Cross References

    main.o(i.Init) refers to sys_core.o(i.SYS_Init) for SYS_Init
    main.o(i.Init) refers to stable.o(i.Stable_Init) for Stable_Init
    main.o(i.Init) refers to tasks.o(i.vTaskDelete) for vTaskDelete
    main.o(i.main) refers to tasks.o(i.xTaskCreate) for xTaskCreate
    main.o(i.main) refers to tasks.o(i.vTaskStartScheduler) for vTaskStartScheduler
    main.o(i.main) refers to main.o(i.Init) for Init
    stable.o(i.D3D2) refers to tasks.o(i.uxTaskGetStackHighWaterMark) for uxTaskGetStackHighWaterMark
    stable.o(i.D3D2) refers to tasks.o(i.vTaskSuspendAll) for vTaskSuspendAll
    stable.o(i.D3D2) refers to faddsub_clz.o(x$fpl$fadd) for __aeabi_fadd
    stable.o(i.D3D2) refers to ffix.o(x$fpl$ffix) for __aeabi_f2iz
    stable.o(i.D3D2) refers to stable.o(i.zLine_Midpoint) for zLine_Midpoint
    stable.o(i.D3D2) refers to f2d.o(x$fpl$f2d) for __aeabi_f2d
    stable.o(i.D3D2) refers to acos.o(i.acos) for acos
    stable.o(i.D3D2) refers to dmul.o(x$fpl$dmul) for __aeabi_dmul
    stable.o(i.D3D2) refers to d2f.o(x$fpl$d2f) for __aeabi_d2f
    stable.o(i.D3D2) refers to fdiv.o(x$fpl$fdiv) for __aeabi_fdiv
    stable.o(i.D3D2) refers to sin.o(i.sin) for sin
    stable.o(i.D3D2) refers to stable.o(i.turn) for turn
    stable.o(i.D3D2) refers to stable.o(.data) for temp2
    stable.o(i.D3D2) refers to stable.o(.bss) for p1
    stable.o(i.D3D2) refers to tasks.o(i.xTaskResumeAll) for xTaskResumeAll
    stable.o(i.D3D2) refers to tasks.o(i.vTaskDelay) for vTaskDelay
    stable.o(i.Stable_Init) refers to sys_memory.o(i.SYS_CallHEAP) for SYS_CallHEAP
    stable.o(i.Stable_Init) refers to tasks.o(i.xTaskCreate) for xTaskCreate
    stable.o(i.Stable_Init) refers to stable.o(.data) for MENID
    stable.o(i.Stable_Init) refers to stable.o(i.Stable_OpenDevices) for Stable_OpenDevices
    stable.o(i.Stable_OpenDevices) refers to sys_device.o(i.SYS_DEV_CREAT) for SYS_DEV_CREAT
    stable.o(i.Stable_OpenDevices) refers to sys_device.o(i.SYS_DEV_OPEN) for SYS_DEV_OPEN
    stable.o(i.Stable_OpenDevices) refers to stable.o(i.stable) for stable
    stable.o(i.Stable_OpenDevices) refers to stable.o(.data) for SChandle
    stable.o(i.stable) refers to tasks.o(i.xTaskCreate) for xTaskCreate
    stable.o(i.stable) refers to sys_device.o(i.SYS_DEV_CONTROL) for SYS_DEV_CONTROL
    stable.o(i.stable) refers to ahrs.o(i.IMUupdate3) for IMUupdate3
    stable.o(i.stable) refers to tasks.o(i.vTaskDelay) for vTaskDelay
    stable.o(i.stable) refers to stable.o(i.D3D2) for D3D2
    stable.o(i.stable) refers to stable.o(.bss) for AGBuff
    stable.o(i.stable) refers to stable.o(.data) for AGhandle
    stable.o(i.turn) refers to rt_memclr_w.o(.text) for __aeabi_memclr4
    stable.o(i.turn) refers to cosf.o(i.cosf) for cosf
    stable.o(i.turn) refers to faddsub_clz.o(x$fpl$frsb) for __aeabi_frsub
    stable.o(i.turn) refers to fmul.o(x$fpl$fmul) for __aeabi_fmul
    stable.o(i.turn) refers to faddsub_clz.o(x$fpl$fadd) for __aeabi_fadd
    stable.o(i.turn) refers to sinf.o(i.sinf) for sinf
    stable.o(i.turn) refers to faddsub_clz.o(x$fpl$fsub) for __aeabi_fsub
    stable.o(i.zLine_Midpoint) refers to sys_device.o(i.SYS_DEV_CONTROL) for SYS_DEV_CONTROL
    stable.o(i.zLine_Midpoint) refers to stable.o(.data) for SChandle
    sys_core.o(i.SYS_Init) refers to sys_memory.o(i.SYS_MemoryInit) for SYS_MemoryInit
    sys_core.o(i.SYS_Init) refers to sys_driver.o(i.SYS_DRI_Init) for SYS_DRI_Init
    sys_device.o(i.SYS_DEV_CLOSE) refers to sys_device.o(i.SYS_DEV_ChangeState) for SYS_DEV_ChangeState
    sys_device.o(i.SYS_DEV_CREAT) refers to sys_driver.o(i.SYS_DRI_ReturnDriverList) for SYS_DRI_ReturnDriverList
    sys_device.o(i.SYS_DEV_CREAT) refers to strcmpv7m.o(.text) for strcmp
    sys_device.o(i.SYS_DEV_CREAT) refers to sys_memory.o(i.SYS_CallMem) for SYS_CallMem
    sys_device.o(i.SYS_DEV_FindNULLDeviceTree) refers to sys_memory.o(i.SYS_CallMem) for SYS_CallMem
    sys_device.o(i.SYS_DEV_FindNULLDeviceTree) refers to strcmpv7m.o(.text) for strcmp
    sys_device.o(i.SYS_DEV_FindNULLDeviceTree) refers to sys_device.o(.data) for DeviceTypeTree
    sys_device.o(i.SYS_DEV_OPEN) refers to strcmpv7m.o(.text) for strcmp
    sys_device.o(i.SYS_DEV_OPEN) refers to sys_device.o(.data) for DeviceTypeTree
    sys_driver.o(i.SYS_DRI_Init) refers to tft_ili9341.o(i.TFT_ILI9341_REG) for TFT_ILI9341_REG
    sys_driver.o(i.SYS_DRI_Init) refers to mpu6050.o(i.MPU_6050_REG) for MPU_6050_REG
    sys_driver.o(i.SYS_DRI_RegisterDevice) refers to sys_device.o(i.SYS_DEV_FindNULLDeviceTree) for SYS_DEV_FindNULLDeviceTree
    sys_driver.o(i.SYS_DRI_RegisterDevice) refers to sys_memory.o(i.SYS_CallMem) for SYS_CallMem
    sys_driver.o(i.SYS_DRI_RegisterDriver) refers to sys_memory.o(i.SYS_CallMem) for SYS_CallMem
[...]
    os_libspace_id                           0x200053e4   Data          16  clib_arm.o(.bss)
    .bss                                     0x200053f4   Section     1016  cmsis_os2.o(.bss)
    Idle_TCB                                 0x200053f4   Data          92  cmsis_os2.o(.bss)
    Idle_Stack                               0x20005450   Data         512  cmsis_os2.o(.bss)
    Timer_TCB                                0x20005650   Data          92  cmsis_os2.o(.bss)
    Timer_Stack                              0x200056ac   Data         320  cmsis_os2.o(.bss)
    .bss                                     0x200057ec   Section     8192  heap_4.o(.bss)
    ucHeap                                   0x200057ec   Data        8192  heap_4.o(.bss)
    .bss                                     0x200077ec   Section     1220  tasks.o(.bss)
    pxReadyTasksLists                        0x200077ec   Data        1120  tasks.o(.bss)
    xDelayedTaskList1                        0x20007c4c   Data          20  tasks.o(.bss)
    xDelayedTaskList2                        0x20007c60   Data          20  tasks.o(.bss)
    xPendingReadyList                        0x20007c74   Data          20  tasks.o(.bss)
    xTasksWaitingTermination                 0x20007c88   Data          20  tasks.o(.bss)
    xSuspendedTaskList                       0x20007c9c   Data          20  tasks.o(.bss)
    .bss                                     0x20007cb0   Section      200  timers.o(.bss)
    xActiveTimerList1                        0x20007cb0   Data          20  timers.o(.bss)
    xActiveTimerList2                        0x20007cc4   Data          20  timers.o(.bss)
    xStaticTimerQueue                        0x20007cd8   Data          80  timers.o(.bss)
    ucStaticTimerQueueStorage                0x20007d28   Data          80  timers.o(.bss)
    .bss                                     0x20007d78   Section       96  libspace.o(.bss)
    HEAP                                     0x20007dd8   Section      512  startup_stm32f10x_hd.o(HEAP)
    Heap_Mem                                 0x20007dd8   Data         512  startup_stm32f10x_hd.o(HEAP)
    STACK                                    0x20007fd8   Section     1024  startup_stm32f10x_hd.o(STACK)
    Stack_Mem                                0x20007fd8   Data        1024  startup_stm32f10x_hd.o(STACK)
    __initial_sp                             0x200083d8   Data           0  startup_stm32f10x_hd.o(STACK)

    Global Symbols

    Symbol Name                              Value     Ov Type        Size  Object(Section)

    BuildAttributes$$THM_ISAv4$P$D$K$B$S$PE$A:L22UL41UL21$X:L11$S22US41US21$IEEE1$IW$USESV6$~STKCKD$USESV7$~SHL$OTIME$ROPI$IEEEX$EBA8$UX$STANDARDLIB$REQ8$PRES8$EABIv2 0x00000000   Number         0  anon$$obj.o ABSOLUTE
    __ARM_use_no_argv                        0x00000000   Number         0  main.o ABSOLUTE
    __ARM_exceptions_init                     - Undefined Weak Reference
    __alloca_initialize                       - Undefined Weak Reference
    __arm_preinit_                            - Undefined Weak Reference
    __cpp_initialize__aeabi_                  - Undefined Weak Reference
    __cxa_finalize                            - Undefined Weak Reference
    __rt_locale                               - Undefined Weak Reference
    __sigvec_lookup                           - Undefined Weak Reference
    __user_heap_extent                        - Undefined Weak Reference
    _atexit_init                              - Undefined Weak Reference
    _call_atexit_fns                          - Undefined Weak Reference
    _clock_init                               - Undefined Weak Reference
    _fp_trap_init                             - Undefined Weak Reference
    _fp_trap_shutdown                         - Undefined Weak Reference
    _get_lc_collate                           - Undefined Weak Reference
    _get_lc_ctype                             - Undefined Weak Reference
    _get_lc_monetary                          - Undefined Weak Reference
    _get_lc_numeric                           - Undefined Weak Reference
    _get_lc_time                              - Undefined Weak Reference
    _getenv_init                              - Undefined Weak Reference
    _handle_redirection                       - Undefined Weak Reference
    _initio                                   - Undefined Weak Reference
    _rand_init                                - Undefined Weak Reference
    _signal_finish                            - Undefined Weak Reference
    _signal_init                              - Undefined Weak Reference
    _terminateio                              - Undefined Weak Reference
    __Vectors_Size                           0x00000130   Number         0  startup_stm32f10x_hd.o ABSOLUTE
    __Vectors                                0x08000000   Data           4  startup_stm32f10x_hd.o(RESET)
    __Vectors_End                            0x08000130   Data           0  startup_stm32f10x_hd.o(RESET)
    __main                                   0x08000131   Thumb Code     8  __main.o(!!!main)
    __scatterload                            0x08000139   Thumb Code     0  __scatter.o(!!!scatter)
    __scatterload_rt2                        0x08000139   Thumb Code    44  __scatter.o(!!!scatter)
    __scatterload_rt2_thumb_only             0x08000139   Thumb Code     0  __scatter.o(!!!scatter)
    __scatterload_null                       0x08000147   Thumb Code     0  __scatter.o(!!!scatter)
    __decompress                             0x0800016d   Thumb Code    90  __dczerorl2.o(!!dczerorl2)
    __decompress1                            0x0800016d   Thumb Code     0  __dczerorl2.o(!!dczerorl2)
    __scatterload_zeroinit                   0x080001c9   Thumb Code    28  __scatter_zi.o(!!handler_zi)
    __rt_lib_init                            0x080001e5   Thumb Code     0  libinit.o(.ARM.Collect$$libinit$$00000000)
    __rt_lib_init_alloca_1                   0x080001e7   Thumb Code     0  libinit2.o(.ARM.Collect$$libinit$$0000002E)
    __rt_lib_init_argv_1                     0x080001e7   Thumb Code     0  libinit2.o(.ARM.Collect$$libinit$$0000002C)
    __rt_lib_init_atexit_1                   0x080001e7   Thumb Code     0  libinit2.o(.ARM.Collect$$libinit$$0000001B)
    __rt_lib_init_clock_1                    0x080001e7   Thumb Code     0  libinit2.o(.ARM.Collect$$libinit$$00000021)
    __rt_lib_init_cpp_1                      0x080001e7   Thumb Code     0  libinit2.o(.ARM.Collect$$libinit$$00000032)
    __rt_lib_init_exceptions_1               0x080001e7   Thumb Code     0  libinit2.o(.ARM.Collect$$libinit$$00000030)
    __rt_lib_init_fp_1                       0x080001e7   Thumb Code     0  libinit2.o(.ARM.Collect$$libinit$$00000002)
    __rt_lib_init_fp_trap_1                  0x080001e7   Thumb Code     0  libinit2.o(.ARM.Collect$$libinit$$0000001F)
    __rt_lib_init_getenv_1                   0x080001e7   Thumb Code     0  libinit2.o(.ARM.Collect$$libinit$$00000023)
    __rt_lib_init_heap_1                     0x080001e7   Thumb Code     0  libinit2.o(.ARM.Collect$$libinit$$0000000A)
    __rt_lib_init_lc_collate_1               0x080001e7   Thumb Code     0  libinit2.o(.ARM.Collect$$libinit$$00000011)
    __rt_lib_init_lc_ctype_1                 0x080001e7   Thumb Code     0  libinit2.o(.ARM.Collect$$libinit$$00000013)
    __rt_lib_init_lc_monetary_1              0x080001e7   Thumb Code     0  libinit2.o(.ARM.Collect$$libinit$$00000015)
    __rt_lib_init_lc_numeric_1               0x080001e7   Thumb Code     0  libinit2.o(.ARM.Collect$$libinit$$00000017)
    __rt_lib_init_lc_time_1                  0x080001e7   Thumb Code     0  libinit2.o(.ARM.Collect$$libinit$$00000019)
    __rt_lib_init_preinit_1                  0x080001e7   Thumb Code     0  libinit2.o(.ARM.Collect$$libinit$$00000004)
    __rt_lib_init_rand_1                     0x080001e7   Thumb Code     0  libinit2.o(.ARM.Collect$$libinit$$0000000E)
    __rt_lib_init_return                     0x080001e7   Thumb Code     0  libinit2.o(.ARM.Collect$$libinit$$00000033)
    __rt_lib_init_signal_1                   0x080001e7   Thumb Code     0  libinit2.o(.ARM.Collect$$libinit$$0000001D)
    __rt_lib_init_stdio_1                    0x080001e7   Thumb Code     0  libinit2.o(.ARM.Collect$$libinit$$00000025)
    __rt_lib_init_user_alloc_1               0x080001e7   Thumb Code     0  libinit2.o(.ARM.Collect$$libinit$$0000000C)
    __rt_lib_shutdown                        0x080001e9   Thumb Code     0  libshutdown.o(.ARM.Collect$$libshutdown$$00000000)
    __rt_lib_shutdown_cpp_1                  0x080001eb   Thumb Code     0  libshutdown2.o(.ARM.Collect$$libshutdown$$00000002)
    __rt_lib_shutdown_fp_trap_1              0x080001eb   Thumb Code     0  libshutdown2.o(.ARM.Collect$$libshutdown$$00000007)
    __rt_lib_shutdown_heap_1                 0x080001eb   Thumb Code     0  libshutdown2.o(.ARM.Collect$$libshutdown$$0000000F)
    __rt_lib_shutdown_return                 0x080001eb   Thumb Code     0  libshutdown2.o(.ARM.Collect$$libshutdown$$00000010)
    __rt_lib_shutdown_signal_1               0x080001eb   Thumb Code     0  libshutdown2.o(.ARM.Collect$$libshutdown$$0000000A)
    __rt_lib_shutdown_stdio_1                0x080001eb   Thumb Code     0  libshutdown2.o(.ARM.Collect$$libshutdown$$00000004)
    __rt_lib_shutdown_user_alloc_1           0x080001eb   Thumb Code     0  libshutdown2.o(.ARM.Collect$$libshutdown$$0000000C)
    __rt_entry                               0x080001ed   Thumb Code     0  __rtentry.o(.ARM.Collect$$rtentry$$00000000)
    __rt_entry_presh_1                       0x080001ed   Thumb Code     0  __rtentry2.o(.ARM.Collect$$rtentry$$00000002)
    __rt_entry_sh                            0x080001ed   Thumb Code     0  __rtentry4.o(.ARM.Collect$$rtentry$$00000004)
    __rt_entry_postsh_1                      0x080001f3   Thumb Code     0  __rtentry2.o(.ARM.Collect$$rtentry$$00000008)
    __rt_entry_li                            0x080001fb   Thumb Code     0  __rtentry2.o(.ARM.Collect$$rtentry$$0000000A)
    __rt_entry_main                          0x080001ff   Thumb Code     0  __rtentry2.o(.ARM.Collect$$rtentry$$0000000D)
    __rt_entry_postli_1                      0x080001ff   Thumb Code     0  __rtentry2.o(.ARM.Collect$$rtentry$$0000000C)
    __rt_exit                                0x08000207   Thumb Code     0  rtexit.o(.ARM.Collect$$rtexit$$00000000)
    __rt_exit_ls                             0x08000209   Thumb Code     0  rtexit2.o(.ARM.Collect$$rtexit$$00000003)
    __rt_exit_prels_1                        0x08000209   Thumb Code     0  rtexit2.o(.ARM.Collect$$rtexit$$00000002)
    __rt_exit_exit                           0x0800020d   Thumb Code     0  rtexit2.o(.ARM.Collect$$rtexit$$00000004)
    SVC_Handler                              0x08000215   Thumb Code    32  port.o(.emb_text)
    __asm___6_port_c_39a90d8d__prvStartFirstTask 0x08000239   Thumb Code    28  port.o(.emb_text)
    PendSV_Handler                           0x08000259   Thumb Code    72  port.o(.emb_text)
    vPortGetIPSR                             0x080002a5   Thumb Code     6  port.o(.emb_text)
    Reset_Handler                            0x080002ad   Thumb Code     8  startup_stm32f10x_hd.o(.text)
    NMI_Handler                              0x080002b5   Thumb Code     2  startup_stm32f10x_hd.o(.text)
    HardFault_Handler                        0x080002b7   Thumb Code     2  startup_stm32f10x_hd.o(.text)
    MemManage_Handler                        0x080002b9   Thumb Code     2  startup_stm32f10x_hd.o(.text)
    BusFault_Handler                         0x080002bb   Thumb Code     2  startup_stm32f10x_hd.o(.text)
    UsageFault_Handler                       0x080002bd   Thumb Code     2  startup_stm32f10x_hd.o(.text)
    DebugMon_Handler                         0x080002c1   Thumb Code     2  startup_stm32f10x_hd.o(.text)
    ADC1_2_IRQHandler                        0x080002c7   Thumb Code     0  startup_stm32f10x_hd.o(.text)
    ADC3_IRQHandler                          0x080002c7   Thumb Code     0  startup_stm32f10x_hd.o(.text)
    CAN1_RX1_IRQHandler                      0x080002c7   Thumb Code     0  startup_stm32f10x_hd.o(.text)
    CAN1_SCE_IRQHandler                      0x080002c7   Thumb Code     0  startup_stm32f10x_hd.o(.text)
    DMA1_Channel1_IRQHandler                 0x080002c7   Thumb Code     0  startup_stm32f10x_hd.o(.text)
    DMA1_Channel2_IRQHandler                 0x080002c7   Thumb Code     0  startup_stm32f10x_hd.o(.text)
    DMA1_Channel3_IRQHandler                 0x080002c7   Thumb Code     0  startup_stm32f10x_hd.o(.text)
    DMA1_Channel4_IRQHandler                 0x080002c7   Thumb Code     0  startup_stm32f10x_hd.o(.text)
    DMA1_Channel5_IRQHandler                 0x080002c7   Thumb Code     0  startup_stm32f10x_hd.o(.text)
    DMA1_Channel6_IRQHandler                 0x080002c7   Thumb Code     0  startup_stm32f10x_hd.o(.text)
    DMA1_Channel7_IRQHandler                 0x080002c7   Thumb Code     0  startup_stm32f10x_hd.o(.text)
    DMA2_Channel1_IRQHandler                 0x080002c7   Thumb Code     0  startup_stm32f10x_hd.o(.text)
    DMA2_Channel2_IRQHandler                 0x080002c7   Thumb Code     0  startup_stm32f10x_hd.o(.text)
    DMA2_Channel3_IRQHandler                 0x080002c7   Thumb Code     0  startup_stm32f10x_hd.o(.text)
    DMA2_Channel4_5_IRQHandler               0x080002c7   Thumb Code     0  startup_stm32f10x_hd.o(.text)
    EXTI0_IRQHandler                         0x080002c7   Thumb Code     0  startup_stm32f10x_hd.o(.text)
    EXTI15_10_IRQHandler                     0x080002c7   Thumb Code     0  startup_stm32f10x_hd.o(.text)
    EXTI1_IRQHandler                         0x080002c7   Thumb Code     0  startup_stm32f10x_hd.o(.text)
    EXTI2_IRQHandler                         0x080002c7   Thumb Code     0  startup_stm32f10x_hd.o(.text)
    EXTI3_IRQHandler                         0x080002c7   Thumb Code     0  startup_stm32f10x_hd.o(.text)
    EXTI4_IRQHandler                         0x080002c7   Thumb Code     0  startup_stm32f10x_hd.o(.text)
    EXTI9_5_IRQHandler                       0x080002c7   Thumb Code     0  startup_stm32f10x_hd.o(.text)
    FLASH_IRQHandler                         0x080002c7   Thumb Code     0  startup_stm32f10x_hd.o(.text)
    FSMC_IRQHandler                          0x080002c7   Thumb Code     0  startup_stm32f10x_hd.o(.text)
    I2C1_ER_IRQHandler                       0x080002c7   Thumb Code     0  startup_stm32f10x_hd.o(.text)
    I2C1_EV_IRQHandler                       0x080002c7   Thumb Code     0  startup_stm32f10x_hd.o(.text)
    I2C2_ER_IRQHandler                       0x080002c7   Thumb Code     0  startup_stm32f10x_hd.o(.text)
    I2C2_EV_IRQHandler                       0x080002c7   Thumb Code     0  startup_stm32f10x_hd.o(.text)
    PVD_IRQHandler                           0x080002c7   Thumb Code     0  startup_stm32f10x_hd.o(.text)
    RCC_IRQHandler                           0x080002c7   Thumb Code     0  startup_stm32f10x_hd.o(.text)
    RTCAlarm_IRQHandler                      0x080002c7   Thumb Code     0  startup_stm32f10x_hd.o(.text)
    RTC_IRQHandler                           0x080002c7   Thumb Code     0  startup_stm32f10x_hd.o(.text)
    SDIO_IRQHandler                          0x080002c7   Thumb Code     0  startup_stm32f10x_hd.o(.text)
    SPI1_IRQHandler                          0x080002c7   Thumb Code     0  startup_stm32f10x_hd.o(.text)
    SPI2_IRQHandler                          0x080002c7   Thumb Code     0  startup_stm32f10x_hd.o(.text)
    SPI3_IRQHandler                          0x080002c7   Thumb Code     0  startup_stm32f10x_hd.o(.text)
    TAMPER_IRQHandler                        0x080002c7   Thumb Code     0  startup_stm32f10x_hd.o(.text)
    TIM1_BRK_IRQHandler                      0x080002c7   Thumb Code     0  startup_stm32f10x_hd.o(.text)
    TIM1_CC_IRQHandler                       0x080002c7   Thumb Code     0  startup_stm32f10x_hd.o(.text)
    TIM1_TRG_COM_IRQHandler                  0x080002c7   Thumb Code     0  startup_stm32f10x_hd.o(.text)
    TIM2_IRQHandler                          0x080002c7   Thumb Code     0  startup_stm32f10x_hd.o(.text)
    TIM3_IRQHandler                          0x080002c7   Thumb Code     0  startup_stm32f10x_hd.o(.text)
    TIM4_IRQHandler                          0x080002c7   Thumb Code     0  startup_stm32f10x_hd.o(.text)
    TIM5_IRQHandler                          0x080002c7   Thumb Code     0  startup_stm32f10x_hd.o(.text)
    TIM6_IRQHandler                          0x080002c7   Thumb Code     0  startup_stm32f10x_hd.o(.text)
    TIM7_IRQHandler                          0x080002c7   Thumb Code     0  startup_stm32f10x_hd.o(.text)
    TIM8_BRK_IRQHandler                      0x080002c7   Thumb Code     0  startup_stm32f10x_hd.o(.text)
    TIM8_CC_IRQHandler                       0x080002c7   Thumb Code     0  startup_stm32f10x_hd.o(.text)
    TIM8_TRG_COM_IRQHandler                  0x080002c7   Thumb Code     0  startup_stm32f10x_hd.o(.text)
    TIM8_UP_IRQHandler                       0x080002c7   Thumb Code     0  startup_stm32f10x_hd.o(.text)
    UART4_IRQHandler                         0x080002c7   Thumb Code     0  startup_stm32f10x_hd.o(.text)
    UART5_IRQHandler                         0x080002c7   Thumb Code     0  startup_stm32f10x_hd.o(.text)
    USART1_IRQHandler                        0x080002c7   Thumb Code     0  startup_stm32f10x_hd.o(.text)
    USART2_IRQHandler                        0x080002c7   Thumb Code     0  startup_stm32f10x_hd.o(.text)
    USART3_IRQHandler                        0x080002c7   Thumb Code     0  startup_stm32f10x_hd.o(.text)
    USBWakeUp_IRQHandler                     0x080002c7   Thumb Code     0  startup_stm32f10x_hd.o(.text)
    USB_HP_CAN1_TX_IRQHandler                0x080002c7   Thumb Code     0  startup_stm32f10x_hd.o(.text)
    USB_LP_CAN1_RX0_IRQHandler               0x080002c7   Thumb Code     0  startup_stm32f10x_hd.o(.text)
    WWDG_IRQHandler                          0x080002c7   Thumb Code     0  startup_stm32f10x_hd.o(.text)
    __user_initial_stackheap                 0x080002c9   Thumb Code     0  startup_stm32f10x_hd.o(.text)
    __aeabi_memcpy                           0x080002ed   Thumb Code     0  rt_memcpy_v6.o(.text)
    __rt_memcpy                              0x080002ed   Thumb Code   138  rt_memcpy_v6.o(.text)
    _memcpy_lastbytes                        0x08000353   Thumb Code     0  rt_memcpy_v6.o(.text)
    __aeabi_memcpy4                          0x08000377   Thumb Code     0  rt_memcpy_w.o(.text)
    __aeabi_memcpy8                          0x08000377   Thumb Code     0  rt_memcpy_w.o(.text)
    __rt_memcpy_w                            0x08000377   Thumb Code   100  rt_memcpy_w.o(.text)
    _memcpy_lastbytes_aligned                0x080003bf   Thumb Code     0  rt_memcpy_w.o(.text)
    __aeabi_memset                           0x080003db   Thumb Code    16  aeabi_memset.o(.text)
    __aeabi_memclr4                          0x080003eb   Thumb Code     0  rt_memclr_w.o(.text)
    __aeabi_memclr8                          0x080003eb   Thumb Code     0  rt_memclr_w.o(.text)
    __rt_memclr_w                            0x080003eb   Thumb Code    78  rt_memclr_w.o(.text)
    _memset_w                                0x080003ef   Thumb Code     0  rt_memclr_w.o(.text)
    strcmp                                   0x08000439   Thumb Code   128  strcmpv7m.o(.text)
    __use_two_region_memory                  0x080004b9   Thumb Code     2  heapauxi.o(.text)
    __rt_heap_escrow                         0x080004bb   Thumb Code     2  heapauxi.o(.text)
    __rt_heap_expand                         0x080004bd   Thumb Code     2  heapauxi.o(.text)
    __read_errno                             0x080004bf   Thumb Code    10  _rserrno.o(.text)
    __set_errno                              0x080004c9   Thumb Code    12  _rserrno.o(.text)
    __aeabi_memclr                           0x080004d5   Thumb Code     0  rt_memclr.o(.text)
    __rt_memclr                              0x080004d5   Thumb Code    68  rt_memclr.o(.text)
    _memset                                  0x080004d9   Thumb Code     0  rt_memclr.o(.text)
    __user_libspace                          0x08000519   Thumb Code     8  libspace.o(.text)
    __user_perproc_libspace                  0x08000519   Thumb Code     0  libspace.o(.text)
    __aeabi_errno_addr                       0x08000521   Thumb Code     4  rt_errno_addr_twolibspace.o(.text)
    __errno$twolibspace                      0x08000521   Thumb Code     0  rt_errno_addr_twolibspace.o(.text)
    __rt_errno_addr$twolibspace              0x08000521   Thumb Code     0  rt_errno_addr_twolibspace.o(.text)
    __user_setup_stackheap                   0x08000525   Thumb Code    74  sys_stackheap_outer.o(.text)
    exit                                     0x0800056f   Thumb Code    18  exit.o(.text)
    _sys_exit                                0x08000581   Thumb Code     8  sys_exit.o(.text)
    __I$use$semihosting                      0x0800058d   Thumb Code     0  use_no_semi.o(.text)
    __use_no_semihosting_swi                 0x0800058d   Thumb Code     2  use_no_semi.o(.text)
    __semihosting_library_function           0x0800058f   Thumb Code     0  indicate_semi.o(.text)
    BrushlessMotor_SVPWM                     0x08000591   Thumb Code  1834  brushlessmotor.o(i.BrushlessMotor_SVPWM)
    D3D2                                     0x08000ce1   Thumb Code  1754  stable.o(i.D3D2)
    GPIO_Init                                0x080013d9   Thumb Code   278  stm32f10x_gpio.o(i.GPIO_Init)
    GPIO_ResetBits                           0x080014ef   Thumb Code     4  stm32f10x_gpio.o(i.GPIO_ResetBits)
    GPIO_SetBits                             0x080014f3   Thumb Code     4  stm32f10x_gpio.o(i.GPIO_SetBits)
    Get_ACCEL                                0x080014f7   Thumb Code    88  mpu6050.o(i.Get_ACCEL)
    Get_ACCEL_GYRO                           0x0800154f   Thumb Code    86  mpu6050.o(i.Get_ACCEL_GYRO)
    Get_GYRO                                 0x080015a5   Thumb Code   124  mpu6050.o(i.Get_GYRO)
    IMUupdate3                               0x08001631   Thumb Code  1320  ahrs.o(i.IMUupdate3)
    Init                                     0x08001b61   Thumb Code    18  main.o(i.Init)
    InvSqrt                                  0x08001b75   Thumb Code    70  ahrs.o(i.InvSqrt)
    MPU6050_I2C_BufferRead                   0x08001bc1   Thumb Code   296  mpu6050.o(i.MPU6050_I2C_BufferRead)
    MPU6050_I2C_ByteWrite                    0x08001ced   Thumb Code   198  mpu6050.o(i.MPU6050_I2C_ByteWrite)
    MPU6050_I2C_ERROR                        0x08001db9   Thumb Code     6  mpu6050.o(i.MPU6050_I2C_ERROR)
    MPU_6050_CLOSE                           0x08001dc5   Thumb Code     4  mpu6050.o(i.MPU_6050_CLOSE)
    MPU_6050_CONTROL                         0x08001dc9   Thumb Code   156  mpu6050.o(i.MPU_6050_CONTROL)
    MPU_6050_FixZero                         0x08001e65   Thumb Code   208  mpu6050.o(i.MPU_6050_FixZero)
    MPU_6050_INIT                            0x08001f49   Thumb Code   164  mpu6050.o(i.MPU_6050_INIT)
    MPU_6050_OPEN                            0x08001ff9   Thumb Code    54  mpu6050.o(i.MPU_6050_OPEN)
    MPU_6050_REG                             0x08002031   Thumb Code    60  mpu6050.o(i.MPU_6050_REG)
    MYI2C_Ack                                0x080020a1   Thumb Code    54  sys_i2c.o(i.MYI2C_Ack)
    MYI2C_Check                              0x080020d7   Thumb Code    78  sys_i2c.o(i.MYI2C_Check)
    MYI2C_GenerateSTART                      0x08002125   Thumb Code    34  sys_i2c.o(i.MYI2C_GenerateSTART)
    MYI2C_GenerateSTOP                       0x08002147   Thumb Code    44  sys_i2c.o(i.MYI2C_GenerateSTOP)
    MYI2C_Init                               0x08002175   Thumb Code   164  sys_i2c.o(i.MYI2C_Init)
    MYI2C_Nack                               0x08002221   Thumb Code    44  sys_i2c.o(i.MYI2C_Nack)
    MYI2C_Read8bit                           0x0800224d   Thumb Code    82  sys_i2c.o(i.MYI2C_Read8bit)
    MYI2C_Send7bitAddress                    0x0800229f   Thumb Code    90  sys_i2c.o(i.MYI2C_Send7bitAddress)
    MYI2C_Write8bit                          0x080022f9   Thumb Code    80  sys_i2c.o(i.MYI2C_Write8bit)
    RCC_APB2PeriphClockCmd                   0x08002349   Thumb Code    26  stm32f10x_rcc.o(i.RCC_APB2PeriphClockCmd)
    RegisterDevice                           0x08002369   Thumb Code    50  mpu6050.o(i.RegisterDevice)
    SPI1_Init                                0x080023b1   Thumb Code   118  tft_ili9341.o(i.SPI1_Init)
    SPI_BaudRatePrescaler_datasize           0x08002435   Thumb Code    56  tft_ili9341.o(i.SPI_BaudRatePrescaler_datasize)
    SPI_Cmd                                  0x08002471   Thumb Code    24  stm32f10x_spi.o(i.SPI_Cmd)
    SPI_I2S_ITConfig                         0x08002489   Thumb Code    32  stm32f10x_spi.o(i.SPI_I2S_ITConfig)
    SPI_Init                                 0x080024a9   Thumb Code    60  stm32f10x_spi.o(i.SPI_Init)
    SYS_CallHEAP                             0x080024e5   Thumb Code    38  sys_memory.o(i.SYS_CallHEAP)
    SYS_CallMem                              0x08002511   Thumb Code   152  sys_memory.o(i.SYS_CallMem)
    SYS_DEV_CONTROL                          0x080025ad   Thumb Code    30  sys_device.o(i.SYS_DEV_CONTROL)
    SYS_DEV_CREAT                            0x080025cb   Thumb Code   108  sys_device.o(i.SYS_DEV_CREAT)
    SYS_DEV_ChangeState                      0x08002637   Thumb Code     6  sys_device.o(i.SYS_DEV_ChangeState)
    SYS_DEV_FindNULLDeviceTree               0x0800263d   Thumb Code   168  sys_device.o(i.SYS_DEV_FindNULLDeviceTree)
    SYS_DEV_GetState                         0x080026e9   Thumb Code     8  sys_device.o(i.SYS_DEV_GetState)
    SYS_DEV_OPEN                             0x080026f1   Thumb Code    92  sys_device.o(i.SYS_DEV_OPEN)
    SYS_DRI_Init                             0x08002751   Thumb Code    12  sys_driver.o(i.SYS_DRI_Init)
    SYS_DRI_RegisterDevice                   0x0800275d   Thumb Code    68  sys_driver.o(i.SYS_DRI_RegisterDevice)
    SYS_DRI_RegisterDriver                   0x080027a1   Thumb Code   110  sys_driver.o(i.SYS_DRI_RegisterDriver)
    SYS_DRI_ReturnDriverList                 0x08002815   Thumb Code     6  sys_driver.o(i.SYS_DRI_ReturnDriverList)
    SYS_Error                                0x08002821   Thumb Code     6  sys_memory.o(i.SYS_Error)
    SYS_FreeMem                              0x08002827   Thumb Code   178  sys_memory.o(i.SYS_FreeMem)
    SYS_Init                                 0x080028d9   Thumb Code    12  sys_core.o(i.SYS_Init)
    SYS_MemoryHEAPCall                       0x080028e5   Thumb Code   132  sys_memory.o(i.SYS_MemoryHEAPCall)
    SYS_MemoryIDChoose                       0x0800296d   Thumb Code   196  sys_memory.o(i.SYS_MemoryIDChoose)
    SYS_MemoryInit                           0x08002a35   Thumb Code   122  sys_memory.o(i.SYS_MemoryInit)
    SYS_Memory_MainMEN_Init                  0x08002ab5   Thumb Code     4  sys_memory.o(i.SYS_Memory_MainMEN_Init)
    Screen_DrawPoint                         0x08002abd   Thumb Code    40  tft_ili9341.o(i.Screen_DrawPoint)
    Screen_Drawrectangle                     0x08002ae5   Thumb Code   100  tft_ili9341.o(i.Screen_Drawrectangle)
    Screen_ReadPointColor                    0x08002b51   Thumb Code   118  tft_ili9341.o(i.Screen_ReadPointColor)
    Stable_Init                              0x08002cb5   Thumb Code    36  stable.o(i.Stable_Init)
    Stable_OpenDevices                       0x08002ce9   Thumb Code    94  stable.o(i.Stable_OpenDevices)
    SysTick_Handler                          0x08002d75   Thumb Code    14  cmsis_os2.o(i.SysTick_Handler)
    SystemInit                               0x08002d85   Thumb Code    78  system_stm32f10x.o(i.SystemInit)
    TFT_ILI9341_Address_set                  0x08002de5   Thumb Code    84  tft_ili9341.o(i.TFT_ILI9341_Address_set)
    TFT_ILI9341_CLOSE                        0x08002e39   Thumb Code     4  tft_ili9341.o(i.TFT_ILI9341_CLOSE)
    TFT_ILI9341_CONTROL                      0x08002e3d   Thumb Code    96  tft_ili9341.o(i.TFT_ILI9341_CONTROL)
    TFT_ILI9341_Init                         0x08002e9d   Thumb Code   686  tft_ili9341.o(i.TFT_ILI9341_Init)
    TFT_ILI9341_OPEN                         0x0800315d   Thumb Code    16  tft_ili9341.o(i.TFT_ILI9341_OPEN)
    TFT_ILI9341_REG                          0x0800316d   Thumb Code    60  tft_ili9341.o(i.TFT_ILI9341_REG)
    TFT_ILI9341_REG_DEV                      0x080031dd   Thumb Code    50  tft_ili9341.o(i.TFT_ILI9341_REG_DEV)
    TFT_ILI9341_ReadData_16bit               0x08003225   Thumb Code    56  tft_ili9341.o(i.TFT_ILI9341_ReadData_16bit)
    TFT_ILI9341_WriteCmd                     0x08003265   Thumb Code    36  tft_ili9341.o(i.TFT_ILI9341_WriteCmd)
    TFT_ILI9341_WriteData_16bit              0x08003291   Thumb Code    36  tft_ili9341.o(i.TFT_ILI9341_WriteData_16bit)
    TFT_ILI9341_WriteData_8bit               0x080032bd   Thumb Code    36  tft_ili9341.o(i.TFT_ILI9341_WriteData_8bit)
    TIM1_UP_IRQHandler                       0x080032e9   Thumb Code    36  brushlessmotor.o(i.TIM1_UP_IRQHandler)
    TIM_ClearFlag                            0x08003311   Thumb Code     6  stm32f10x_tim.o(i.TIM_ClearFlag)
    TIM_ITConfig                             0x08003317   Thumb Code    18  stm32f10x_tim.o(i.TIM_ITConfig)
    __ARM_fpclassify                         0x08003329   Thumb Code    40  fpclassify.o(i.__ARM_fpclassify)
    __ARM_fpclassifyf                        0x08003351   Thumb Code    38  fpclassifyf.o(i.__ARM_fpclassifyf)
    __ieee754_rem_pio2                       0x08003389   Thumb Code   828  rred.o(i.__ieee754_rem_pio2)
    __kernel_cos                             0x08003711   Thumb Code   230  cos_i.o(i.__kernel_cos)
    __kernel_poly                            0x0800380d   Thumb Code   170  poly.o(i.__kernel_poly)
    __kernel_sin                             0x080038b9   Thumb Code   224  sin_i.o(i.__kernel_sin)
    __mathlib_dbl_infnan                     0x080039a5   Thumb Code     6  dunder.o(i.__mathlib_dbl_infnan)
    __mathlib_dbl_invalid                    0x080039ab   Thumb Code    12  dunder.o(i.__mathlib_dbl_invalid)
    __mathlib_dbl_underflow                  0x080039b9   Thumb Code    10  dunder.o(i.__mathlib_dbl_underflow)
    __mathlib_flt_infnan                     0x080039c9   Thumb Code     6  funder.o(i.__mathlib_flt_infnan)
    __mathlib_flt_invalid                    0x080039cf   Thumb Code     8  funder.o(i.__mathlib_flt_invalid)
    __mathlib_flt_underflow                  0x080039d7   Thumb Code    10  funder.o(i.__mathlib_flt_underflow)
    __mathlib_rredf2                         0x080039e1   Thumb Code   344  rredf.o(i.__mathlib_rredf2)
    __user_perthread_libspace                0x08003b49   Thumb Code    88  clib_arm.o(i.__user_perthread_libspace)
    _mutex_acquire                           0x08003bad   Thumb Code    22  clib_arm.o(i._mutex_acquire)
    _mutex_free                              0x08003bc3   Thumb Code    12  clib_arm.o(i._mutex_free)
    _mutex_initialize                        0x08003bcf   Thumb Code    24  clib_arm.o(i._mutex_initialize)
    _mutex_release                           0x08003be7   Thumb Code    18  clib_arm.o(i._mutex_release)
    _platform_post_stackheap_init            0x08003bf9   Thumb Code     8  clib_arm.o(i._platform_post_stackheap_init)
    acos                                     0x08003c01   Thumb Code   574  acos.o(i.acos)
    cosf                                     0x08003e7d   Thumb Code   328  cosf.o(i.cosf)
    main                                     0x08003ff9   Thumb Code    30  main.o(i.main)
    osKernelGetState                         0x08004025   Thumb Code    48  cmsis_os2.o(i.osKernelGetState)
    osKernelInitialize                       0x08004059   Thumb Code    58  cmsis_os2.o(i.osKernelInitialize)
    osMutexAcquire                           0x08004099   Thumb Code   120  cmsis_os2.o(i.osMutexAcquire)
    osMutexDelete                            0x08004115   Thumb Code    60  cmsis_os2.o(i.osMutexDelete)
    osMutexNew                               0x08004155   Thumb Code   180  cmsis_os2.o(i.osMutexNew)
    osMutexRelease                           0x0800420d   Thumb Code   100  cmsis_os2.o(i.osMutexRelease)
    osThreadGetId                            0x08004275   Thumb Code    42  cmsis_os2.o(i.osThreadGetId)
    pvPortMalloc                             0x08004bc5   Thumb Code   188  heap_4.o(i.pvPortMalloc)
    pvTaskIncrementMutexHeldCount            0x08004c95   Thumb Code    26  tasks.o(i.pvTaskIncrementMutexHeldCount)
    pxPortInitialiseStack                    0x08004cb5   Thumb Code    30  port.o(i.pxPortInitialiseStack)
    sin                                      0x08004cd9   Thumb Code   150  sin.o(i.sin)
    sinf                                     0x08004d79   Thumb Code   338  sinf.o(i.sinf)
    sqrt                                     0x08004f01   Thumb Code    76  sqrt.o(i.sqrt)
    stable                                   0x08004f4d   Thumb Code    78  stable.o(i.stable)
    turn                                     0x08004fb5   Thumb Code   698  stable.o(i.turn)
    uxListRemove                             0x0800526f   Thumb Code    40  list.o(i.uxListRemove)
    uxTaskGetStackHighWaterMark              0x08005299   Thumb Code    34  tasks.o(i.uxTaskGetStackHighWaterMark)
    vApplicationGetIdleTaskMemory            0x080052c1   Thumb Code    14  cmsis_os2.o(i.vApplicationGetIdleTaskMemory)
    vApplicationGetTimerTaskMemory           0x080052d9   Thumb Code    14  cmsis_os2.o(i.vApplicationGetTimerTaskMemory)
    vApplicationStackOverflowHook            0x080052f1   Thumb Code     2  cmsis_os2.o(i.vApplicationStackOverflowHook)
    vListInitialise                          0x080052f3   Thumb Code    26  list.o(i.vListInitialise)
    vListInitialiseItem                      0x0800530d   Thumb Code     6  list.o(i.vListInitialiseItem)
    vListInsert                              0x08005313   Thumb Code    52  list.o(i.vListInsert)
    vListInsertEnd                           0x08005347   Thumb Code    24  list.o(i.vListInsertEnd)
    vPortEnterCritical                       0x08005361   Thumb Code    30  port.o(i.vPortEnterCritical)
    vPortExitCritical                        0x08005385   Thumb Code    28  port.o(i.vPortExitCritical)
    vPortFree                                0x080053a5   Thumb Code    64  heap_4.o(i.vPortFree)
    vPortSetupTimerInterrupt                 0x080053ed   Thumb Code    36  port.o(i.vPortSetupTimerInterrupt)
    vQueueDelete                             0x08005415   Thumb Code    20  queue.o(i.vQueueDelete)
    vQueueWaitForMessageRestricted           0x08005429   Thumb Code    74  queue.o(i.vQueueWaitForMessageRestricted)
    vTaskDelay                               0x08005475   Thumb Code    46  tasks.o(i.vTaskDelay)
    vTaskDelete                              0x080054a9   Thumb Code   132  tasks.o(i.vTaskDelete)
    vTaskInternalSetTimeOutState             0x08005549   Thumb Code    14  tasks.o(i.vTaskInternalSetTimeOutState)
    vTaskMissedYield                         0x08005561   Thumb Code     8  tasks.o(i.vTaskMissedYield)
    vTaskPlaceOnEventList                    0x0800556d   Thumb Code    28  tasks.o(i.vTaskPlaceOnEventList)
    vTaskPlaceOnEventListRestricted          0x0800558d   Thumb Code    36  tasks.o(i.vTaskPlaceOnEventListRestricted)
    vTaskPriorityDisinheritAfterTimeout      0x080055b5   Thumb Code   128  tasks.o(i.vTaskPriorityDisinheritAfterTimeout)
    vTaskStartScheduler                      0x0800563d   Thumb Code   120  tasks.o(i.vTaskStartScheduler)
    vTaskSuspendAll                          0x080056d1   Thumb Code    12  tasks.o(i.vTaskSuspendAll)
    vTaskSwitchContext                       0x080056e1   Thumb Code   154  tasks.o(i.vTaskSwitchContext)
    xPortStartScheduler                      0x08005791   Thumb Code    42  port.o(i.xPortStartScheduler)
    xPortSysTickHandler                      0x080057c5   Thumb Code    46  port.o(i.xPortSysTickHandler)
    xQueueCreateMutex                        0x080057f9   Thumb Code    34  queue.o(i.xQueueCreateMutex)
    xQueueCreateMutexStatic                  0x0800581b   Thumb Code    42  queue.o(i.xQueueCreateMutexStatic)
    xQueueGenericCreate                      0x08005845   Thumb Code    62  queue.o(i.xQueueGenericCreate)
    xQueueGenericCreateStatic                0x08005883   Thumb Code    46  queue.o(i.xQueueGenericCreateStatic)
    xQueueGenericReset                       0x080058b1   Thumb Code   122  queue.o(i.xQueueGenericReset)
    xQueueGenericSend                        0x08005931   Thumb Code   276  queue.o(i.xQueueGenericSend)
    xQueueGenericSendFromISR                 0x08005a49   Thumb Code   134  queue.o(i.xQueueGenericSendFromISR)
    xQueueGiveMutexRecursive                 0x08005acf   Thumb Code    48  queue.o(i.xQueueGiveMutexRecursive)
    xQueueReceive                            0x08005b01   Thumb Code   256  queue.o(i.xQueueReceive)
    xQueueSemaphoreTake                      0x08005c05   Thumb Code   300  queue.o(i.xQueueSemaphoreTake)
    xQueueTakeMutexRecursive                 0x08005d35   Thumb Code    54  queue.o(i.xQueueTakeMutexRecursive)
    xTaskCheckForTimeOut                     0x08005d6d   Thumb Code    84  tasks.o(i.xTaskCheckForTimeOut)
    xTaskCreate                              0x08005dc9   Thumb Code   100  tasks.o(i.xTaskCreate)
    xTaskCreateStatic                        0x08005e2d   Thumb Code    78  tasks.o(i.xTaskCreateStatic)
    xTaskGetCurrentTaskHandle                0x08005e7d   Thumb Code     6  tasks.o(i.xTaskGetCurrentTaskHandle)
    xTaskGetSchedulerState                   0x08005e89   Thumb Code    24  tasks.o(i.xTaskGetSchedulerState)
    xTaskGetTickCount                        0x08005ea9   Thumb Code     6  tasks.o(i.xTaskGetTickCount)
    xTaskIncrementTick                       0x08005eb5   Thumb Code   236  tasks.o(i.xTaskIncrementTick)
    xTaskPriorityDisinherit                  0x08005fcd   Thumb Code    86  tasks.o(i.xTaskPriorityDisinherit)
    xTaskPriorityInherit                     0x0800602d   Thumb Code   150  tasks.o(i.xTaskPriorityInherit)
    xTaskRemoveFromEventList                 0x080060d1   Thumb Code   102  tasks.o(i.xTaskRemoveFromEventList)
    xTaskResumeAll                           0x08006151   Thumb Code   194  tasks.o(i.xTaskResumeAll)
    xTimerCreateTimerTask                    0x08006239   Thumb Code    76  timers.o(i.xTimerCreateTimerTask)
    xTimerGenericCommand                     0x08006299   Thumb Code   104  timers.o(i.xTimerGenericCommand)
    zLine_Midpoint                           0x08006305   Thumb Code   262  stable.o(i.zLine_Midpoint)
    __aeabi_d2f                              0x08006411   Thumb Code     0  d2f.o(x$fpl$d2f)
    _d2f                                     0x08006411   Thumb Code    98  d2f.o(x$fpl$d2f)
    __aeabi_dadd                             0x08006475   Thumb Code     0  daddsub_clz.o(x$fpl$dadd)
    _dadd                                    0x08006475   Thumb Code   332  daddsub_clz.o(x$fpl$dadd)
    __fpl_dcheck_NaN1                        0x080065c5   Thumb Code    10  dcheck1.o(x$fpl$dcheck1)
    __fpl_dcmp_Inf                           0x080065d5   Thumb Code    24  dcmpi.o(x$fpl$dcmpinf)
    __aeabi_ddiv                             0x080065ed   Thumb Code     0  ddiv.o(x$fpl$ddiv)
    _ddiv                                    0x080065ed   Thumb Code   552  ddiv.o(x$fpl$ddiv)
    __aeabi_d2iz                             0x0800689d   Thumb Code     0  dfix.o(x$fpl$dfix)
    _dfix                                    0x0800689d   Thumb Code    94  dfix.o(x$fpl$dfix)
    __aeabi_i2d                              0x080068fb   Thumb Code     0  dflt_clz.o(x$fpl$dflt)
    _dflt                                    0x080068fb   Thumb Code    46  dflt_clz.o(x$fpl$dflt)
    __aeabi_ui2d                             0x08006929   Thumb Code     0  dflt_clz.o(x$fpl$dfltu)
    _dfltu                                   0x08006929   Thumb Code    38  dflt_clz.o(x$fpl$dfltu)
    __aeabi_cdcmple                          0x08006951   Thumb Code     0  dleqf.o(x$fpl$dleqf)
    _dcmple                                  0x08006951   Thumb Code   120  dleqf.o(x$fpl$dleqf)
    __fpl_dcmple_InfNaN                      0x080069b3   Thumb Code     0  dleqf.o(x$fpl$dleqf)
    __aeabi_dmul                             0x080069c9   Thumb Code     0  dmul.o(x$fpl$dmul)
    _dmul                                    0x080069c9   Thumb Code   332  dmul.o(x$fpl$dmul)
    __fpl_dnaninf                            0x08006b1d   Thumb Code   156  dnaninf.o(x$fpl$dnaninf)
    __fpl_dretinf                            0x08006bb9   Thumb Code    12  dretinf.o(x$fpl$dretinf)
    __aeabi_drsub                            0x08006bc5   Thumb Code     0  daddsub_clz.o(x$fpl$drsb)
    _drsb                                    0x08006bc5   Thumb Code    22  daddsub_clz.o(x$fpl$drsb)
    _dsqrt                                   0x08006bdd   Thumb Code   456  dsqrt_noumaal.o(x$fpl$dsqrt)
    __aeabi_dsub                             0x08006da9   Thumb Code     0  daddsub_clz.o(x$fpl$dsub)
    _dsub                                    0x08006da9   Thumb Code   464  daddsub_clz.o(x$fpl$dsub)
    __aeabi_f2d                              0x08006f7d   Thumb Code     0  f2d.o(x$fpl$f2d)
    _f2d                                     0x08006f7d   Thumb Code    86  f2d.o(x$fpl$f2d)
    __aeabi_fadd                             0x08006fd5   Thumb Code     0  faddsub_clz.o(x$fpl$fadd)
    _fadd                                    0x08006fd5   Thumb Code   196  faddsub_clz.o(x$fpl$fadd)
    __fpl_fcheck_NaN1                        0x08007099   Thumb Code     6  fcheck1.o(x$fpl$fcheck1)
    __fpl_fcmp_Inf                           0x080070a5   Thumb Code    24  fcmpi.o(x$fpl$fcmpinf)
    __aeabi_fdiv                             0x080070bd   Thumb Code     0  fdiv.o(x$fpl$fdiv)
    _fdiv                                    0x080070bd   Thumb Code   384  fdiv.o(x$fpl$fdiv)
    __aeabi_f2iz                             0x08007241   Thumb Code     0  ffix.o(x$fpl$ffix)
    _ffix                                    0x08007241   Thumb Code    54  ffix.o(x$fpl$ffix)
    __aeabi_f2uiz                            0x08007279   Thumb Code     0  ffixu.o(x$fpl$ffixu)
    _ffixu                                   0x08007279   Thumb Code    62  ffixu.o(x$fpl$ffixu)
    __aeabi_i2f                              0x080072b9   Thumb Code     0  fflt_clz.o(x$fpl$fflt)
    _fflt                                    0x080072b9   Thumb Code    48  fflt_clz.o(x$fpl$fflt)
    __aeabi_ui2f                             0x080072e9   Thumb Code     0  fflt_clz.o(x$fpl$ffltu)
    _ffltu                                   0x080072e9   Thumb Code    38  fflt_clz.o(x$fpl$ffltu)
    __aeabi_cfcmple                          0x08007311   Thumb Code     0  fleqf.o(x$fpl$fleqf)
    _fcmple                                  0x08007311   Thumb Code   104  fleqf.o(x$fpl$fleqf)
    __fpl_fcmple_InfNaN                      0x08007363   Thumb Code     0  fleqf.o(x$fpl$fleqf)
    __aeabi_fmul                             0x08007379   Thumb Code     0  fmul.o(x$fpl$fmul)
    _fmul                                    0x08007379   Thumb Code   258  fmul.o(x$fpl$fmul)
    __fpl_fnaninf                            0x0800747b   Thumb Code   140  fnaninf.o(x$fpl$fnaninf)
    __fpl_fretinf                            0x08007507   Thumb Code    10  fretinf.o(x$fpl$fretinf)
    __aeabi_cfrcmple                         0x08007511   Thumb Code     0  frleqf.o(x$fpl$frleqf)
    _frcmple                                 0x08007511   Thumb Code    98  frleqf.o(x$fpl$frleqf)
    _frnd                                    0x08007575   Thumb Code    96  frnd.o(x$fpl$frnd)
    __aeabi_frsub                            0x080075d5   Thumb Code     0  faddsub_clz.o(x$fpl$frsb)
    _frsb                                    0x080075d5   Thumb Code    20  faddsub_clz.o(x$fpl$frsb)
    __aeabi_fsub                             0x080075e9   Thumb Code     0  faddsub_clz.o(x$fpl$fsub)
    _fsub                                    0x080075e9   Thumb Code   234  faddsub_clz.o(x$fpl$fsub)
    __fpl_return_NaN                         0x080076d3   Thumb Code   100  retnan.o(x$fpl$retnan)
    __ARM_scalbn                             0x08007737   Thumb Code    92  scalbn.o(x$fpl$scalbn)
    __ARM_scalbnf                            0x08007793   Thumb Code    76  scalbnf.o(x$fpl$scalbnf)
    __fpl_cmpreturn                          0x080077df   Thumb Code    48  trapv.o(x$fpl$trapveneer)
    __I$use$fp                               0x0800780e   Number         0  usenofp.o(x$fpl$usenofp)
    Region$$Table$$Base                      0x080079c0   Number         0  anon$$obj.o(Region$$Table)
    Region$$Table$$Limit                     0x080079e0   Number         0  anon$$obj.o(Region$$Table)
    AGhandle                                 0x20000000   Data           4  stable.o(.data)
    BLhandle                                 0x20000004   Data           4  stable.o(.data)
    SChandle                                 0x20000008   Data           4  stable.o(.data)
    MENID                                    0x2000000c   Data           1  stable.o(.data)
    DeviceTypeTree                           0x20000038   Data           4  sys_device.o(.data)
    DriverList                               0x2000003c   Data           4  sys_driver.o(.data)
    I2CFunc                                  0x20000040   Data          36  sys_i2c.o(.data)
    flag                                     0x20000068   Data           1  mpu6050.o(.data)
    QuadNumber                               0x20000074   Data          16  ahrs.o(.data)
    SystemCoreClock                          0x200000b4   Data           4  system_stm32f10x.o(.data)
    AHBPrescTable                            0x200000b8   Data          16  system_stm32f10x.o(.data)
    pxCurrentTCB                             0x200000e4   Data           4  tasks.o(.data)
    AGBuff                                   0x20000134   Data          24  stable.o(.bss)
    RPY                                      0x2000014c   Data          12  stable.o(.bss)
    Q                                        0x20000158   Data          16  stable.o(.bss)
    fix_gyro_zero                            0x200041a4   Data          12  mpu6050.o(.bss)
    __libspace_start                         0x20007d78   Data          96  libspace.o(.bss)
    __temporary_stack_top$libspace           0x20007dd8   Data           0  libspace.o(.bss)



==============================================================================

Memory Map of the image

  Image Entry point : 0x08000131

  Load Region LR_IROM1 (Base: 0x08000000, Size: 0x00007b14, Max: 0x00080000, ABSOLUTE, COMPRESSED[0x00007a24])

    Execution Region ER_IROM1 (Exec base: 0x08000000, Load base: 0x08000000, Size: 0x000079e0, Max: 0x00080000, ABSOLUTE)

    Exec Addr    Load Addr    Size         Type   Attr      Idx    E Section Name        Object

    0x08000000   0x08000000   0x00000130   Data   RO         2619    RESET               startup_stm32f10x_hd.o
    0x08000130   0x08000130   0x00000008   Code   RO         3851  * !!!main             c_w.l(__main.o)
    0x08000138   0x08000138   0x00000034   Code   RO         4278    !!!scatter          c_w.l(__scatter.o)
    0x0800016c   0x0800016c   0x0000005a   Code   RO         4276    !!dczerorl2         c_w.l(__dczerorl2.o)
    0x080001c6   0x080001c6   0x00000002   PAD
    0x080001c8   0x080001c8   0x0000001c   Code   RO         4280    !!handler_zi        c_w.l(__scatter_zi.o)
    0x080001e4   0x080001e4   0x00000002   Code   RO         4200    .ARM.Collect$$libinit$$00000000  c_w.l(libinit.o)
    0x080001e6   0x080001e6   0x00000000   Code   RO         4119    .ARM.Collect$$libinit$$00000002  c_w.l(libinit2.o)
    0x080001e6   0x080001e6   0x00000000   Code   RO         4121    .ARM.Collect$$libinit$$00000004  c_w.l(libinit2.o)
    0x080001e6   0x080001e6   0x00000000   Code   RO         4124    .ARM.Collect$$libinit$$0000000A  c_w.l(libinit2.o)
    0x080001e6   0x080001e6   0x00000000   Code   RO         4126    .ARM.Collect$$libinit$$0000000C  c_w.l(libinit2.o)
    0x080001e6   0x080001e6   0x00000000   Code   RO         4128    .ARM.Collect$$libinit$$0000000E  c_w.l(libinit2.o)
    0x080001e6   0x080001e6   0x00000000   Code   RO         4131    .ARM.Collect$$libinit$$00000011  c_w.l(libinit2.o)
    0x080001e6   0x080001e6   0x00000000   Code   RO         4133    .ARM.Collect$$libinit$$00000013  c_w.l(libinit2.o)
    0x080001e6   0x080001e6   0x00000000   Code   RO         4135    .ARM.Collect$$libinit$$00000015  c_w.l(libinit2.o)
    0x080001e6   0x080001e6   0x00000000   Code   RO         4137    .ARM.Collect$$libinit$$00000017  c_w.l(libinit2.o)
    0x080001e6   0x080001e6   0x00000000   Code   RO         4139    .ARM.Collect$$libinit$$00000019  c_w.l(libinit2.o)
    0x080001e6   0x080001e6   0x00000000   Code   RO         4141    .ARM.Collect$$libinit$$0000001B  c_w.l(libinit2.o)
    0x080001e6   0x080001e6   0x00000000   Code   RO         4143    .ARM.Collect$$libinit$$0000001D  c_w.l(libinit2.o)
    0x080001e6   0x080001e6   0x00000000   Code   RO         4145    .ARM.Collect$$libinit$$0000001F  c_w.l(libinit2.o)
    0x080001e6   0x080001e6   0x00000000   Code   RO         4147    .ARM.Collect$$libinit$$00000021  c_w.l(libinit2.o)
    0x080001e6   0x080001e6   0x00000000   Code   RO         4149    .ARM.Collect$$libinit$$00000023  c_w.l(libinit2.o)
    0x080001e6   0x080001e6   0x00000000   Code   RO         4151    .ARM.Collect$$libinit$$00000025  c_w.l(libinit2.o)
    0x080001e6   0x080001e6   0x00000000   Code   RO         4155    .ARM.Collect$$libinit$$0000002C  c_w.l(libinit2.o)
    0x080001e6   0x080001e6   0x00000000   Code   RO         4157    .ARM.Collect$$libinit$$0000002E  c_w.l(libinit2.o)
    0x080001e6   0x080001e6   0x00000000   Code   RO         4159    .ARM.Collect$$libinit$$00000030  c_w.l(libinit2.o)
    0x080001e6   0x080001e6   0x00000000   Code   RO         4161    .ARM.Collect$$libinit$$00000032  c_w.l(libinit2.o)
    0x080001e6   0x080001e6   0x00000002   Code   RO         4162    .ARM.Collect$$libinit$$00000033  c_w.l(libinit2.o)
    0x080001e8   0x080001e8   0x00000002   Code   RO         4273    .ARM.Collect$$libshutdown$$00000000  c_w.l(libshutdown.o)
    0x080001ea   0x080001ea   0x00000000   Code   RO         4227    .ARM.Collect$$libshutdown$$00000002  c_w.l(libshutdown2.o)
    0x080001ea   0x080001ea   0x00000000   Code   RO         4229    .ARM.Collect$$libshutdown$$00000004  c_w.l(libshutdown2.o)
    0x080001ea   0x080001ea   0x00000000   Code   RO         4232    .ARM.Collect$$libshutdown$$00000007  c_w.l(libshutdown2.o)
    0x080001ea   0x080001ea   0x00000000   Code   RO         4235    .ARM.Collect$$libshutdown$$0000000A  c_w.l(libshutdown2.o)
    0x080001ea   0x080001ea   0x00000000   Code   RO         4237    .ARM.Collect$$libshutdown$$0000000C  c_w.l(libshutdown2.o)
    0x080001ea   0x080001ea   0x00000000   Code   RO         4240    .ARM.Collect$$libshutdown$$0000000F  c_w.l(libshutdown2.o)
    0x080001ea   0x080001ea   0x00000002   Code   RO         4241    .ARM.Collect$$libshutdown$$00000010  c_w.l(libshutdown2.o)
    0x080001ec   0x080001ec   0x00000000   Code   RO         3943    .ARM.Collect$$rtentry$$00000000  c_w.l(__rtentry.o)
    0x080001ec   0x080001ec   0x00000000   Code   RO         4078    .ARM.Collect$$rtentry$$00000002  c_w.l(__rtentry2.o)
    0x080001ec   0x080001ec   0x00000006   Code   RO         4090    .ARM.Collect$$rtentry$$00000004  c_w.l(__rtentry4.o)
    0x080001f2   0x080001f2   0x00000008   Code   RO         4079    .ARM.Collect$$rtentry$$00000008  c_w.l(__rtentry2.o)
    0x080001fa   0x080001fa   0x00000004   Code   RO         4081    .ARM.Collect$$rtentry$$0000000A  c_w.l(__rtentry2.o)
    0x080001fe   0x080001fe   0x00000000   Code   RO         4083    .ARM.Collect$$rtentry$$0000000C  c_w.l(__rtentry2.o)
    0x080001fe   0x080001fe   0x00000008   Code   RO         4084    .ARM.Collect$$rtentry$$0000000D  c_w.l(__rtentry2.o)
    0x08000206   0x08000206   0x00000002   Code   RO         4212    .ARM.Collect$$rtexit$$00000000  c_w.l(rtexit.o)
    0x08000208   0x08000208   0x00000000   Code   RO         4247    .ARM.Collect$$rtexit$$00000002  c_w.l(rtexit2.o)
    0x08000208   0x08000208   0x00000004   Code   RO         4248    .ARM.Collect$$rtexit$$00000003  c_w.l(rtexit2.o)
    0x0800020c   0x0800020c   0x00000006   Code   RO         4249    .ARM.Collect$$rtexit$$00000004  c_w.l(rtexit2.o)
    0x08000212   0x08000212   0x00000002   PAD
    0x08000214   0x08000214   0x00000096   Code   RO         2931    .emb_text           port.o
    0x080002aa   0x080002aa   0x00000002   PAD
    0x080002ac   0x080002ac   0x00000040   Code   RO         2620    .text               startup_stm32f10x_hd.o
    0x080002ec   0x080002ec   0x0000008a   Code   RO         3839    .text               c_w.l(rt_memcpy_v6.o)
    0x08000376   0x08000376   0x00000064   Code   RO         3841    .text               c_w.l(rt_memcpy_w.o)
    0x080003da   0x080003da   0x00000010   Code   RO         3843    .text               c_w.l(aeabi_memset.o)
    0x080003ea   0x080003ea   0x0000004e   Code   RO         3845    .text               c_w.l(rt_memclr_w.o)
    0x08000438   0x08000438   0x00000080   Code   RO         3847    .text               c_w.l(strcmpv7m.o)
    0x080004b8   0x080004b8   0x00000006   Code   RO         3849    .text               c_w.l(heapauxi.o)
    0x080004be   0x080004be   0x00000016   Code   RO         3973    .text               c_w.l(_rserrno.o)
    0x080004d4   0x080004d4   0x00000044   Code   RO         3975    .text               c_w.l(rt_memclr.o)
    0x08000518   0x08000518   0x00000008   Code   RO         4074    .text               c_w.l(libspace.o)
    0x08000520   0x08000520   0x00000004   Code   RO         4097    .text               c_w.l(rt_errno_addr_twolibspace.o)
    0x08000524   0x08000524   0x0000004a   Code   RO         4181    .text               c_w.l(sys_stackheap_outer.o)
    0x0800056e   0x0800056e   0x00000012   Code   RO         4189    .text               c_w.l(exit.o)
    0x08000580   0x08000580   0x0000000c   Code   RO         4207    .text               c_w.l(sys_exit.o)
    0x0800058c   0x0800058c   0x00000002   Code   RO         4209    .text               c_w.l(use_no_semi.o)
    0x0800058e   0x0800058e   0x00000000   Code   RO         4211    .text               c_w.l(indicate_semi.o)
    0x0800058e   0x0800058e   0x00000002   PAD
    0x08000590   0x08000590   0x00000750   Code   RO          816    i.BrushlessMotor_SVPWM  brushlessmotor.o
    0x08000ce0   0x08000ce0   0x000006f8   Code   RO          152    i.D3D2              stable.o
    0x080013d8   0x080013d8   0x00000116   Code   RO         1572    i.GPIO_Init         stm32f10x_gpio.o
    0x080014ee   0x080014ee   0x00000004   Code   RO         1579    i.GPIO_ResetBits    stm32f10x_gpio.o
    0x080014f2   0x080014f2   0x00000004   Code   RO         1580    i.GPIO_SetBits      stm32f10x_gpio.o
    0x080014f6   0x080014f6   0x00000058   Code   RO          531    i.Get_ACCEL         mpu6050.o
    0x0800154e   0x0800154e   0x00000056   Code   RO          532    i.Get_ACCEL_GYRO    mpu6050.o
    0x080015a4   0x080015a4   0x0000008c   Code   RO          533    i.Get_GYRO          mpu6050.o
    0x08001630   0x08001630   0x00000530   Code   RO          773    i.IMUupdate3        ahrs.o
    0x08001b60   0x08001b60   0x00000012   Code   RO            4    i.Init              main.o
    0x08001b72   0x08001b72   0x00000002   PAD
    0x08001b74   0x08001b74   0x0000004c   Code   RO          774    i.InvSqrt           ahrs.o
    0x08001bc0   0x08001bc0   0x0000012c   Code   RO          534    i.MPU6050_I2C_BufferRead  mpu6050.o
    0x08001cec   0x08001cec   0x000000cc   Code   RO          535    i.MPU6050_I2C_ByteWrite  mpu6050.o
    0x08001db8   0x08001db8   0x0000000c   Code   RO          536    i.MPU6050_I2C_ERROR  mpu6050.o
    0x08001dc4   0x08001dc4   0x00000004   Code   RO          537    i.MPU_6050_CLOSE    mpu6050.o
    0x08001dc8   0x08001dc8   0x0000009c   Code   RO          538    i.MPU_6050_CONTROL  mpu6050.o
    0x08001e64   0x08001e64   0x000000e4   Code   RO          539    i.MPU_6050_FixZero  mpu6050.o
    0x08001f48   0x08001f48   0x000000b0   Code   RO          540    i.MPU_6050_INIT     mpu6050.o
    0x08001ff8   0x08001ff8   0x00000036   Code   RO          541    i.MPU_6050_OPEN     mpu6050.o
    0x0800202e   0x0800202e   0x00000002   PAD
    0x08002030   0x08002030   0x00000070   Code   RO          542    i.MPU_6050_REG      mpu6050.o
    0x080020a0   0x080020a0   0x00000036   Code   RO          369    i.MYI2C_Ack         sys_i2c.o
    0x080020d6   0x080020d6   0x0000004e   Code   RO          370    i.MYI2C_Check       sys_i2c.o
    0x08002124   0x08002124   0x00000022   Code   RO          371    i.MYI2C_GenerateSTART  sys_i2c.o
    0x08002146   0x08002146   0x0000002c   Code   RO          372    i.MYI2C_GenerateSTOP  sys_i2c.o
    0x08002172   0x08002172   0x00000002   PAD
    0x08002174   0x08002174   0x000000ac   Code   RO          373    i.MYI2C_Init        sys_i2c.o
    0x08002220   0x08002220   0x0000002c   Code   RO          374    i.MYI2C_Nack        sys_i2c.o
    0x0800224c   0x0800224c   0x00000052   Code   RO          375    i.MYI2C_Read8bit    sys_i2c.o
    0x0800229e   0x0800229e   0x0000005a   Code   RO          376    i.MYI2C_Send7bitAddress  sys_i2c.o
    0x080022f8   0x080022f8   0x00000050   Code   RO          377    i.MYI2C_Write8bit   sys_i2c.o
    0x08002348   0x08002348   0x00000020   Code   RO         1696    i.RCC_APB2PeriphClockCmd  stm32f10x_rcc.o
    0x08002368   0x08002368   0x00000048   Code   RO          543    i.RegisterDevice    mpu6050.o
    0x080023b0   0x080023b0   0x00000084   Code   RO          634    i.SPI1_Init         tft_ili9341.o
    0x08002434   0x08002434   0x0000003c   Code   RO          635    i.SPI_BaudRatePrescaler_datasize  tft_ili9341.o
    0x08002470   0x08002470   0x00000018   Code   RO         1909    i.SPI_Cmd           stm32f10x_spi.o
    0x08002488   0x08002488   0x00000020   Code   RO         1919    i.SPI_I2S_ITConfig  stm32f10x_spi.o
    0x080024a8   0x080024a8   0x0000003c   Code   RO         1922    i.SPI_Init          stm32f10x_spi.o
    0x080024e4   0x080024e4   0x0000002c   Code   RO          447    i.SYS_CallHEAP      sys_memory.o
    0x08002510   0x08002510   0x0000009c   Code   RO          448    i.SYS_CallMem       sys_memory.o
    0x080025ac   0x080025ac   0x0000001e   Code   RO          262    i.SYS_DEV_CONTROL   sys_device.o
    0x080025ca   0x080025ca   0x0000006c   Code   RO          263    i.SYS_DEV_CREAT     sys_device.o
    0x08002636   0x08002636   0x00000006   Code   RO          264    i.SYS_DEV_ChangeState  sys_device.o
    0x0800263c   0x0800263c   0x000000ac   Code   RO          265    i.SYS_DEV_FindNULLDeviceTree  sys_device.o
    0x080026e8   0x080026e8   0x00000008   Code   RO          266    i.SYS_DEV_GetState  sys_device.o
    0x080026f0   0x080026f0   0x00000060   Code   RO          267    i.SYS_DEV_OPEN      sys_device.o
    0x08002750   0x08002750   0x0000000c   Code   RO          324    i.SYS_DRI_Init      sys_driver.o
    0x0800275c   0x0800275c   0x00000044   Code   RO          325    i.SYS_DRI_RegisterDevice  sys_driver.o
    0x080027a0   0x080027a0   0x00000074   Code   RO          326    i.SYS_DRI_RegisterDriver  sys_driver.o
    0x08002814   0x08002814   0x0000000c   Code   RO          327    i.SYS_DRI_ReturnDriverList  sys_driver.o
    0x08002820   0x08002820   0x00000006   Code   RO          449    i.SYS_Error         sys_memory.o
    0x08002826   0x08002826   0x000000b2   Code   RO          451    i.SYS_FreeMem       sys_memory.o
    0x080028d8   0x080028d8   0x0000000c   Code   RO          216    i.SYS_Init          sys_core.o
    0x080028e4   0x080028e4   0x00000088   Code   RO          453    i.SYS_MemoryHEAPCall  sys_memory.o
    0x0800296c   0x0800296c   0x000000c8   Code   RO          454    i.SYS_MemoryIDChoose  sys_memory.o
    0x08002a34   0x08002a34   0x00000080   Code   RO          455    i.SYS_MemoryInit    sys_memory.o
    0x08002ab4   0x08002ab4   0x00000008   Code   RO          456    i.SYS_Memory_MainMEN_Init  sys_memory.o
    0x08002abc   0x08002abc   0x00000028   Code   RO          636    i.Screen_DrawPoint  tft_ili9341.o
    0x08002ae4   0x08002ae4   0x0000006c   Code   RO          637    i.Screen_Drawrectangle  tft_ili9341.o
    0x08002b50   0x08002b50   0x0000007c   Code   RO          638    i.Screen_ReadPointColor  tft_ili9341.o
    0x08002bcc   0x08002bcc   0x00000008   Code   RO         2627    i.SetSysClock       system_stm32f10x.o
    0x08002bd4   0x08002bd4   0x000000e0   Code   RO         2628    i.SetSysClockTo72   system_stm32f10x.o
    0x08002cb4   0x08002cb4   0x00000034   Code   RO          153    i.Stable_Init       stable.o
    0x08002ce8   0x08002ce8   0x0000008c   Code   RO          154    i.Stable_OpenDevices  stable.o
    0x08002d74   0x08002d74   0x0000000e   Code   RO          967    i.SysTick_Handler   cmsis_os2.o
    0x08002d82   0x08002d82   0x00000002   PAD
    0x08002d84   0x08002d84   0x00000060   Code   RO         2630    i.SystemInit        system_stm32f10x.o
    0x08002de4   0x08002de4   0x00000054   Code   RO          639    i.TFT_ILI9341_Address_set  tft_ili9341.o
    0x08002e38   0x08002e38   0x00000004   Code   RO          640    i.TFT_ILI9341_CLOSE  tft_ili9341.o
    0x08002e3c   0x08002e3c   0x00000060   Code   RO          641    i.TFT_ILI9341_CONTROL  tft_ili9341.o
    0x08002e9c   0x08002e9c   0x000002c0   Code   RO          643    i.TFT_ILI9341_Init  tft_ili9341.o
    0x0800315c   0x0800315c   0x00000010   Code   RO          644    i.TFT_ILI9341_OPEN  tft_ili9341.o
    0x0800316c   0x0800316c   0x00000070   Code   RO          645    i.TFT_ILI9341_REG   tft_ili9341.o
    0x080031dc   0x080031dc   0x00000048   Code   RO          646    i.TFT_ILI9341_REG_DEV  tft_ili9341.o
    0x08003224   0x08003224   0x00000040   Code   RO          647    i.TFT_ILI9341_ReadData_16bit  tft_ili9341.o
    0x08003264   0x08003264   0x0000002c   Code   RO          650    i.TFT_ILI9341_WriteCmd  tft_ili9341.o
    0x08003290   0x08003290   0x0000002c   Code   RO          651    i.TFT_ILI9341_WriteData_16bit  tft_ili9341.o
    0x080032bc   0x080032bc   0x0000002c   Code   RO          652    i.TFT_ILI9341_WriteData_8bit  tft_ili9341.o
    0x080032e8   0x080032e8   0x00000028   Code   RO          821    i.TIM1_UP_IRQHandler  brushlessmotor.o
    0x08003310   0x08003310   0x00000006   Code   RO         2070    i.TIM_ClearFlag     stm32f10x_tim.o
    0x08003316   0x08003316   0x00000012   Code   RO         2101    i.TIM_ITConfig      stm32f10x_tim.o
    0x08003328   0x08003328   0x00000028   Code   RO         4031    i.__ARM_fpclassify  m_ws.l(fpclassify.o)
    0x08003350   0x08003350   0x00000026   Code   RO         4033    i.__ARM_fpclassifyf  m_ws.l(fpclassifyf.o)
    0x08003376   0x08003376   0x00000006   Code   RO          969    i.__get_BASEPRI     cmsis_os2.o
    0x0800337c   0x0800337c   0x00000006   Code   RO          970    i.__get_IPSR        cmsis_os2.o
    0x08003382   0x08003382   0x00000006   Code   RO          971    i.__get_PRIMASK     cmsis_os2.o
    0x08003388   0x08003388   0x00000388   Code   RO         4052    i.__ieee754_rem_pio2  m_ws.l(rred.o)
    0x08003710   0x08003710   0x000000fc   Code   RO         4014    i.__kernel_cos      m_ws.l(cos_i.o)
    0x0800380c   0x0800380c   0x000000aa   Code   RO         4049    i.__kernel_poly     m_ws.l(poly.o)
    0x080038b6   0x080038b6   0x00000002   PAD
    0x080038b8   0x080038b8   0x000000ec   Code   RO         4060    i.__kernel_sin      m_ws.l(sin_i.o)
    0x080039a4   0x080039a4   0x00000006   Code   RO         4018    i.__mathlib_dbl_infnan  m_ws.l(dunder.o)
    0x080039aa   0x080039aa   0x0000000c   Code   RO         4020    i.__mathlib_dbl_invalid  m_ws.l(dunder.o)
    0x080039b6   0x080039b6   0x00000002   PAD
    0x080039b8   0x080039b8   0x00000010   Code   RO         4023    i.__mathlib_dbl_underflow  m_ws.l(dunder.o)
    0x080039c8   0x080039c8   0x00000006   Code   RO         4036    i.__mathlib_flt_infnan  m_ws.l(funder.o)
    0x080039ce   0x080039ce   0x00000008   Code   RO         4038    i.__mathlib_flt_invalid  m_ws.l(funder.o)
    0x080039d6   0x080039d6   0x0000000a   Code   RO         4041    i.__mathlib_flt_underflow  m_ws.l(funder.o)
    0x080039e0   0x080039e0   0x00000168   Code   RO         4057    i.__mathlib_rredf2  m_ws.l(rredf.o)
    0x08003b48   0x08003b48   0x00000064   Code   RO          899    i.__user_perthread_libspace  clib_arm.o
    0x08003bac   0x08003bac   0x00000016   Code   RO          900    i._mutex_acquire    clib_arm.o
    0x08003bc2   0x08003bc2   0x0000000c   Code   RO          901    i._mutex_free       clib_arm.o
    0x08003bce   0x08003bce   0x00000018   Code   RO          902    i._mutex_initialize  clib_arm.o
    0x08003be6   0x08003be6   0x00000012   Code   RO          903    i._mutex_release    clib_arm.o
    0x08003bf8   0x08003bf8   0x00000008   Code   RO          904    i._platform_post_stackheap_init  clib_arm.o
    0x08003c00   0x08003c00   0x0000027c   Code   RO         3892    i.acos              m_ws.l(acos.o)
    0x08003e7c   0x08003e7c   0x0000017c   Code   RO         3920    i.cosf              m_ws.l(cosf.o)
    0x08003ff8   0x08003ff8   0x0000002c   Code   RO            5    i.main              main.o
    0x08004024   0x08004024   0x00000034   Code   RO          981    i.osKernelGetState  cmsis_os2.o
    0x08004058   0x08004058   0x00000040   Code   RO          986    i.osKernelInitialize  cmsis_os2.o
    0x08004098   0x08004098   0x0000007c   Code   RO         1000    i.osMutexAcquire    cmsis_os2.o
    0x08004114   0x08004114   0x00000040   Code   RO         1001    i.osMutexDelete     cmsis_os2.o
    0x08004154   0x08004154   0x000000b8   Code   RO         1003    i.osMutexNew        cmsis_os2.o
    0x0800420c   0x0800420c   0x00000068   Code   RO         1004    i.osMutexRelease    cmsis_os2.o
    0x08004274   0x08004274   0x00000030   Code   RO         1017    i.osThreadGetId     cmsis_os2.o
    0x080042a4   0x080042a4   0x00000024   Code   RO          905    i.os_kernel_is_active  clib_arm.o
    0x080042c8   0x080042c8   0x0000007c   Code   RO         3248    i.prvAddCurrentTaskToDelayedList  tasks.o
    0x08004344   0x08004344   0x000000b8   Code   RO         3249    i.prvAddNewTaskToReadyList  tasks.o
    0x080043fc   0x080043fc   0x0000005c   Code   RO         3624    i.prvCheckForValidListAndQueue  timers.o
    0x08004458   0x08004458   0x00000048   Code   RO         3250    i.prvCheckTasksWaitingTermination  tasks.o
    0x080044a0   0x080044a0   0x0000002a   Code   RO         3014    i.prvCopyDataFromQueue  queue.o
    0x080044ca   0x080044ca   0x0000007c   Code   RO         3015    i.prvCopyDataToQueue  queue.o
    0x08004546   0x08004546   0x00000028   Code   RO         3251    i.prvDeleteTCB      tasks.o
    0x0800456e   0x0800456e   0x00000014   Code   RO         3016    i.prvGetDisinheritPriorityAfterTimeout  queue.o
    0x08004582   0x08004582   0x00000002   PAD
    0x08004584   0x08004584   0x00000028   Code   RO         3625    i.prvGetNextExpireTime  timers.o
    0x080045ac   0x080045ac   0x0000007c   Code   RO         2870    i.prvHeapInit       heap_4.o
    0x08004628   0x08004628   0x00000028   Code   RO         3252    i.prvIdleTask       tasks.o
    0x08004650   0x08004650   0x0000001c   Code   RO         3017    i.prvInitialiseMutex  queue.o
    0x0800466c   0x0800466c   0x0000002a   Code   RO         3018    i.prvInitialiseNewQueue  queue.o
    0x08004696   0x08004696   0x00000090   Code   RO         3253    i.prvInitialiseNewTask  tasks.o
    0x08004726   0x08004726   0x00000002   PAD
    0x08004728   0x08004728   0x00000068   Code   RO         3254    i.prvInitialiseTaskLists  tasks.o
    0x08004790   0x08004790   0x00000068   Code   RO         2871    i.prvInsertBlockIntoFreeList  heap_4.o
    0x080047f8   0x080047f8   0x00000058   Code   RO         3627    i.prvInsertTimerInActiveList  timers.o
    0x08004850   0x08004850   0x0000001a   Code   RO         3019    i.prvIsQueueEmpty   queue.o
    0x0800486a   0x0800486a   0x0000001e   Code   RO         3020    i.prvIsQueueFull    queue.o
    0x08004888   0x08004888   0x0000004c   Code   RO         3628    i.prvProcessExpiredTimer  timers.o
    0x080048d4   0x080048d4   0x000000d4   Code   RO         3629    i.prvProcessReceivedCommands  timers.o
    0x080049a8   0x080049a8   0x00000074   Code   RO         3630    i.prvProcessTimerOrBlockTask  timers.o
    0x08004a1c   0x08004a1c   0x00000034   Code   RO         3256    i.prvResetNextTaskUnblockTime  tasks.o
    0x08004a50   0x08004a50   0x0000002c   Code   RO         3631    i.prvSampleTimeNow  timers.o
    0x08004a7c   0x08004a7c   0x00000084   Code   RO         3632    i.prvSwitchTimerLists  timers.o
    0x08004b00   0x08004b00   0x00000016   Code   RO         3257    i.prvTaskCheckFreeStackSpace  tasks.o
    0x08004b16   0x08004b16   0x00000016   Code   RO         2932    i.prvTaskExitError  port.o
    0x08004b2c   0x08004b2c   0x0000001a   Code   RO         3633    i.prvTimerTask      timers.o
    0x08004b46   0x08004b46   0x0000007e   Code   RO         3021    i.prvUnlockQueue    queue.o
    0x08004bc4   0x08004bc4   0x000000d0   Code   RO         2872    i.pvPortMalloc      heap_4.o
    0x08004c94   0x08004c94   0x00000020   Code   RO         3259    i.pvTaskIncrementMutexHeldCount  tasks.o
    0x08004cb4   0x08004cb4   0x00000024   Code   RO         2933    i.pxPortInitialiseStack  port.o
    0x08004cd8   0x08004cd8   0x000000a0   Code   RO         3928    i.sin               m_ws.l(sin.o)
    0x08004d78   0x08004d78   0x00000188   Code   RO         3936    i.sinf              m_ws.l(sinf.o)
    0x08004f00   0x08004f00   0x0000004c   Code   RO         4067    i.sqrt              m_ws.l(sqrt.o)
    0x08004f4c   0x08004f4c   0x00000068   Code   RO          155    i.stable            stable.o
    0x08004fb4   0x08004fb4   0x000002ba   Code   RO          156    i.turn              stable.o
    0x0800526e   0x0800526e   0x00000028   Code   RO         2822    i.uxListRemove      list.o
    0x08005296   0x08005296   0x00000002   PAD
    0x08005298   0x08005298   0x00000028   Code   RO         3262    i.uxTaskGetStackHighWaterMark  tasks.o
    0x080052c0   0x080052c0   0x00000018   Code   RO         1034    i.vApplicationGetIdleTaskMemory  cmsis_os2.o
    0x080052d8   0x080052d8   0x00000018   Code   RO         1035    i.vApplicationGetTimerTaskMemory  cmsis_os2.o
    0x080052f0   0x080052f0   0x00000002   Code   RO         1036    i.vApplicationStackOverflowHook  cmsis_os2.o
    0x080052f2   0x080052f2   0x0000001a   Code   RO         2823    i.vListInitialise   list.o
    0x0800530c   0x0800530c   0x00000006   Code   RO         2824    i.vListInitialiseItem  list.o
    0x08005312   0x08005312   0x00000034   Code   RO         2825    i.vListInsert       list.o
    0x08005346   0x08005346   0x00000018   Code   RO         2826    i.vListInsertEnd    list.o
    0x0800535e   0x0800535e   0x00000002   PAD
    0x08005360   0x08005360   0x00000024   Code   RO         2935    i.vPortEnterCritical  port.o
    0x08005384   0x08005384   0x00000020   Code   RO         2936    i.vPortExitCritical  port.o
    0x080053a4   0x080053a4   0x00000048   Code   RO         2873    i.vPortFree         heap_4.o
    0x080053ec   0x080053ec   0x00000028   Code   RO         2937    i.vPortSetupTimerInterrupt  port.o
    0x08005414   0x08005414   0x00000014   Code   RO         3027    i.vQueueDelete      queue.o
    0x08005428   0x08005428   0x0000004a   Code   RO         3029    i.vQueueWaitForMessageRestricted  queue.o
    0x08005472   0x08005472   0x00000002   PAD
    0x08005474   0x08005474   0x00000034   Code   RO         3268    i.vTaskDelay        tasks.o
    0x080054a8   0x080054a8   0x000000a0   Code   RO         3270    i.vTaskDelete       tasks.o
    0x08005548   0x08005548   0x00000018   Code   RO         3273    i.vTaskInternalSetTimeOutState  tasks.o
    0x08005560   0x08005560   0x0000000c   Code   RO         3274    i.vTaskMissedYield  tasks.o
    0x0800556c   0x0800556c   0x00000020   Code   RO         3276    i.vTaskPlaceOnEventList  tasks.o
    0x0800558c   0x0800558c   0x00000028   Code   RO         3277    i.vTaskPlaceOnEventListRestricted  tasks.o
    0x080055b4   0x080055b4   0x00000088   Code   RO         3279    i.vTaskPriorityDisinheritAfterTimeout  tasks.o
    0x0800563c   0x0800563c   0x00000094   Code   RO         3285    i.vTaskStartScheduler  tasks.o
    0x080056d0   0x080056d0   0x00000010   Code   RO         3287    i.vTaskSuspendAll   tasks.o
    0x080056e0   0x080056e0   0x000000b0   Code   RO         3288    i.vTaskSwitchContext  tasks.o
    0x08005790   0x08005790   0x00000034   Code   RO         2938    i.xPortStartScheduler  port.o
    0x080057c4   0x080057c4   0x00000034   Code   RO         2939    i.xPortSysTickHandler  port.o
    0x080057f8   0x080057f8   0x00000022   Code   RO         3032    i.xQueueCreateMutex  queue.o
    0x0800581a   0x0800581a   0x0000002a   Code   RO         3033    i.xQueueCreateMutexStatic  queue.o
    0x08005844   0x08005844   0x0000003e   Code   RO         3034    i.xQueueGenericCreate  queue.o
    0x08005882   0x08005882   0x0000002e   Code   RO         3035    i.xQueueGenericCreateStatic  queue.o
    0x080058b0   0x080058b0   0x00000080   Code   RO         3036    i.xQueueGenericReset  queue.o
    0x08005930   0x08005930   0x00000118   Code   RO         3037    i.xQueueGenericSend  queue.o
    0x08005a48   0x08005a48   0x00000086   Code   RO         3038    i.xQueueGenericSendFromISR  queue.o
    0x08005ace   0x08005ace   0x00000030   Code   RO         3042    i.xQueueGiveMutexRecursive  queue.o
    0x08005afe   0x08005afe   0x00000002   PAD
    0x08005b00   0x08005b00   0x00000104   Code   RO         3047    i.xQueueReceive     queue.o
    0x08005c04   0x08005c04   0x00000130   Code   RO         3049    i.xQueueSemaphoreTake  queue.o
    0x08005d34   0x08005d34   0x00000036   Code   RO         3050    i.xQueueTakeMutexRecursive  queue.o
    0x08005d6a   0x08005d6a   0x00000002   PAD
    0x08005d6c   0x08005d6c   0x0000005c   Code   RO         3289    i.xTaskCheckForTimeOut  tasks.o
    0x08005dc8   0x08005dc8   0x00000064   Code   RO         3290    i.xTaskCreate       tasks.o
    0x08005e2c   0x08005e2c   0x0000004e   Code   RO         3291    i.xTaskCreateStatic  tasks.o
    0x08005e7a   0x08005e7a   0x00000002   PAD
    0x08005e7c   0x08005e7c   0x0000000c   Code   RO         3294    i.xTaskGetCurrentTaskHandle  tasks.o
    0x08005e88   0x08005e88   0x00000020   Code   RO         3295    i.xTaskGetSchedulerState  tasks.o
    0x08005ea8   0x08005ea8   0x0000000c   Code   RO         3296    i.xTaskGetTickCount  tasks.o
    0x08005eb4   0x08005eb4   0x00000118   Code   RO         3298    i.xTaskIncrementTick  tasks.o
    0x08005fcc   0x08005fcc   0x00000060   Code   RO         3301    i.xTaskPriorityDisinherit  tasks.o
    0x0800602c   0x0800602c   0x000000a4   Code   RO         3302    i.xTaskPriorityInherit  tasks.o
    0x080060d0   0x080060d0   0x00000080   Code   RO         3303    i.xTaskRemoveFromEventList  tasks.o
    0x08006150   0x08006150   0x000000e8   Code   RO         3304    i.xTaskResumeAll    tasks.o
    0x08006238   0x08006238   0x00000060   Code   RO         3640    i.xTimerCreateTimerTask  timers.o
    0x08006298   0x08006298   0x0000006c   Code   RO         3641    i.xTimerGenericCommand  timers.o
    0x08006304   0x08006304   0x0000010c   Code   RO          157    i.zLine_Midpoint    stable.o
    0x08006410   0x08006410   0x00000062   Code   RO         3853    x$fpl$d2f           fz_ws.l(d2f.o)
    0x08006472   0x08006472   0x00000002   PAD
    0x08006474   0x08006474   0x00000150   Code   RO         3977    x$fpl$dadd          fz_ws.l(daddsub_clz.o)
    0x080065c4   0x080065c4   0x00000010   Code   RO         4163    x$fpl$dcheck1       fz_ws.l(dcheck1.o)
    0x080065d4   0x080065d4   0x00000018   Code   RO         3983    x$fpl$dcmpinf       fz_ws.l(dcmpi.o)
    0x080065ec   0x080065ec   0x000002b0   Code   RO         3986    x$fpl$ddiv          fz_ws.l(ddiv.o)
    0x0800689c   0x0800689c   0x0000005e   Code   RO         4165    x$fpl$dfix          fz_ws.l(dfix.o)
    0x080068fa   0x080068fa   0x0000002e   Code   RO         4170    x$fpl$dflt          fz_ws.l(dflt_clz.o)
    0x08006928   0x08006928   0x00000026   Code   RO         4169    x$fpl$dfltu         fz_ws.l(dflt_clz.o)
    0x0800694e   0x0800694e   0x00000002   PAD
    0x08006950   0x08006950   0x00000078   Code   RO         3855    x$fpl$dleqf         fz_ws.l(dleqf.o)
    0x080069c8   0x080069c8   0x00000154   Code   RO         3857    x$fpl$dmul          fz_ws.l(dmul.o)
    0x08006b1c   0x08006b1c   0x0000009c   Code   RO         3989    x$fpl$dnaninf       fz_ws.l(dnaninf.o)
    0x08006bb8   0x08006bb8   0x0000000c   Code   RO         3991    x$fpl$dretinf       fz_ws.l(dretinf.o)
    0x08006bc4   0x08006bc4   0x00000016   Code   RO         3978    x$fpl$drsb          fz_ws.l(daddsub_clz.o)
    0x08006bda   0x08006bda   0x00000002   PAD
    0x08006bdc   0x08006bdc   0x000001cc   Code   RO         4175    x$fpl$dsqrt         fz_ws.l(dsqrt_noumaal.o)
    0x08006da8   0x08006da8   0x000001d4   Code   RO         3979    x$fpl$dsub          fz_ws.l(daddsub_clz.o)
    0x08006f7c   0x08006f7c   0x00000056   Code   RO         3859    x$fpl$f2d           fz_ws.l(f2d.o)
    0x08006fd2   0x08006fd2   0x00000002   PAD
    0x08006fd4   0x08006fd4   0x000000c4   Code   RO         3861    x$fpl$fadd          fz_ws.l(faddsub_clz.o)
    0x08007098   0x08007098   0x0000000c   Code   RO         4201    x$fpl$fcheck1       fz_ws.l(fcheck1.o)
    0x080070a4   0x080070a4   0x00000018   Code   RO         3993    x$fpl$fcmpinf       fz_ws.l(fcmpi.o)
    0x080070bc   0x080070bc   0x00000184   Code   RO         3868    x$fpl$fdiv          fz_ws.l(fdiv.o)
    0x08007240   0x08007240   0x00000036   Code   RO         3871    x$fpl$ffix          fz_ws.l(ffix.o)
    0x08007276   0x08007276   0x00000002   PAD
    0x08007278   0x08007278   0x0000003e   Code   RO         3875    x$fpl$ffixu         fz_ws.l(ffixu.o)
    0x080072b6   0x080072b6   0x00000002   PAD
    0x080072b8   0x080072b8   0x00000030   Code   RO         3880    x$fpl$fflt          fz_ws.l(fflt_clz.o)
    0x080072e8   0x080072e8   0x00000026   Code   RO         3879    x$fpl$ffltu         fz_ws.l(fflt_clz.o)
    0x0800730e   0x0800730e   0x00000002   PAD
    0x08007310   0x08007310   0x00000068   Code   RO         3885    x$fpl$fleqf         fz_ws.l(fleqf.o)
    0x08007378   0x08007378   0x00000102   Code   RO         3887    x$fpl$fmul          fz_ws.l(fmul.o)
    0x0800747a   0x0800747a   0x0000008c   Code   RO         3995    x$fpl$fnaninf       fz_ws.l(fnaninf.o)
    0x08007506   0x08007506   0x0000000a   Code   RO         3997    x$fpl$fretinf       fz_ws.l(fretinf.o)
    0x08007510   0x08007510   0x00000062   Code   RO         3889    x$fpl$frleqf        fz_ws.l(frleqf.o)
    0x08007572   0x08007572   0x00000002   PAD
    0x08007574   0x08007574   0x00000060   Code   RO         3999    x$fpl$frnd          fz_ws.l(frnd.o)
    0x080075d4   0x080075d4   0x00000014   Code   RO         3862    x$fpl$frsb          fz_ws.l(faddsub_clz.o)
    0x080075e8   0x080075e8   0x000000ea   Code   RO         3863    x$fpl$fsub          fz_ws.l(faddsub_clz.o)
    0x080076d2   0x080076d2   0x00000064   Code   RO         4205    x$fpl$retnan        fz_ws.l(retnan.o)
    0x08007736   0x08007736   0x0000005c   Code   RO         4001    x$fpl$scalbn        fz_ws.l(scalbn.o)
    0x08007792   0x08007792   0x0000004c   Code   RO         4177    x$fpl$scalbnf       fz_ws.l(scalbnf.o)
    0x080077de   0x080077de   0x00000030   Code   RO         4242    x$fpl$trapveneer    fz_ws.l(trapv.o)
    0x0800780e   0x0800780e   0x00000000   Code   RO         4003    x$fpl$usenofp       fz_ws.l(usenofp.o)
    0x0800780e   0x0800780e   0x00000002   PAD
    0x08007810   0x08007810   0x0000001e   Data   RO          654    .constdata          tft_ili9341.o
    0x0800782e   0x0800782e   0x00000002   PAD
    0x08007830   0x08007830   0x00000050   Data   RO         3893    .constdata          m_ws.l(acos.o)
    0x08007880   0x08007880   0x00000030   Data   RO         4015    .constdata          m_ws.l(cos_i.o)
    0x080078b0   0x080078b0   0x000000c8   Data   RO         4054    .constdata          m_ws.l(rred.o)
    0x08007978   0x08007978   0x00000020   Data   RO         4058    .constdata          m_ws.l(rredf.o)
    0x08007998   0x08007998   0x00000028   Data   RO         4061    .constdata          m_ws.l(sin_i.o)
    0x080079c0   0x080079c0   0x00000020   Data   RO         4274    Region$$Table       anon$$obj.o


    Execution Region RW_IRAM1 (Exec base: 0x20000000, Load base: 0x080079e0, Size: 0x000083d8, Max: 0x00010000, ABSOLUTE, COMPRESSED[0x00000044])

    Exec Addr    Load Addr    Size         Type   Attr      Idx    E Section Name        Object

    0x20000000   COMPRESSED   0x00000038   Data   RW          159    .data               stable.o
    0x20000038   COMPRESSED   0x00000004   Data   RW          268    .data               sys_device.o
    0x2000003c   COMPRESSED   0x00000004   Data   RW          328    .data               sys_driver.o
    0x20000040   COMPRESSED   0x00000024   Data   RW          378    .data               sys_i2c.o
    0x20000064   COMPRESSED   0x00000004   Data   RW          458    .data               sys_memory.o
    0x20000068   COMPRESSED   0x00000001   Data   RW          545    .data               mpu6050.o
    0x20000069   COMPRESSED   0x00000001   PAD
    0x2000006a   COMPRESSED   0x00000008   Data   RW          655    .data               tft_ili9341.o
    0x20000072   COMPRESSED   0x00000002   PAD
    0x20000074   COMPRESSED   0x0000002c   Data   RW          776    .data               ahrs.o
    0x200000a0   COMPRESSED   0x0000000c   Data   RW          826    .data               brushlessmotor.o
    0x200000ac   COMPRESSED   0x00000001   Data   RW          907    .data               clib_arm.o
    0x200000ad   COMPRESSED   0x00000003   PAD
    0x200000b0   COMPRESSED   0x00000004   Data   RW         1038    .data               cmsis_os2.o
    0x200000b4   COMPRESSED   0x00000014   Data   RW         2631    .data               system_stm32f10x.o
    0x200000c8   COMPRESSED   0x00000018   Data   RW         2878    .data               heap_4.o
    0x200000e0   COMPRESSED   0x00000004   Data   RW         2940    .data               port.o
    0x200000e4   COMPRESSED   0x0000003c   Data   RW         3307    .data               tasks.o
    0x20000120   COMPRESSED   0x00000014   Data   RW         3649    .data               timers.o
    0x20000134        -       0x00000070   Zero   RW          158    .bss                stable.o
    0x200001a4        -       0x00004000   Zero   RW          457    .bss                sys_memory.o
    0x200041a4        -       0x00000030   Zero   RW          544    .bss                mpu6050.o
    0x200041d4        -       0x00000030   Zero   RW          653    .bss                tft_ili9341.o
    0x20004204        -       0x00001000   Zero   RW          825    .bss                brushlessmotor.o
    0x20005204        -       0x000001f0   Zero   RW          906    .bss                clib_arm.o
    0x200053f4        -       0x000003f8   Zero   RW         1037    .bss                cmsis_os2.o
    0x200057ec        -       0x00002000   Zero   RW         2877    .bss                heap_4.o
    0x200077ec        -       0x000004c4   Zero   RW         3306    .bss                tasks.o
    0x20007cb0        -       0x000000c8   Zero   RW         3648    .bss                timers.o
    0x20007d78        -       0x00000060   Zero   RW         4075    .bss                c_w.l(libspace.o)
    0x20007dd8        -       0x00000200   Zero   RW         2618    HEAP                startup_stm32f10x_hd.o
    0x20007fd8        -       0x00000400   Zero   RW         2617    STACK               startup_stm32f10x_hd.o


==============================================================================

Image component sizes


      Code (inc. data)   RO Data    RW Data    ZI Data      Debug   Object Name

      1404         46          0         44          0       4072   ahrs.o
      1912        102          0         12       4096       2108   brushlessmotor.o
       220         16          0          1        496       8876   clib_arm.o
       722         52          0          4       1016      38078   cmsis_os2.o
         0          0          0          0          0      15936   event_groups.o
       508         62          0         24       8192       4015   heap_4.o
       148          0          0          0          0       3298   list.o
        62         14          0          0          0     257220   main.o
      1632        144          0          1         48       9453   mpu6050.o
       420         48          0          4          0       8980   port.o
      1924         18          0          0          0      17556   queue.o
      3046        192          0         56        112       6171   stable.o
        64         26        304          0       1536        804   startup_stm32f10x_hd.o
       286          0          0          0          0       3336   stm32f10x_gpio.o
        32          6          0          0          0        605   stm32f10x_rcc.o
       116          0          0          0          0       3144   stm32f10x_spi.o
        24          0          0          0          0       1915   stm32f10x_tim.o
        12          0          0          0          0      12659   sys_core.o
       420          8          0          4          0       4676   sys_device.o
       208         12          0          4          0       2581   sys_driver.o
       678          8          0         36          0       5564   sys_i2c.o
       856         28          0          4      16384       5512   sys_memory.o
       328         28          0         20          0       2329   system_stm32f10x.o
      2876        408          0         60       1220      33427   tasks.o
      1748        156         30          8         48      10740   tft_ili9341.o
      1030        116          0         20        200       9071   timers.o

    ----------------------------------------------------------------------
     20702       1490        368        308      33348     472126   Object Totals
         0          0         32          0          0          0   (incl. Generated)
        26          0          2          6          0          0   (incl. Padding)

    ----------------------------------------------------------------------

      Code (inc. data)   RO Data    RW Data    ZI Data      Debug   Library Member Name

        90          0          0          0          0          0   __dczerorl2.o
         8          0          0          0          0         68   __main.o
         0          0          0          0          0          0   __rtentry.o
        20          0          0          0          0          0   __rtentry2.o
         6          0          0          0          0          0   __rtentry4.o
        52          8          0          0          0          0   __scatter.o
        28          0          0          0          0          0   __scatter_zi.o
        22          0          0          0          0        100   _rserrno.o
        16          0          0          0          0         68   aeabi_memset.o
        18          0          0          0          0         80   exit.o
         6          0          0          0          0        152   heapauxi.o
         0          0          0          0          0          0   indicate_semi.o
         2          0          0          0          0          0   libinit.o
         2          0          0          0          0          0   libinit2.o
         2          0          0          0          0          0   libshutdown.o
         2          0          0          0          0          0   libshutdown2.o
         8          4          0          0         96         68   libspace.o
         4          0          0          0          0         68   rt_errno_addr_twolibspace.o
        68          0          0          0          0         68   rt_memclr.o
        78          0          0          0          0         80   rt_memclr_w.o
       138          0          0          0          0         68   rt_memcpy_v6.o
       100          0          0          0          0         80   rt_memcpy_w.o
         2          0          0          0          0          0   rtexit.o
        10          0          0          0          0          0   rtexit2.o
       128          0          0          0          0         68   strcmpv7m.o
        12          4          0          0          0         68   sys_exit.o
        74          0          0          0          0         80   sys_stackheap_outer.o
         2          0          0          0          0         68   use_no_semi.o
        98          4          0          0          0         92   d2f.o
       826         16          0          0          0        348   daddsub_clz.o
        16          4          0          0          0         68   dcheck1.o
        24          0          0          0          0         68   dcmpi.o
       688        140          0          0          0        208   ddiv.o
        94          4          0          0          0         92   dfix.o
        84          0          0          0          0        136   dflt_clz.o
       120          4          0          0          0         92   dleqf.o
       340         12          0          0          0        104   dmul.o
       156          4          0          0          0         92   dnaninf.o
        12          0          0          0          0         68   dretinf.o
       460         56          0          0          0        120   dsqrt_noumaal.o
        86          4          0          0          0         84   f2d.o
       450          8          0          0          0        236   faddsub_clz.o
        12          4          0          0          0         68   fcheck1.o
        24          0          0          0          0         68   fcmpi.o
       388         76          0          0          0         96   fdiv.o
        54          4          0          0          0         84   ffix.o
        62          4          0          0          0         84   ffixu.o
        86          0          0          0          0        136   fflt_clz.o
       104          4          0          0          0         84   fleqf.o
       258          4          0          0          0         84   fmul.o
       140          4          0          0          0         84   fnaninf.o
        10          0          0          0          0         68   fretinf.o
        98          0          0          0          0         68   frleqf.o
        96          4          0          0          0         76   frnd.o
       100          0          0          0          0         68   retnan.o
        92          0          0          0          0         68   scalbn.o
        76          0          0          0          0         68   scalbnf.o
        48          0          0          0          0         68   trapv.o
         0          0          0          0          0          0   usenofp.o
       636         62         80          0          0        188   acos.o
       252         22         48          0          0        124   cos_i.o
       380         52          0          0          0        124   cosf.o
        34          6          0          0          0        204   dunder.o
        40          0          0          0          0         68   fpclassify.o
        38          0          0          0          0         68   fpclassifyf.o
        24          0          0          0          0        204   funder.o
       170          0          0          0          0         96   poly.o
       904         76        200          0          0        140   rred.o
       360         16         32          0          0         88   rredf.o
       160         10          0          0          0        108   sin.o
       236         12         40          0          0        128   sin_i.o
       392         54          0          0          0        124   sinf.o
        76          0          0          0          0         84   sqrt.o

    ----------------------------------------------------------------------
      9730        686        400          0         96       6012   Library Totals
        28          0          0          0          0          0   (incl. Padding)

    ----------------------------------------------------------------------

      Code (inc. data)   RO Data    RW Data    ZI Data      Debug   Library Name

       898         16          0          0         96       1184   c_w.l
      5102        360          0          0          0       3080   fz_ws.l
      3702        310        400          0          0       1748   m_ws.l

    ----------------------------------------------------------------------
      9730        686        400          0         96       6012   Library Totals

    ----------------------------------------------------------------------

==============================================================================


      Code (inc. data)   RO Data    RW Data    ZI Data      Debug   

     30432       2176        768        308      33444     465446   Grand Totals
     30432       2176        768         68      33444     465446   ELF Image Totals (compressed)
     30432       2176        768         68          0          0   ROM Totals

==============================================================================

    Total RO  Size (Code + RO Data)                31200 (  30.47kB)
    Total RW  Size (RW Data + ZI Data)             33752 (  32.96kB)
    Total ROM Size (Code + RO Data + RW Data)      31268 (  30.54kB)

==============================================================================

