Product: MDK-ARM Lite 5.10
Component: ARM Compiler 5.04 update 1 (build 49)
Tool: armlink [5040049]

==============================================================================

Section Cross References

    main.o(i.main) refers to tasks.o(i.xTaskCreate) for xTaskCreate
    main.o(i.main) refers to tasks.o(i.vTaskStartScheduler) for vTaskStartScheduler
    main.o(i.main) refers to main.o(i.test) for test
    main.o(i.test) refers to sys_core.o(i.SYS_Init) for SYS_Init
    main.o(i.test) refers to gui_core.o(i.GUI_Init) for GUI_Init
    main.o(i.test) refers to sys_memory.o(i.SYS_CallMem) for SYS_CallMem
    main.o(i.test) refers to sys_memory.o(i.SYS_FreeMem) for SYS_FreeMem
    tft_ili9341.o(i.DMA_TX_Init) refers to stm32f10x_dma.o(i.DMA_DeInit) for DMA_DeInit
    tft_ili9341.o(i.DMA_TX_Init) refers to stm32f10x_dma.o(i.DMA_Init) for DMA_Init
    tft_ili9341.o(i.DMA_TX_Init) refers to stm32f10x_dma.o(i.DMA_ITConfig) for DMA_ITConfig
    tft_ili9341.o(i.DMA_TX_Init) refers to stm32f10x_spi.o(i.SPI_I2S_DMACmd) for SPI_I2S_DMACmd
    tft_ili9341.o(i.DMA_TX_Init) refers to stm32f10x_dma.o(i.DMA_Cmd) for DMA_Cmd
    tft_ili9341.o(i.SPI1_Init) refers to rt_memcpy_w.o(.text) for __aeabi_memcpy4
    tft_ili9341.o(i.SPI1_Init) refers to stm32f10x_rcc.o(i.RCC_APB2PeriphClockCmd) for RCC_APB2PeriphClockCmd
    tft_ili9341.o(i.SPI1_Init) refers to stm32f10x_rcc.o(i.RCC_AHBPeriphClockCmd) for RCC_AHBPeriphClockCmd
    tft_ili9341.o(i.SPI1_Init) refers to stm32f10x_gpio.o(i.GPIO_Init) for GPIO_Init
    tft_ili9341.o(i.SPI1_Init) refers to stm32f10x_spi.o(i.SPI_Init) for SPI_Init
    tft_ili9341.o(i.SPI1_Init) refers to stm32f10x_spi.o(i.SPI_I2S_ITConfig) for SPI_I2S_ITConfig
    tft_ili9341.o(i.SPI1_Init) refers to stm32f10x_spi.o(i.SPI_Cmd) for SPI_Cmd
    tft_ili9341.o(i.SPI1_Init) refers to stm32f10x_spi.o(i.SPI_I2S_DMACmd) for SPI_I2S_DMACmd
    tft_ili9341.o(i.SPI1_Init) refers to stm32f10x_dma.o(i.DMA_Cmd) for DMA_Cmd
    tft_ili9341.o(i.SPI1_Init) refers to stm32f10x_dma.o(i.DMA_ITConfig) for DMA_ITConfig
    tft_ili9341.o(i.SPI1_Init) refers to misc.o(i.NVIC_Init) for NVIC_Init
    tft_ili9341.o(i.SPI1_Init) refers to tft_ili9341.o(.constdata) for .constdata
    tft_ili9341.o(i.Screen_Clear) refers to tft_ili9341.o(i.TFT_ILI9341_Address_set) for TFT_ILI9341_Address_set
    tft_ili9341.o(i.Screen_Clear) refers to tft_ili9341.o(i.TFT_ILI9341_WriteCmd) for TFT_ILI9341_WriteCmd
    tft_ili9341.o(i.Screen_Clear) refers to tft_ili9341.o(i.SPI_BaudRatePrescaler_datasize) for SPI_BaudRatePrescaler_datasize
    tft_ili9341.o(i.Screen_Clear) refers to stm32f10x_gpio.o(i.GPIO_SetBits) for GPIO_SetBits
    tft_ili9341.o(i.Screen_DrawPoint) refers to tft_ili9341.o(i.TFT_ILI9341_Address_set) for TFT_ILI9341_Address_set
    tft_ili9341.o(i.Screen_DrawPoint) refers to tft_ili9341.o(i.TFT_ILI9341_WriteCmd) for TFT_ILI9341_WriteCmd
    tft_ili9341.o(i.Screen_DrawPoint) refers to tft_ili9341.o(i.TFT_ILI9341_WriteData_16bit) for TFT_ILI9341_WriteData_16bit
    tft_ili9341.o(i.Screen_ReadColor) refers to tft_ili9341.o(i.TFT_ILI9341_Address_set) for TFT_ILI9341_Address_set
    tft_ili9341.o(i.Screen_ReadColor) refers to tft_ili9341.o(i.TFT_ILI9341_WriteCmd) for TFT_ILI9341_WriteCmd
    tft_ili9341.o(i.Screen_ReadColor) refers to tft_ili9341.o(i.TFT_ILI9341_ReadData_16bit) for TFT_ILI9341_ReadData_16bit
    tft_ili9341.o(i.Screen_ReadColor) refers to stm32f10x_gpio.o(i.GPIO_SetBits) for GPIO_SetBits
    tft_ili9341.o(i.Screen_ReadColor) refers to stm32f10x_gpio.o(i.GPIO_ResetBits) for GPIO_ResetBits
    tft_ili9341.o(i.TFT_ILI9341_Address_set) refers to tft_ili9341.o(i.TFT_ILI9341_WriteCmd) for TFT_ILI9341_WriteCmd
    tft_ili9341.o(i.TFT_ILI9341_Address_set) refers to tft_ili9341.o(i.TFT_ILI9341_WriteData_8bit) for TFT_ILI9341_WriteData_8bit
    tft_ili9341.o(i.TFT_ILI9341_HardRest) refers to stm32f10x_gpio.o(i.GPIO_SetBits) for GPIO_SetBits
    tft_ili9341.o(i.TFT_ILI9341_HardRest) refers to stm32f10x_gpio.o(i.GPIO_ResetBits) for GPIO_ResetBits
    tft_ili9341.o(i.TFT_ILI9341_Init) refers to tft_ili9341.o(i.SPI1_Init) for SPI1_Init
    tft_ili9341.o(i.TFT_ILI9341_Init) refers to stm32f10x_gpio.o(i.GPIO_ResetBits) for GPIO_ResetBits
    tft_ili9341.o(i.TFT_ILI9341_Init) refers to stm32f10x_gpio.o(i.GPIO_SetBits) for GPIO_SetBits
    tft_ili9341.o(i.TFT_ILI9341_Init) refers to tasks.o(i.vTaskDelay) for vTaskDelay
    tft_ili9341.o(i.TFT_ILI9341_Init) refers to tft_ili9341.o(i.TFT_ILI9341_WriteCmd) for TFT_ILI9341_WriteCmd
    tft_ili9341.o(i.TFT_ILI9341_Init) refers to tft_ili9341.o(i.TFT_ILI9341_WriteData_8bit) for TFT_ILI9341_WriteData_8bit
    tft_ili9341.o(i.TFT_ILI9341_Init) refers to tft_ili9341.o(i.Screen_Clear) for Screen_Clear
    tft_ili9341.o(i.TFT_ILI9341_LoadInfo) refers to tft_ili9341.o(i.Screen_DrawPoint) for Screen_DrawPoint
    tft_ili9341.o(i.TFT_ILI9341_LoadInfo) refers to tft_ili9341.o(.bss) for LCDdata
    tft_ili9341.o(i.TFT_ILI9341_LoadInfo) refers to tft_ili9341.o(i.Screen_Clear) for Screen_Clear
[...]
    W-SYSTEM\\SYS_Core.c                     0x00000000   Number         0  sys_core.o ABSOLUTE
    W-SYSTEM\\SYS_Device.c                   0x00000000   Number         0  sys_device.o ABSOLUTE
    W-SYSTEM\\SYS_Memory.c                   0x00000000   Number         0  sys_memory.o ABSOLUTE
    dc.s                                     0x00000000   Number         0  dc.o ABSOLUTE
    RESET                                    0x08000000   Section      236  startup_stm32f10x_md.o(RESET)
    !!!main                                  0x080000ec   Section        8  __main.o(!!!main)
    !!!scatter                               0x080000f4   Section       52  __scatter.o(!!!scatter)
    !!handler_copy                           0x08000128   Section       26  __scatter_copy.o(!!handler_copy)
    !!handler_zi                             0x08000144   Section       28  __scatter_zi.o(!!handler_zi)
    .ARM.Collect$$libinit$$00000000          0x08000160   Section        2  libinit.o(.ARM.Collect$$libinit$$00000000)
    .ARM.Collect$$libinit$$00000002          0x08000162   Section        0  libinit2.o(.ARM.Collect$$libinit$$00000002)
    .ARM.Collect$$libinit$$00000003          0x08000162   Section        8  libinit2.o(.ARM.Collect$$libinit$$00000003)
    .ARM.Collect$$libinit$$00000008          0x0800016a   Section        0  libinit2.o(.ARM.Collect$$libinit$$00000008)
    .ARM.Collect$$libinit$$0000000A          0x0800016a   Section        0  libinit2.o(.ARM.Collect$$libinit$$0000000A)
    .ARM.Collect$$libinit$$0000000C          0x0800016a   Section        0  libinit2.o(.ARM.Collect$$libinit$$0000000C)
    .ARM.Collect$$libinit$$0000000F          0x0800016a   Section        0  libinit2.o(.ARM.Collect$$libinit$$0000000F)
    .ARM.Collect$$libinit$$00000011          0x0800016a   Section        0  libinit2.o(.ARM.Collect$$libinit$$00000011)
    .ARM.Collect$$libinit$$00000013          0x0800016a   Section        0  libinit2.o(.ARM.Collect$$libinit$$00000013)
    .ARM.Collect$$libinit$$00000015          0x0800016a   Section        0  libinit2.o(.ARM.Collect$$libinit$$00000015)
    .ARM.Collect$$libinit$$00000017          0x0800016a   Section        0  libinit2.o(.ARM.Collect$$libinit$$00000017)
    .ARM.Collect$$libinit$$00000019          0x0800016a   Section        0  libinit2.o(.ARM.Collect$$libinit$$00000019)
    .ARM.Collect$$libinit$$0000001B          0x0800016a   Section        0  libinit2.o(.ARM.Collect$$libinit$$0000001B)
    .ARM.Collect$$libinit$$0000001D          0x0800016a   Section        0  libinit2.o(.ARM.Collect$$libinit$$0000001D)
    .ARM.Collect$$libinit$$0000001F          0x0800016a   Section        0  libinit2.o(.ARM.Collect$$libinit$$0000001F)
    .ARM.Collect$$libinit$$00000021          0x0800016a   Section        0  libinit2.o(.ARM.Collect$$libinit$$00000021)
    .ARM.Collect$$libinit$$00000023          0x0800016a   Section        0  libinit2.o(.ARM.Collect$$libinit$$00000023)
    .ARM.Collect$$libinit$$0000002A          0x0800016a   Section        0  libinit2.o(.ARM.Collect$$libinit$$0000002A)
    .ARM.Collect$$libinit$$0000002C          0x0800016a   Section        0  libinit2.o(.ARM.Collect$$libinit$$0000002C)
    .ARM.Collect$$libinit$$0000002E          0x0800016a   Section        0  libinit2.o(.ARM.Collect$$libinit$$0000002E)
    .ARM.Collect$$libinit$$00000030          0x0800016a   Section        0  libinit2.o(.ARM.Collect$$libinit$$00000030)
    .ARM.Collect$$libinit$$00000031          0x0800016a   Section        2  libinit2.o(.ARM.Collect$$libinit$$00000031)
    .ARM.Collect$$libshutdown$$00000000      0x0800016c   Section        2  libshutdown.o(.ARM.Collect$$libshutdown$$00000000)
    .ARM.Collect$$libshutdown$$00000003      0x0800016e   Section        0  libshutdown2.o(.ARM.Collect$$libshutdown$$00000003)
    .ARM.Collect$$libshutdown$$00000006      0x0800016e   Section        0  libshutdown2.o(.ARM.Collect$$libshutdown$$00000006)
    .ARM.Collect$$libshutdown$$00000009      0x0800016e   Section        0  libshutdown2.o(.ARM.Collect$$libshutdown$$00000009)
    .ARM.Collect$$libshutdown$$0000000B      0x0800016e   Section        0  libshutdown2.o(.ARM.Collect$$libshutdown$$0000000B)
    .ARM.Collect$$libshutdown$$0000000C      0x0800016e   Section        4  libshutdown2.o(.ARM.Collect$$libshutdown$$0000000C)
    .ARM.Collect$$libshutdown$$0000000E      0x08000172   Section        0  libshutdown2.o(.ARM.Collect$$libshutdown$$0000000E)
    .ARM.Collect$$libshutdown$$0000000F      0x08000172   Section        2  libshutdown2.o(.ARM.Collect$$libshutdown$$0000000F)
    .ARM.Collect$$rtentry$$00000000          0x08000174   Section        0  rtentry.o(.ARM.Collect$$rtentry$$00000000)
    .ARM.Collect$$rtentry$$00000002          0x08000174   Section        0  rtentry2.o(.ARM.Collect$$rtentry$$00000002)
    .ARM.Collect$$rtentry$$00000004          0x08000174   Section        6  rtentry4.o(.ARM.Collect$$rtentry$$00000004)
    .ARM.Collect$$rtentry$$00000008          0x0800017a   Section        8  rtentry2.o(.ARM.Collect$$rtentry$$00000008)
    .ARM.Collect$$rtentry$$0000000A          0x08000182   Section        4  rtentry2.o(.ARM.Collect$$rtentry$$0000000A)
    .ARM.Collect$$rtentry$$0000000C          0x08000186   Section        0  rtentry2.o(.ARM.Collect$$rtentry$$0000000C)
    .ARM.Collect$$rtentry$$0000000D          0x08000186   Section        8  rtentry2.o(.ARM.Collect$$rtentry$$0000000D)
    .ARM.Collect$$rtexit$$00000000           0x0800018e   Section        2  rtexit.o(.ARM.Collect$$rtexit$$00000000)
    .ARM.Collect$$rtexit$$00000002           0x08000190   Section        0  rtexit2.o(.ARM.Collect$$rtexit$$00000002)
    .ARM.Collect$$rtexit$$00000003           0x08000190   Section        4  rtexit2.o(.ARM.Collect$$rtexit$$00000003)
    .ARM.Collect$$rtexit$$00000004           0x08000194   Section        6  rtexit2.o(.ARM.Collect$$rtexit$$00000004)
    .emb_text                                0x0800019c   Section      150  port.o(.emb_text)
    .emb_text                                0x08000234   Section        0  maybetermalloc2.o(.emb_text)
    .text                                    0x08000234   Section       64  startup_stm32f10x_md.o(.text)
    .text                                    0x08000274   Section        0  h1_alloc_mt.o(.text)
    Heap1_SizeAdjust                         0x08000275   Thumb Code     8  h1_alloc_mt.o(.text)
    .text                                    0x08000312   Section        0  h1_free_mt.o(.text)
    .text                                    0x08000388   Section      138  rt_memcpy_v6.o(.text)
    .text                                    0x08000412   Section      100  rt_memcpy_w.o(.text)
    .text                                    0x08000476   Section       16  aeabi_memset.o(.text)
    .text                                    0x08000486   Section        0  heapauxi.o(.text)
    .text                                    0x0800048c   Section       10  rt_heap_descriptor_twolibspace.o(.text)
    .text                                    0x08000496   Section        0  hguard.o(.text)
    .text                                    0x0800049a   Section        0  init_alloc.o(.text)
    .text                                    0x08000524   Section        0  h1_init_mt.o(.text)
    .text                                    0x08000536   Section       68  rt_memclr.o(.text)
    .text                                    0x0800057c   Section        8  libspace.o(.text)
    .text                                    0x08000584   Section        0  h1_extend_mt.o(.text)
    .text                                    0x080005c2   Section        0  defsig_rtmem_outer.o(.text)
    .text                                    0x080005d0   Section       78  rt_memclr_w.o(.text)
    .text                                    0x0800061e   Section        2  use_no_semi.o(.text)
    .text                                    0x08000620   Section        0  indicate_semi.o(.text)
    .text                                    0x08000620   Section       74  sys_stackheap_outer.o(.text)
    .text                                    0x0800066a   Section        0  term_alloc.o(.text)
    .text                                    0x0800067a   Section        0  exit.o(.text)
    .text                                    0x08000686   Section        0  defsig_exit.o(.text)
    .text                                    0x08000690   Section        0  defsig_rtmem_inner.o(.text)
    .text                                    0x080006e0   Section        0  sys_exit.o(.text)
    .text                                    0x080006ec   Section        0  h1_final_mt.o(.text)
    .text                                    0x080006f6   Section        0  defsig_general.o(.text)
    .text                                    0x08000728   Section        0  sys_wrch.o(.text)
    i.AddToDriverTree                        0x08000738   Section        0  sys_device.o(i.AddToDriverTree)
    i.DMA_Cmd                                0x08000778   Section        0  stm32f10x_dma.o(i.DMA_Cmd)
    i.DMA_ITConfig                           0x08000790   Section        0  stm32f10x_dma.o(i.DMA_ITConfig)
    i.GPIO_Init                              0x080007a2   Section        0  stm32f10x_gpio.o(i.GPIO_Init)
    i.GPIO_ResetBits                         0x080008b8   Section        0  stm32f10x_gpio.o(i.GPIO_ResetBits)
    i.GPIO_SetBits                           0x080008bc   Section        0  stm32f10x_gpio.o(i.GPIO_SetBits)
    i.GUI_Init                               0x080008c0   Section        0  gui_core.o(i.GUI_Init)
    i.GUI_LoadFunction                       0x080008ec   Section        0  gui_core.o(i.GUI_LoadFunction)
    i.NVIC_Init                              0x08000938   Section        0  misc.o(i.NVIC_Init)
    i.RCC_AHBPeriphClockCmd                  0x080009a8   Section        0  stm32f10x_rcc.o(i.RCC_AHBPeriphClockCmd)
    i.RCC_APB2PeriphClockCmd                 0x080009c8   Section        0  stm32f10x_rcc.o(i.RCC_APB2PeriphClockCmd)
    i.SPI1_Init                              0x080009e8   Section        0  tft_ili9341.o(i.SPI1_Init)
    i.SPI_BaudRatePrescaler_datasize         0x08000ab0   Section        0  tft_ili9341.o(i.SPI_BaudRatePrescaler_datasize)
    i.SPI_Cmd                                0x08000aec   Section        0  stm32f10x_spi.o(i.SPI_Cmd)
    i.SPI_I2S_DMACmd                         0x08000b04   Section        0  stm32f10x_spi.o(i.SPI_I2S_DMACmd)
    i.SPI_I2S_ITConfig                       0x08000b16   Section        0  stm32f10x_spi.o(i.SPI_I2S_ITConfig)
    i.SPI_Init                               0x08000b36   Section        0  stm32f10x_spi.o(i.SPI_Init)
    i.SYS_AddtoDriverPassTree                0x08000b74   Section        0  sys_device.o(i.SYS_AddtoDriverPassTree)
    i.SYS_AddtoDriverTree                    0x08000be8   Section        0  sys_device.o(i.SYS_AddtoDriverTree)
    i.SYS_CallHEAP                           0x08000bf8   Section        0  sys_memory.o(i.SYS_CallHEAP)
    i.SYS_CallMem                            0x08000c20   Section        0  sys_memory.o(i.SYS_CallMem)
    i.SYS_DriverInit                         0x08000ce0   Section        0  sys_device.o(i.SYS_DriverInit)
    i.SYS_FreeMem                            0x08000cec   Section        0  sys_memory.o(i.SYS_FreeMem)
    i.SYS_Init                               0x08000dc4   Section        0  sys_core.o(i.SYS_Init)
    i.SYS_MemoryHEAPCall                     0x08000dd0   Section        0  sys_memory.o(i.SYS_MemoryHEAPCall)
    i.SYS_MemoryInit                         0x08000e24   Section        0  sys_memory.o(i.SYS_MemoryInit)
    i.SYS_MemorySizeChoice                   0x08000e98   Section        0  sys_memory.o(i.SYS_MemorySizeChoice)
    i.Screen_Clear                           0x08000eb8   Section        0  tft_ili9341.o(i.Screen_Clear)
    i.Screen_DrawPoint                       0x08000f30   Section        0  tft_ili9341.o(i.Screen_DrawPoint)
    i.Screen_ReadColor                       0x08000f54   Section        0  tft_ili9341.o(i.Screen_ReadColor)
    i.SetSysClock                            0x08000fc0   Section        0  system_stm32f10x.o(i.SetSysClock)
    SetSysClock                              0x08000fc1   Thumb Code     8  system_stm32f10x.o(i.SetSysClock)
    i.SetSysClockTo72                        0x08000fc8   Section        0  system_stm32f10x.o(i.SetSysClockTo72)
    SetSysClockTo72                          0x08000fc9   Thumb Code   214  system_stm32f10x.o(i.SetSysClockTo72)
    i.SysTick_Handler                        0x080010a8   Section        0  freertos_tick_config.o(i.SysTick_Handler)
    i.SystemInit                             0x080010b8   Section        0  system_stm32f10x.o(i.SystemInit)
    i.TFT_ILI9341_Address_set                0x08001118   Section        0  tft_ili9341.o(i.TFT_ILI9341_Address_set)
    i.TFT_ILI9341_Init                       0x08001164   Section        0  tft_ili9341.o(i.TFT_ILI9341_Init)
    i.TFT_ILI9341_LoadInfo                   0x080013e0   Section        0  tft_ili9341.o(i.TFT_ILI9341_LoadInfo)
    i.TFT_ILI9341_ReadData_16bit             0x08001410   Section        0  tft_ili9341.o(i.TFT_ILI9341_ReadData_16bit)
    i.TFT_ILI9341_TEST                       0x08001460   Section        0  tft_ili9341.o(i.TFT_ILI9341_TEST)
    i.TFT_ILI9341_WriteCmd                   0x0800148c   Section        0  tft_ili9341.o(i.TFT_ILI9341_WriteCmd)
    i.TFT_ILI9341_WriteData_16bit            0x080014bc   Section        0  tft_ili9341.o(i.TFT_ILI9341_WriteData_16bit)
    i.TFT_ILI9341_WriteData_8bit             0x080014f0   Section        0  tft_ili9341.o(i.TFT_ILI9341_WriteData_8bit)
    i.__get_BASEPRI                          0x08001520   Section        0  cmsis_os2.o(i.__get_BASEPRI)
    __get_BASEPRI                            0x08001521   Thumb Code     6  cmsis_os2.o(i.__get_BASEPRI)
    i.__get_IPSR                             0x08001526   Section        0  cmsis_os2.o(i.__get_IPSR)
    __get_IPSR                               0x08001527   Thumb Code     6  cmsis_os2.o(i.__get_IPSR)
    i.__get_PRIMASK                          0x0800152c   Section        0  cmsis_os2.o(i.__get_PRIMASK)
    __get_PRIMASK                            0x0800152d   Thumb Code     6  cmsis_os2.o(i.__get_PRIMASK)
    i._mutex_acquire                         0x08001532   Section        0  clib_arm.o(i._mutex_acquire)
    __tagsym$$used                           0x08001533   Number         0  clib_arm.o(i._mutex_acquire)
    i._mutex_free                            0x08001548   Section        0  clib_arm.o(i._mutex_free)
    __tagsym$$used                           0x08001549   Number         0  clib_arm.o(i._mutex_free)
    i._mutex_initialize                      0x08001554   Section        0  clib_arm.o(i._mutex_initialize)
    __tagsym$$used                           0x08001555   Number         0  clib_arm.o(i._mutex_initialize)
    i._mutex_release                         0x0800156c   Section        0  clib_arm.o(i._mutex_release)
    __tagsym$$used                           0x0800156d   Number         0  clib_arm.o(i._mutex_release)
    i._platform_post_stackheap_init          0x0800157e   Section        0  clib_arm.o(i._platform_post_stackheap_init)
    i.main                                   0x08001588   Section        0  main.o(i.main)
    i.osKernelGetState                       0x080015b4   Section        0  cmsis_os2.o(i.osKernelGetState)
    i.osKernelInitialize                     0x08001608   Section        0  cmsis_os2.o(i.osKernelInitialize)
    i.osMutexAcquire                         0x08001650   Section        0  cmsis_os2.o(i.osMutexAcquire)
    i.osMutexDelete                          0x080016d0   Section        0  cmsis_os2.o(i.osMutexDelete)
    i.osMutexNew                             0x08001710   Section        0  cmsis_os2.o(i.osMutexNew)
    i.osMutexRelease                         0x080017c8   Section        0  cmsis_os2.o(i.osMutexRelease)
    i.os_kernel_is_active                    0x08001830   Section        0  clib_arm.o(i.os_kernel_is_active)
    os_kernel_is_active                      0x08001831   Thumb Code    32  clib_arm.o(i.os_kernel_is_active)
    i.prvAddCurrentTaskToDelayedList         0x08001854   Section        0  tasks.o(i.prvAddCurrentTaskToDelayedList)
    prvAddCurrentTaskToDelayedList           0x08001855   Thumb Code   100  tasks.o(i.prvAddCurrentTaskToDelayedList)
    i.prvAddNewTaskToReadyList               0x080018d0   Section        0  tasks.o(i.prvAddNewTaskToReadyList)
    prvAddNewTaskToReadyList                 0x080018d1   Thumb Code   154  tasks.o(i.prvAddNewTaskToReadyList)
    i.prvCheckForValidListAndQueue           0x08001988   Section        0  timers.o(i.prvCheckForValidListAndQueue)
    prvCheckForValidListAndQueue             0x08001989   Thumb Code    62  timers.o(i.prvCheckForValidListAndQueue)
    i.prvCheckTasksWaitingTermination        0x080019e4   Section        0  tasks.o(i.prvCheckTasksWaitingTermination)
    prvCheckTasksWaitingTermination          0x080019e5   Thumb Code    86  tasks.o(i.prvCheckTasksWaitingTermination)
    i.prvCopyDataFromQueue                   0x08001a48   Section        0  queue.o(i.prvCopyDataFromQueue)
    prvCopyDataFromQueue                     0x08001a49   Thumb Code    42  queue.o(i.prvCopyDataFromQueue)
    i.prvCopyDataToQueue                     0x08001a72   Section        0  queue.o(i.prvCopyDataToQueue)
    prvCopyDataToQueue                       0x08001a73   Thumb Code   124  queue.o(i.prvCopyDataToQueue)
    i.prvDeleteTCB                           0x08001aee   Section        0  tasks.o(i.prvDeleteTCB)
    prvDeleteTCB                             0x08001aef   Thumb Code    40  tasks.o(i.prvDeleteTCB)
    i.prvGetNextExpireTime                   0x08001b18   Section        0  timers.o(i.prvGetNextExpireTime)
    prvGetNextExpireTime                     0x08001b19   Thumb Code    36  timers.o(i.prvGetNextExpireTime)
    i.prvIdleTask                            0x08001b40   Section        0  tasks.o(i.prvIdleTask)
    prvIdleTask                              0x08001b41   Thumb Code    32  tasks.o(i.prvIdleTask)
    i.prvInitialiseMutex                     0x08001b68   Section        0  queue.o(i.prvInitialiseMutex)
    prvInitialiseMutex                       0x08001b69   Thumb Code    28  queue.o(i.prvInitialiseMutex)
    i.prvInitialiseNewQueue                  0x08001b84   Section        0  queue.o(i.prvInitialiseNewQueue)
    prvInitialiseNewQueue                    0x08001b85   Thumb Code    42  queue.o(i.prvInitialiseNewQueue)
    i.prvInitialiseNewTask                   0x08001bae   Section        0  tasks.o(i.prvInitialiseNewTask)
    prvInitialiseNewTask                     0x08001baf   Thumb Code   144  tasks.o(i.prvInitialiseNewTask)
    i.prvInitialiseTaskLists                 0x08001c40   Section        0  tasks.o(i.prvInitialiseTaskLists)
    prvInitialiseTaskLists                   0x08001c41   Thumb Code    70  tasks.o(i.prvInitialiseTaskLists)
    i.prvInsertBlockIntoFreeList             0x08001ca8   Section        0  heap_5.o(i.prvInsertBlockIntoFreeList)
    prvInsertBlockIntoFreeList               0x08001ca9   Thumb Code    96  heap_5.o(i.prvInsertBlockIntoFreeList)
    i.prvInsertTimerInActiveList             0x08001d10   Section        0  timers.o(i.prvInsertTimerInActiveList)
    prvInsertTimerInActiveList               0x08001d11   Thumb Code    80  timers.o(i.prvInsertTimerInActiveList)
    i.prvIsQueueEmpty                        0x08001d68   Section        0  queue.o(i.prvIsQueueEmpty)
    prvIsQueueEmpty                          0x08001d69   Thumb Code    26  queue.o(i.prvIsQueueEmpty)
    i.prvIsQueueFull                         0x08001d82   Section        0  queue.o(i.prvIsQueueFull)
    prvIsQueueFull                           0x08001d83   Thumb Code    30  queue.o(i.prvIsQueueFull)
    i.prvProcessExpiredTimer                 0x08001da0   Section        0  timers.o(i.prvProcessExpiredTimer)
    prvProcessExpiredTimer                   0x08001da1   Thumb Code    70  timers.o(i.prvProcessExpiredTimer)
    i.prvProcessReceivedCommands             0x08001dec   Section        0  timers.o(i.prvProcessReceivedCommands)
    prvProcessReceivedCommands               0x08001ded   Thumb Code   208  timers.o(i.prvProcessReceivedCommands)
    i.prvProcessTimerOrBlockTask             0x08001ec0   Section        0  timers.o(i.prvProcessTimerOrBlockTask)
    prvProcessTimerOrBlockTask               0x08001ec1   Thumb Code   102  timers.o(i.prvProcessTimerOrBlockTask)
    i.prvResetNextTaskUnblockTime            0x08001f34   Section        0  tasks.o(i.prvResetNextTaskUnblockTime)
    prvResetNextTaskUnblockTime              0x08001f35   Thumb Code    42  tasks.o(i.prvResetNextTaskUnblockTime)
    i.prvSampleTimeNow                       0x08001f68   Section        0  timers.o(i.prvSampleTimeNow)
    prvSampleTimeNow                         0x08001f69   Thumb Code    40  timers.o(i.prvSampleTimeNow)
    i.prvSwitchTimerLists                    0x08001f94   Section        0  timers.o(i.prvSwitchTimerLists)
    prvSwitchTimerLists                      0x08001f95   Thumb Code   122  timers.o(i.prvSwitchTimerLists)
    i.prvTaskExitError                       0x08002018   Section        0  port.o(i.prvTaskExitError)
    prvTaskExitError                         0x08002019   Thumb Code    22  port.o(i.prvTaskExitError)
    i.prvTimerTask                           0x0800202e   Section        0  timers.o(i.prvTimerTask)
    prvTimerTask                             0x0800202f   Thumb Code    26  timers.o(i.prvTimerTask)
    i.prvUnlockQueue                         0x08002048   Section        0  queue.o(i.prvUnlockQueue)
    prvUnlockQueue                           0x08002049   Thumb Code   126  queue.o(i.prvUnlockQueue)
    i.pvPortMalloc                           0x080020c8   Section        0  heap_5.o(i.pvPortMalloc)
    i.pvTaskIncrementMutexHeldCount          0x08002190   Section        0  tasks.o(i.pvTaskIncrementMutexHeldCount)
    i.pxPortInitialiseStack                  0x080021b0   Section        0  port.o(i.pxPortInitialiseStack)
    i.test                                   0x080021d4   Section        0  main.o(i.test)
    i.uxListRemove                           0x08002244   Section        0  list.o(i.uxListRemove)
    i.vApplicationGetIdleTaskMemory          0x0800226c   Section        0  cmsis_os2.o(i.vApplicationGetIdleTaskMemory)
    i.vApplicationGetTimerTaskMemory         0x08002284   Section        0  cmsis_os2.o(i.vApplicationGetTimerTaskMemory)
    i.vApplicationStackOverflowHook          0x0800229c   Section        0  cmsis_os2.o(i.vApplicationStackOverflowHook)
    i.vListInitialise                        0x0800229e   Section        0  list.o(i.vListInitialise)
    i.vListInitialiseItem                    0x080022b8   Section        0  list.o(i.vListInitialiseItem)
    i.vListInsert                            0x080022be   Section        0  list.o(i.vListInsert)
    i.vListInsertEnd                         0x080022f2   Section        0  list.o(i.vListInsertEnd)
    i.vPortDefineHeapRegions                 0x0800230c   Section        0  heap_5.o(i.vPortDefineHeapRegions)
    i.vPortEnterCritical                     0x080023f0   Section        0  port.o(i.vPortEnterCritical)
    i.vPortExitCritical                      0x08002414   Section        0  port.o(i.vPortExitCritical)
    i.vPortFree                              0x08002434   Section        0  heap_5.o(i.vPortFree)
    i.vPortSetupTimerInterrupt               0x0800247c   Section        0  port.o(i.vPortSetupTimerInterrupt)
    i.vQueueDelete                           0x0800249c   Section        0  queue.o(i.vQueueDelete)
    i.vQueueWaitForMessageRestricted         0x080024b0   Section        0  queue.o(i.vQueueWaitForMessageRestricted)
    i.vTaskDelay                             0x080024fc   Section        0  tasks.o(i.vTaskDelay)
    i.vTaskMissedYield                       0x08002530   Section        0  tasks.o(i.vTaskMissedYield)
    i.vTaskPlaceOnEventList                  0x0800253c   Section        0  tasks.o(i.vTaskPlaceOnEventList)
    i.vTaskPlaceOnEventListRestricted        0x0800255c   Section        0  tasks.o(i.vTaskPlaceOnEventListRestricted)
    i.vTaskPriorityInherit                   0x08002584   Section        0  tasks.o(i.vTaskPriorityInherit)
    i.vTaskSetTimeOutState                   0x08002610   Section        0  tasks.o(i.vTaskSetTimeOutState)
    i.vTaskStartScheduler                    0x08002628   Section        0  tasks.o(i.vTaskStartScheduler)
    i.vTaskSuspendAll                        0x080026bc   Section        0  tasks.o(i.vTaskSuspendAll)
    i.vTaskSwitchContext                     0x080026cc   Section        0  tasks.o(i.vTaskSwitchContext)
    i.xPortStartScheduler                    0x0800277c   Section        0  port.o(i.xPortStartScheduler)
    i.xPortSysTickHandler                    0x080027b0   Section        0  port.o(i.xPortSysTickHandler)
    i.xQueueCreateMutex                      0x080027e4   Section        0  queue.o(i.xQueueCreateMutex)
    i.xQueueCreateMutexStatic                0x08002806   Section        0  queue.o(i.xQueueCreateMutexStatic)
    i.xQueueGenericCreate                    0x08002830   Section        0  queue.o(i.xQueueGenericCreate)
    i.xQueueGenericCreateStatic              0x0800286e   Section        0  queue.o(i.xQueueGenericCreateStatic)
    i.xQueueGenericReceive                   0x0800289c   Section        0  queue.o(i.xQueueGenericReceive)
    i.xQueueGenericReset                     0x080029f8   Section        0  queue.o(i.xQueueGenericReset)
    i.xQueueGenericSend                      0x08002a78   Section        0  queue.o(i.xQueueGenericSend)
    i.xQueueGenericSendFromISR               0x08002b90   Section        0  queue.o(i.xQueueGenericSendFromISR)
    i.xQueueGiveMutexRecursive               0x08002c16   Section        0  queue.o(i.xQueueGiveMutexRecursive)
    i.xQueueTakeMutexRecursive               0x08002c46   Section        0  queue.o(i.xQueueTakeMutexRecursive)
    i.xTaskCheckForTimeOut                   0x08002c80   Section        0  tasks.o(i.xTaskCheckForTimeOut)
    i.xTaskCreate                            0x08002cdc   Section        0  tasks.o(i.xTaskCreate)
    i.xTaskCreateStatic                      0x08002d40   Section        0  tasks.o(i.xTaskCreateStatic)
    i.xTaskGetCurrentTaskHandle              0x08002d90   Section        0  tasks.o(i.xTaskGetCurrentTaskHandle)
    i.xTaskGetSchedulerState                 0x08002d9c   Section        0  tasks.o(i.xTaskGetSchedulerState)
    i.xTaskGetTickCount                      0x08002dbc   Section        0  tasks.o(i.xTaskGetTickCount)
    i.xTaskIncrementTick                     0x08002dc8   Section        0  tasks.o(i.xTaskIncrementTick)
    i.xTaskPriorityDisinherit                0x08002ee0   Section        0  tasks.o(i.xTaskPriorityDisinherit)
    i.xTaskRemoveFromEventList               0x08002f40   Section        0  tasks.o(i.xTaskRemoveFromEventList)
    i.xTaskResumeAll                         0x08002fc0   Section        0  tasks.o(i.xTaskResumeAll)
    i.xTimerCreateTimerTask                  0x080030a8   Section        0  timers.o(i.xTimerCreateTimerTask)
    i.xTimerGenericCommand                   0x08003108   Section        0  timers.o(i.xTimerGenericCommand)
    .constdata                               0x08003174   Section       40  tft_ili9341.o(.constdata)
    .data                                    0x20000000   Section        4  gui_core.o(.data)
    .data                                    0x20000004   Section        8  sys_device.o(.data)
    .data                                    0x2000000c   Section        4  sys_memory.o(.data)
    .data                                    0x20000010   Section        1  clib_arm.o(.data)
    os_kernel_active                         0x20000010   Data           1  clib_arm.o(.data)
    .data                                    0x20000014   Section       20  cmsis_os2.o(.data)
    KernelState                              0x20000014   Data           4  cmsis_os2.o(.data)
    xHeapRegions                             0x20000018   Data          16  cmsis_os2.o(.data)
    .data                                    0x20000028   Section       20  system_stm32f10x.o(.data)
    .data                                    0x2000003c   Section       24  heap_5.o(.data)
    xStart                                   0x2000003c   Data           8  heap_5.o(.data)
    pxEnd                                    0x20000044   Data           4  heap_5.o(.data)
    xFreeBytesRemaining                      0x20000048   Data           4  heap_5.o(.data)
    xMinimumEverFreeBytesRemaining           0x2000004c   Data           4  heap_5.o(.data)
    xBlockAllocatedBit                       0x20000050   Data           4  heap_5.o(.data)
    .data                                    0x20000054   Section        4  port.o(.data)
    uxCriticalNesting                        0x20000054   Data           4  port.o(.data)
    .data                                    0x20000058   Section       60  tasks.o(.data)
    pxDelayedTaskList                        0x2000005c   Data           4  tasks.o(.data)
    pxOverflowDelayedTaskList                0x20000060   Data           4  tasks.o(.data)
    uxDeletedTasksWaitingCleanUp             0x20000064   Data           4  tasks.o(.data)
    uxCurrentNumberOfTasks                   0x20000068   Data           4  tasks.o(.data)
    xTickCount                               0x2000006c   Data           4  tasks.o(.data)
    uxTopReadyPriority                       0x20000070   Data           4  tasks.o(.data)
    xSchedulerRunning                        0x20000074   Data           4  tasks.o(.data)
    uxPendedTicks                            0x20000078   Data           4  tasks.o(.data)
    xYieldPending                            0x2000007c   Data           4  tasks.o(.data)
    xNumOfOverflows                          0x20000080   Data           4  tasks.o(.data)
    uxTaskNumber                             0x20000084   Data           4  tasks.o(.data)
    xNextTaskUnblockTime                     0x20000088   Data           4  tasks.o(.data)
    xIdleTaskHandle                          0x2000008c   Data           4  tasks.o(.data)
    uxSchedulerSuspended                     0x20000090   Data           4  tasks.o(.data)
    .data                                    0x20000094   Section       20  timers.o(.data)
    pxCurrentTimerList                       0x20000094   Data           4  timers.o(.data)
    pxOverflowTimerList                      0x20000098   Data           4  timers.o(.data)
    xTimerQueue                              0x2000009c   Data           4  timers.o(.data)
    xTimerTaskHandle                         0x200000a0   Data           4  timers.o(.data)
    xLastTime                                0x200000a4   Data           4  timers.o(.data)
    .bss                                     0x200000a8   Section       20  tft_ili9341.o(.bss)
    LCDdata                                  0x200000a8   Data          20  tft_ili9341.o(.bss)
    .bss                                     0x200000bc   Section     9208  cmsis_os2.o(.bss)
    ucHeap                                   0x200000bc   Data        8192  cmsis_os2.o(.bss)
    Idle_TCB                                 0x200020bc   Data          92  cmsis_os2.o(.bss)
    Idle_Stack                               0x20002118   Data         512  cmsis_os2.o(.bss)
    Timer_TCB                                0x20002318   Data          92  cmsis_os2.o(.bss)
    Timer_Stack                              0x20002374   Data         320  cmsis_os2.o(.bss)
    .bss                                     0x200024b4   Section     1220  tasks.o(.bss)
    pxReadyTasksLists                        0x200024b4   Data        1120  tasks.o(.bss)
    xDelayedTaskList1                        0x20002914   Data          20  tasks.o(.bss)
    xDelayedTaskList2                        0x20002928   Data          20  tasks.o(.bss)
    xPendingReadyList                        0x2000293c   Data          20  tasks.o(.bss)
    xTasksWaitingTermination                 0x20002950   Data          20  tasks.o(.bss)
    xSuspendedTaskList                       0x20002964   Data          20  tasks.o(.bss)
    .bss                                     0x20002978   Section      200  timers.o(.bss)
    xActiveTimerList1                        0x20002978   Data          20  timers.o(.bss)
    xActiveTimerList2                        0x2000298c   Data          20  timers.o(.bss)
    xStaticTimerQueue                        0x200029a0   Data          80  timers.o(.bss)
    ucStaticTimerQueueStorage                0x200029f0   Data          80  timers.o(.bss)
    .bss                                     0x20002a40   Section       96  libspace.o(.bss)
    HEAP                                     0x20002aa0   Section     5120  startup_stm32f10x_md.o(HEAP)
    Heap_Mem                                 0x20002aa0   Data        5120  startup_stm32f10x_md.o(HEAP)
    STACK                                    0x20003ea0   Section     1024  startup_stm32f10x_md.o(STACK)
    Stack_Mem                                0x20003ea0   Data        1024  startup_stm32f10x_md.o(STACK)
    __initial_sp                             0x200042a0   Data           0  startup_stm32f10x_md.o(STACK)

    Global Symbols

    Symbol Name                              Value     Ov Type        Size  Object(Section)

    BuildAttributes$$THM_ISAv4$P$D$K$B$S$PE$A:L22UL41UL21$X:L11$S22US41US21$IEEE1$IW$USESV6$~STKCKD$USESV7$~SHL$OTIME$ROPI$EBA8$UX$STANDARDLIB$REQ8$PRES8$EABIv2 0x00000000   Number         0  anon$$obj.o ABSOLUTE
    __ARM_use_no_argv                        0x00000000   Number         0  main.o ABSOLUTE
    __ARM_exceptions_init                     - Undefined Weak Reference
    __alloca_initialize                       - Undefined Weak Reference
    __cpp_initialize__aeabi_                  - Undefined Weak Reference
    __cxa_finalize                            - Undefined Weak Reference
    __rt_locale                               - Undefined Weak Reference
    __sigvec_lookup                           - Undefined Weak Reference
    __user_heap_extent                        - Undefined Weak Reference
    _atexit_init                              - Undefined Weak Reference
    _call_atexit_fns                          - Undefined Weak Reference
    _clock_init                               - Undefined Weak Reference
    _fp_trap_init                             - Undefined Weak Reference
    _fp_trap_shutdown                         - Undefined Weak Reference
    _get_lc_collate                           - Undefined Weak Reference
    _get_lc_ctype                             - Undefined Weak Reference
    _get_lc_monetary                          - Undefined Weak Reference
    _get_lc_numeric                           - Undefined Weak Reference
    _get_lc_time                              - Undefined Weak Reference
    _getenv_init                              - Undefined Weak Reference
    _handle_redirection                       - Undefined Weak Reference
    _initio                                   - Undefined Weak Reference
    _rand_init                                - Undefined Weak Reference
    _signal_finish                            - Undefined Weak Reference
    _signal_init                              - Undefined Weak Reference
    _terminateio                              - Undefined Weak Reference
    __Vectors_Size                           0x000000ec   Number         0  startup_stm32f10x_md.o ABSOLUTE
    __Vectors                                0x08000000   Data           4  startup_stm32f10x_md.o(RESET)
    __Vectors_End                            0x080000ec   Data           0  startup_stm32f10x_md.o(RESET)
    __main                                   0x080000ed   Thumb Code     8  __main.o(!!!main)
    __scatterload                            0x080000f5   Thumb Code     0  __scatter.o(!!!scatter)
    __scatterload_rt2                        0x080000f5   Thumb Code    44  __scatter.o(!!!scatter)
    __scatterload_rt2_thumb_only             0x080000f5   Thumb Code     0  __scatter.o(!!!scatter)
    __scatterload_null                       0x08000103   Thumb Code     0  __scatter.o(!!!scatter)
    __scatterload_copy                       0x08000129   Thumb Code    26  __scatter_copy.o(!!handler_copy)
    __scatterload_zeroinit                   0x08000145   Thumb Code    28  __scatter_zi.o(!!handler_zi)
    __rt_lib_init                            0x08000161   Thumb Code     0  libinit.o(.ARM.Collect$$libinit$$00000000)
    __rt_lib_init_fp_1                       0x08000163   Thumb Code     0  libinit2.o(.ARM.Collect$$libinit$$00000002)
    __rt_lib_init_heap_2                     0x08000163   Thumb Code     0  libinit2.o(.ARM.Collect$$libinit$$00000003)
    __rt_lib_init_alloca_1                   0x0800016b   Thumb Code     0  libinit2.o(.ARM.Collect$$libinit$$0000002C)
    __rt_lib_init_argv_1                     0x0800016b   Thumb Code     0  libinit2.o(.ARM.Collect$$libinit$$0000002A)
    __rt_lib_init_atexit_1                   0x0800016b   Thumb Code     0  libinit2.o(.ARM.Collect$$libinit$$00000019)
    __rt_lib_init_clock_1                    0x0800016b   Thumb Code     0  libinit2.o(.ARM.Collect$$libinit$$0000001F)
    __rt_lib_init_cpp_1                      0x0800016b   Thumb Code     0  libinit2.o(.ARM.Collect$$libinit$$00000030)
    __rt_lib_init_exceptions_1               0x0800016b   Thumb Code     0  libinit2.o(.ARM.Collect$$libinit$$0000002E)
    __rt_lib_init_fp_trap_1                  0x0800016b   Thumb Code     0  libinit2.o(.ARM.Collect$$libinit$$0000001D)
    __rt_lib_init_getenv_1                   0x0800016b   Thumb Code     0  libinit2.o(.ARM.Collect$$libinit$$00000021)
    __rt_lib_init_heap_1                     0x0800016b   Thumb Code     0  libinit2.o(.ARM.Collect$$libinit$$00000008)
    __rt_lib_init_lc_collate_1               0x0800016b   Thumb Code     0  libinit2.o(.ARM.Collect$$libinit$$0000000F)
    __rt_lib_init_lc_ctype_1                 0x0800016b   Thumb Code     0  libinit2.o(.ARM.Collect$$libinit$$00000011)
    __rt_lib_init_lc_monetary_1              0x0800016b   Thumb Code     0  libinit2.o(.ARM.Collect$$libinit$$00000013)
    __rt_lib_init_lc_numeric_1               0x0800016b   Thumb Code     0  libinit2.o(.ARM.Collect$$libinit$$00000015)
    __rt_lib_init_lc_time_1                  0x0800016b   Thumb Code     0  libinit2.o(.ARM.Collect$$libinit$$00000017)
    __rt_lib_init_rand_1                     0x0800016b   Thumb Code     0  libinit2.o(.ARM.Collect$$libinit$$0000000C)
    __rt_lib_init_return                     0x0800016b   Thumb Code     0  libinit2.o(.ARM.Collect$$libinit$$00000031)
    __rt_lib_init_signal_1                   0x0800016b   Thumb Code     0  libinit2.o(.ARM.Collect$$libinit$$0000001B)
    __rt_lib_init_stdio_1                    0x0800016b   Thumb Code     0  libinit2.o(.ARM.Collect$$libinit$$00000023)
    __rt_lib_init_user_alloc_1               0x0800016b   Thumb Code     0  libinit2.o(.ARM.Collect$$libinit$$0000000A)
    __rt_lib_shutdown                        0x0800016d   Thumb Code     0  libshutdown.o(.ARM.Collect$$libshutdown$$00000000)
    __rt_lib_shutdown_fp_trap_1              0x0800016f   Thumb Code     0  libshutdown2.o(.ARM.Collect$$libshutdown$$00000006)
    __rt_lib_shutdown_heap_2                 0x0800016f   Thumb Code     0  libshutdown2.o(.ARM.Collect$$libshutdown$$0000000C)
    __rt_lib_shutdown_signal_1               0x0800016f   Thumb Code     0  libshutdown2.o(.ARM.Collect$$libshutdown$$00000009)
    __rt_lib_shutdown_stdio_1                0x0800016f   Thumb Code     0  libshutdown2.o(.ARM.Collect$$libshutdown$$00000003)
    __rt_lib_shutdown_user_alloc_1           0x0800016f   Thumb Code     0  libshutdown2.o(.ARM.Collect$$libshutdown$$0000000B)
    __rt_lib_shutdown_heap_1                 0x08000173   Thumb Code     0  libshutdown2.o(.ARM.Collect$$libshutdown$$0000000E)
    __rt_lib_shutdown_return                 0x08000173   Thumb Code     0  libshutdown2.o(.ARM.Collect$$libshutdown$$0000000F)
    __rt_entry                               0x08000175   Thumb Code     0  rtentry.o(.ARM.Collect$$rtentry$$00000000)
    __rt_entry_presh_1                       0x08000175   Thumb Code     0  rtentry2.o(.ARM.Collect$$rtentry$$00000002)
    __rt_entry_sh                            0x08000175   Thumb Code     0  rtentry4.o(.ARM.Collect$$rtentry$$00000004)
    __rt_entry_postsh_1                      0x0800017b   Thumb Code     0  rtentry2.o(.ARM.Collect$$rtentry$$00000008)
    __rt_entry_li                            0x08000183   Thumb Code     0  rtentry2.o(.ARM.Collect$$rtentry$$0000000A)
    __rt_entry_main                          0x08000187   Thumb Code     0  rtentry2.o(.ARM.Collect$$rtentry$$0000000D)
    __rt_entry_postli_1                      0x08000187   Thumb Code     0  rtentry2.o(.ARM.Collect$$rtentry$$0000000C)
    __rt_exit                                0x0800018f   Thumb Code     0  rtexit.o(.ARM.Collect$$rtexit$$00000000)
    __rt_exit_ls                             0x08000191   Thumb Code     0  rtexit2.o(.ARM.Collect$$rtexit$$00000003)
    __rt_exit_prels_1                        0x08000191   Thumb Code     0  rtexit2.o(.ARM.Collect$$rtexit$$00000002)
    __rt_exit_exit                           0x08000195   Thumb Code     0  rtexit2.o(.ARM.Collect$$rtexit$$00000004)
    SVC_Handler                              0x0800019d   Thumb Code    32  port.o(.emb_text)
    __asm___6_port_c_39a90d8d__prvStartFirstTask 0x080001c1   Thumb Code    28  port.o(.emb_text)
    PendSV_Handler                           0x080001e1   Thumb Code    72  port.o(.emb_text)
    vPortGetIPSR                             0x0800022d   Thumb Code     6  port.o(.emb_text)
    Reset_Handler                            0x08000235   Thumb Code     8  startup_stm32f10x_md.o(.text)
    _maybe_terminate_alloc                   0x08000235   Thumb Code     0  maybetermalloc2.o(.emb_text)
    NMI_Handler                              0x0800023d   Thumb Code     2  startup_stm32f10x_md.o(.text)
    HardFault_Handler                        0x0800023f   Thumb Code     2  startup_stm32f10x_md.o(.text)
    MemManage_Handler                        0x08000241   Thumb Code     2  startup_stm32f10x_md.o(.text)
    BusFault_Handler                         0x08000243   Thumb Code     2  startup_stm32f10x_md.o(.text)
    UsageFault_Handler                       0x08000245   Thumb Code     2  startup_stm32f10x_md.o(.text)
    DebugMon_Handler                         0x08000249   Thumb Code     2  startup_stm32f10x_md.o(.text)
    ADC1_2_IRQHandler                        0x0800024f   Thumb Code     0  startup_stm32f10x_md.o(.text)
    CAN1_RX1_IRQHandler                      0x0800024f   Thumb Code     0  startup_stm32f10x_md.o(.text)
    CAN1_SCE_IRQHandler                      0x0800024f   Thumb Code     0  startup_stm32f10x_md.o(.text)
    DMA1_Channel1_IRQHandler                 0x0800024f   Thumb Code     0  startup_stm32f10x_md.o(.text)
    DMA1_Channel2_IRQHandler                 0x0800024f   Thumb Code     0  startup_stm32f10x_md.o(.text)
    DMA1_Channel3_IRQHandler                 0x0800024f   Thumb Code     0  startup_stm32f10x_md.o(.text)
    DMA1_Channel4_IRQHandler                 0x0800024f   Thumb Code     0  startup_stm32f10x_md.o(.text)
    DMA1_Channel5_IRQHandler                 0x0800024f   Thumb Code     0  startup_stm32f10x_md.o(.text)
    DMA1_Channel6_IRQHandler                 0x0800024f   Thumb Code     0  startup_stm32f10x_md.o(.text)
    DMA1_Channel7_IRQHandler                 0x0800024f   Thumb Code     0  startup_stm32f10x_md.o(.text)
    EXTI0_IRQHandler                         0x0800024f   Thumb Code     0  startup_stm32f10x_md.o(.text)
    EXTI15_10_IRQHandler                     0x0800024f   Thumb Code     0  startup_stm32f10x_md.o(.text)
    EXTI1_IRQHandler                         0x0800024f   Thumb Code     0  startup_stm32f10x_md.o(.text)
    EXTI2_IRQHandler                         0x0800024f   Thumb Code     0  startup_stm32f10x_md.o(.text)
    EXTI3_IRQHandler                         0x0800024f   Thumb Code     0  startup_stm32f10x_md.o(.text)
    EXTI4_IRQHandler                         0x0800024f   Thumb Code     0  startup_stm32f10x_md.o(.text)
    EXTI9_5_IRQHandler                       0x0800024f   Thumb Code     0  startup_stm32f10x_md.o(.text)
    FLASH_IRQHandler                         0x0800024f   Thumb Code     0  startup_stm32f10x_md.o(.text)
    I2C1_ER_IRQHandler                       0x0800024f   Thumb Code     0  startup_stm32f10x_md.o(.text)
    I2C1_EV_IRQHandler                       0x0800024f   Thumb Code     0  startup_stm32f10x_md.o(.text)
    I2C2_ER_IRQHandler                       0x0800024f   Thumb Code     0  startup_stm32f10x_md.o(.text)
    I2C2_EV_IRQHandler                       0x0800024f   Thumb Code     0  startup_stm32f10x_md.o(.text)
    PVD_IRQHandler                           0x0800024f   Thumb Code     0  startup_stm32f10x_md.o(.text)
    RCC_IRQHandler                           0x0800024f   Thumb Code     0  startup_stm32f10x_md.o(.text)
    RTCAlarm_IRQHandler                      0x0800024f   Thumb Code     0  startup_stm32f10x_md.o(.text)
    RTC_IRQHandler                           0x0800024f   Thumb Code     0  startup_stm32f10x_md.o(.text)
    SPI1_IRQHandler                          0x0800024f   Thumb Code     0  startup_stm32f10x_md.o(.text)
    SPI2_IRQHandler                          0x0800024f   Thumb Code     0  startup_stm32f10x_md.o(.text)
    TAMPER_IRQHandler                        0x0800024f   Thumb Code     0  startup_stm32f10x_md.o(.text)
    TIM1_BRK_IRQHandler                      0x0800024f   Thumb Code     0  startup_stm32f10x_md.o(.text)
    TIM1_CC_IRQHandler                       0x0800024f   Thumb Code     0  startup_stm32f10x_md.o(.text)
    TIM1_TRG_COM_IRQHandler                  0x0800024f   Thumb Code     0  startup_stm32f10x_md.o(.text)
    TIM1_UP_IRQHandler                       0x0800024f   Thumb Code     0  startup_stm32f10x_md.o(.text)
    TIM2_IRQHandler                          0x0800024f   Thumb Code     0  startup_stm32f10x_md.o(.text)
    TIM3_IRQHandler                          0x0800024f   Thumb Code     0  startup_stm32f10x_md.o(.text)
    TIM4_IRQHandler                          0x0800024f   Thumb Code     0  startup_stm32f10x_md.o(.text)
    USART1_IRQHandler                        0x0800024f   Thumb Code     0  startup_stm32f10x_md.o(.text)
    USART2_IRQHandler                        0x0800024f   Thumb Code     0  startup_stm32f10x_md.o(.text)
    USART3_IRQHandler                        0x0800024f   Thumb Code     0  startup_stm32f10x_md.o(.text)
    USBWakeUp_IRQHandler                     0x0800024f   Thumb Code     0  startup_stm32f10x_md.o(.text)
    USB_HP_CAN1_TX_IRQHandler                0x0800024f   Thumb Code     0  startup_stm32f10x_md.o(.text)
    USB_LP_CAN1_RX0_IRQHandler               0x0800024f   Thumb Code     0  startup_stm32f10x_md.o(.text)
    WWDG_IRQHandler                          0x0800024f   Thumb Code     0  startup_stm32f10x_md.o(.text)
    __user_initial_stackheap                 0x08000251   Thumb Code     0  startup_stm32f10x_md.o(.text)
    _malloc_internal                         0x0800027d   Thumb Code   130  h1_alloc_mt.o(.text)
    malloc                                   0x080002ff   Thumb Code    20  h1_alloc_mt.o(.text)
    _free_internal                           0x08000313   Thumb Code    98  h1_free_mt.o(.text)
    free                                     0x08000375   Thumb Code    20  h1_free_mt.o(.text)
    __aeabi_memcpy                           0x08000389   Thumb Code     0  rt_memcpy_v6.o(.text)
    __rt_memcpy                              0x08000389   Thumb Code   138  rt_memcpy_v6.o(.text)
    _memcpy_lastbytes                        0x080003ef   Thumb Code     0  rt_memcpy_v6.o(.text)
    __aeabi_memcpy4                          0x08000413   Thumb Code     0  rt_memcpy_w.o(.text)
    __aeabi_memcpy8                          0x08000413   Thumb Code     0  rt_memcpy_w.o(.text)
    __rt_memcpy_w                            0x08000413   Thumb Code   100  rt_memcpy_w.o(.text)
    _memcpy_lastbytes_aligned                0x0800045b   Thumb Code     0  rt_memcpy_w.o(.text)
    __aeabi_memset                           0x08000477   Thumb Code    16  aeabi_memset.o(.text)
    __use_two_region_memory                  0x08000487   Thumb Code     2  heapauxi.o(.text)
    __rt_heap_escrow                         0x08000489   Thumb Code     2  heapauxi.o(.text)
    __rt_heap_expand                         0x0800048b   Thumb Code     2  heapauxi.o(.text)
    __rt_heap_descriptor                     0x0800048d   Thumb Code    10  rt_heap_descriptor_twolibspace.o(.text)
    __use_no_heap                            0x08000497   Thumb Code     2  hguard.o(.text)
    __heap$guard                             0x08000499   Thumb Code     2  hguard.o(.text)
    _terminate_user_alloc                    0x0800049b   Thumb Code     2  init_alloc.o(.text)
    _init_user_alloc                         0x0800049d   Thumb Code     2  init_alloc.o(.text)
    __Heap_Full                              0x0800049f   Thumb Code    34  init_alloc.o(.text)
    __Heap_Broken                            0x080004c1   Thumb Code     6  init_alloc.o(.text)
    _init_alloc                              0x080004c7   Thumb Code    94  init_alloc.o(.text)
    __Heap_Initialize                        0x08000525   Thumb Code    14  h1_init_mt.o(.text)
    __Heap_DescSize                          0x08000533   Thumb Code     4  h1_init_mt.o(.text)
    __aeabi_memclr                           0x08000537   Thumb Code     0  rt_memclr.o(.text)
    __rt_memclr                              0x08000537   Thumb Code    68  rt_memclr.o(.text)
    _memset                                  0x0800053b   Thumb Code     0  rt_memclr.o(.text)
    __user_libspace                          0x0800057d   Thumb Code     8  libspace.o(.text)
    __user_perproc_libspace                  0x0800057d   Thumb Code     0  libspace.o(.text)
    __Heap_ProvideMemory                     0x08000585   Thumb Code    62  h1_extend_mt.o(.text)
    __rt_SIGRTMEM                            0x080005c3   Thumb Code    14  defsig_rtmem_outer.o(.text)
    __aeabi_memclr4                          0x080005d1   Thumb Code     0  rt_memclr_w.o(.text)
    __aeabi_memclr8                          0x080005d1   Thumb Code     0  rt_memclr_w.o(.text)
    __rt_memclr_w                            0x080005d1   Thumb Code    78  rt_memclr_w.o(.text)
    _memset_w                                0x080005d5   Thumb Code     0  rt_memclr_w.o(.text)
    __I$use$semihosting                      0x0800061f   Thumb Code     0  use_no_semi.o(.text)
    __use_no_semihosting_swi                 0x0800061f   Thumb Code     2  use_no_semi.o(.text)
    __semihosting_library_function           0x08000621   Thumb Code     0  indicate_semi.o(.text)
    __user_setup_stackheap                   0x08000621   Thumb Code    74  sys_stackheap_outer.o(.text)
    _terminate_alloc                         0x0800066b   Thumb Code    16  term_alloc.o(.text)
    exit                                     0x0800067b   Thumb Code    12  exit.o(.text)
    __sig_exit                               0x08000687   Thumb Code    10  defsig_exit.o(.text)
    __rt_SIGRTMEM_inner                      0x08000691   Thumb Code    22  defsig_rtmem_inner.o(.text)
    _sys_exit                                0x080006e1   Thumb Code     8  sys_exit.o(.text)
    __Heap_Finalize                          0x080006ed   Thumb Code    10  h1_final_mt.o(.text)
    __default_signal_display                 0x080006f7   Thumb Code    50  defsig_general.o(.text)
    _ttywrch                                 0x08000729   Thumb Code    14  sys_wrch.o(.text)
    AddToDriverTree                          0x08000739   Thumb Code    58  sys_device.o(i.AddToDriverTree)
    DMA_Cmd                                  0x08000779   Thumb Code    24  stm32f10x_dma.o(i.DMA_Cmd)
    DMA_ITConfig                             0x08000791   Thumb Code    18  stm32f10x_dma.o(i.DMA_ITConfig)
    GPIO_Init                                0x080007a3   Thumb Code   278  stm32f10x_gpio.o(i.GPIO_Init)
    GPIO_ResetBits                           0x080008b9   Thumb Code     4  stm32f10x_gpio.o(i.GPIO_ResetBits)
    GPIO_SetBits                             0x080008bd   Thumb Code     4  stm32f10x_gpio.o(i.GPIO_SetBits)
    GUI_Init                                 0x080008c1   Thumb Code    38  gui_core.o(i.GUI_Init)
    GUI_LoadFunction                         0x080008ed   Thumb Code    66  gui_core.o(i.GUI_LoadFunction)
    NVIC_Init                                0x08000939   Thumb Code   100  misc.o(i.NVIC_Init)
    RCC_AHBPeriphClockCmd                    0x080009a9   Thumb Code    26  stm32f10x_rcc.o(i.RCC_AHBPeriphClockCmd)
    RCC_APB2PeriphClockCmd                   0x080009c9   Thumb Code    26  stm32f10x_rcc.o(i.RCC_APB2PeriphClockCmd)
    SPI1_Init                                0x080009e9   Thumb Code   182  tft_ili9341.o(i.SPI1_Init)
    SPI_BaudRatePrescaler_datasize           0x08000ab1   Thumb Code    56  tft_ili9341.o(i.SPI_BaudRatePrescaler_datasize)
    SPI_Cmd                                  0x08000aed   Thumb Code    24  stm32f10x_spi.o(i.SPI_Cmd)
    SPI_I2S_DMACmd                           0x08000b05   Thumb Code    18  stm32f10x_spi.o(i.SPI_I2S_DMACmd)
    SPI_I2S_ITConfig                         0x08000b17   Thumb Code    32  stm32f10x_spi.o(i.SPI_I2S_ITConfig)
    SPI_Init                                 0x08000b37   Thumb Code    60  stm32f10x_spi.o(i.SPI_Init)
    SYS_AddtoDriverPassTree                  0x08000b75   Thumb Code   108  sys_device.o(i.SYS_AddtoDriverPassTree)
    SYS_AddtoDriverTree                      0x08000be9   Thumb Code    14  sys_device.o(i.SYS_AddtoDriverTree)
    SYS_CallHEAP                             0x08000bf9   Thumb Code    34  sys_memory.o(i.SYS_CallHEAP)
    SYS_CallMem                              0x08000c21   Thumb Code   186  sys_memory.o(i.SYS_CallMem)
    SYS_DriverInit                           0x08000ce1   Thumb Code    12  sys_device.o(i.SYS_DriverInit)
    SYS_FreeMem                              0x08000ced   Thumb Code   210  sys_memory.o(i.SYS_FreeMem)
    SYS_Init                                 0x08000dc5   Thumb Code    12  sys_core.o(i.SYS_Init)
    SYS_MemoryHEAPCall                       0x08000dd1   Thumb Code    78  sys_memory.o(i.SYS_MemoryHEAPCall)
    SYS_MemoryInit                           0x08000e25   Thumb Code   110  sys_memory.o(i.SYS_MemoryInit)
    SYS_MemorySizeChoice                     0x08000e99   Thumb Code    30  sys_memory.o(i.SYS_MemorySizeChoice)
    Screen_Clear                             0x08000eb9   Thumb Code   112  tft_ili9341.o(i.Screen_Clear)
    Screen_DrawPoint                         0x08000f31   Thumb Code    34  tft_ili9341.o(i.Screen_DrawPoint)
    Screen_ReadColor                         0x08000f55   Thumb Code   102  tft_ili9341.o(i.Screen_ReadColor)
    SysTick_Handler                          0x080010a9   Thumb Code    14  freertos_tick_config.o(i.SysTick_Handler)
    SystemInit                               0x080010b9   Thumb Code    78  system_stm32f10x.o(i.SystemInit)
    TFT_ILI9341_Address_set                  0x08001119   Thumb Code    76  tft_ili9341.o(i.TFT_ILI9341_Address_set)
    TFT_ILI9341_Init                         0x08001165   Thumb Code   630  tft_ili9341.o(i.TFT_ILI9341_Init)
    TFT_ILI9341_LoadInfo                     0x080013e1   Thumb Code    28  tft_ili9341.o(i.TFT_ILI9341_LoadInfo)
    TFT_ILI9341_ReadData_16bit               0x08001411   Thumb Code    72  tft_ili9341.o(i.TFT_ILI9341_ReadData_16bit)
    TFT_ILI9341_TEST                         0x08001461   Thumb Code    42  tft_ili9341.o(i.TFT_ILI9341_TEST)
    TFT_ILI9341_WriteCmd                     0x0800148d   Thumb Code    40  tft_ili9341.o(i.TFT_ILI9341_WriteCmd)
    TFT_ILI9341_WriteData_16bit              0x080014bd   Thumb Code    42  tft_ili9341.o(i.TFT_ILI9341_WriteData_16bit)
    TFT_ILI9341_WriteData_8bit               0x080014f1   Thumb Code    40  tft_ili9341.o(i.TFT_ILI9341_WriteData_8bit)
    _mutex_acquire                           0x08001533   Thumb Code    22  clib_arm.o(i._mutex_acquire)
    _mutex_free                              0x08001549   Thumb Code    12  clib_arm.o(i._mutex_free)
    _mutex_initialize                        0x08001555   Thumb Code    24  clib_arm.o(i._mutex_initialize)
    _mutex_release                           0x0800156d   Thumb Code    18  clib_arm.o(i._mutex_release)
    _platform_post_stackheap_init            0x0800157f   Thumb Code     8  clib_arm.o(i._platform_post_stackheap_init)
    main                                     0x08001589   Thumb Code    30  main.o(i.main)
    osKernelGetState                         0x080015b5   Thumb Code    80  cmsis_os2.o(i.osKernelGetState)
    osKernelInitialize                       0x08001609   Thumb Code    64  cmsis_os2.o(i.osKernelInitialize)
    osMutexAcquire                           0x08001651   Thumb Code   124  cmsis_os2.o(i.osMutexAcquire)
    osMutexDelete                            0x080016d1   Thumb Code    60  cmsis_os2.o(i.osMutexDelete)
    osMutexNew                               0x08001711   Thumb Code   180  cmsis_os2.o(i.osMutexNew)
    osMutexRelease                           0x080017c9   Thumb Code   100  cmsis_os2.o(i.osMutexRelease)
    pvPortMalloc                             0x080020c9   Thumb Code   178  heap_5.o(i.pvPortMalloc)
    pvTaskIncrementMutexHeldCount            0x08002191   Thumb Code    26  tasks.o(i.pvTaskIncrementMutexHeldCount)
    pxPortInitialiseStack                    0x080021b1   Thumb Code    30  port.o(i.pxPortInitialiseStack)
    test                                     0x080021d5   Thumb Code   112  main.o(i.test)
    uxListRemove                             0x08002245   Thumb Code    40  list.o(i.uxListRemove)
    vApplicationGetIdleTaskMemory            0x0800226d   Thumb Code    14  cmsis_os2.o(i.vApplicationGetIdleTaskMemory)
    vApplicationGetTimerTaskMemory           0x08002285   Thumb Code    14  cmsis_os2.o(i.vApplicationGetTimerTaskMemory)
    vApplicationStackOverflowHook            0x0800229d   Thumb Code     2  cmsis_os2.o(i.vApplicationStackOverflowHook)
    vListInitialise                          0x0800229f   Thumb Code    26  list.o(i.vListInitialise)
    vListInitialiseItem                      0x080022b9   Thumb Code     6  list.o(i.vListInitialiseItem)
    vListInsert                              0x080022bf   Thumb Code    52  list.o(i.vListInsert)
    vListInsertEnd                           0x080022f3   Thumb Code    24  list.o(i.vListInsertEnd)
    vPortDefineHeapRegions                   0x0800230d   Thumb Code   206  heap_5.o(i.vPortDefineHeapRegions)
    vPortEnterCritical                       0x080023f1   Thumb Code    30  port.o(i.vPortEnterCritical)
    vPortExitCritical                        0x08002415   Thumb Code    28  port.o(i.vPortExitCritical)
    vPortFree                                0x08002435   Thumb Code    64  heap_5.o(i.vPortFree)
    vPortSetupTimerInterrupt                 0x0800247d   Thumb Code    26  port.o(i.vPortSetupTimerInterrupt)
    vQueueDelete                             0x0800249d   Thumb Code    20  queue.o(i.vQueueDelete)
    vQueueWaitForMessageRestricted           0x080024b1   Thumb Code    74  queue.o(i.vQueueWaitForMessageRestricted)
    vTaskDelay                               0x080024fd   Thumb Code    46  tasks.o(i.vTaskDelay)
    vTaskMissedYield                         0x08002531   Thumb Code     8  tasks.o(i.vTaskMissedYield)
    vTaskPlaceOnEventList                    0x0800253d   Thumb Code    28  tasks.o(i.vTaskPlaceOnEventList)
    vTaskPlaceOnEventListRestricted          0x0800255d   Thumb Code    36  tasks.o(i.vTaskPlaceOnEventListRestricted)
    vTaskPriorityInherit                     0x08002585   Thumb Code   128  tasks.o(i.vTaskPriorityInherit)
    vTaskSetTimeOutState                     0x08002611   Thumb Code    14  tasks.o(i.vTaskSetTimeOutState)
    vTaskStartScheduler                      0x08002629   Thumb Code   120  tasks.o(i.vTaskStartScheduler)
    vTaskSuspendAll                          0x080026bd   Thumb Code    12  tasks.o(i.vTaskSuspendAll)
    vTaskSwitchContext                       0x080026cd   Thumb Code   154  tasks.o(i.vTaskSwitchContext)
    xPortStartScheduler                      0x0800277d   Thumb Code    42  port.o(i.xPortStartScheduler)
    xPortSysTickHandler                      0x080027b1   Thumb Code    46  port.o(i.xPortSysTickHandler)
    xQueueCreateMutex                        0x080027e5   Thumb Code    34  queue.o(i.xQueueCreateMutex)
    xQueueCreateMutexStatic                  0x08002807   Thumb Code    42  queue.o(i.xQueueCreateMutexStatic)
    xQueueGenericCreate                      0x08002831   Thumb Code    62  queue.o(i.xQueueGenericCreate)
    xQueueGenericCreateStatic                0x0800286f   Thumb Code    46  queue.o(i.xQueueGenericCreateStatic)
    xQueueGenericReceive                     0x0800289d   Thumb Code   342  queue.o(i.xQueueGenericReceive)
    xQueueGenericReset                       0x080029f9   Thumb Code   122  queue.o(i.xQueueGenericReset)
    xQueueGenericSend                        0x08002a79   Thumb Code   276  queue.o(i.xQueueGenericSend)
    xQueueGenericSendFromISR                 0x08002b91   Thumb Code   134  queue.o(i.xQueueGenericSendFromISR)
    xQueueGiveMutexRecursive                 0x08002c17   Thumb Code    48  queue.o(i.xQueueGiveMutexRecursive)
    xQueueTakeMutexRecursive                 0x08002c47   Thumb Code    58  queue.o(i.xQueueTakeMutexRecursive)
    xTaskCheckForTimeOut                     0x08002c81   Thumb Code    84  tasks.o(i.xTaskCheckForTimeOut)
    xTaskCreate                              0x08002cdd   Thumb Code   100  tasks.o(i.xTaskCreate)
    xTaskCreateStatic                        0x08002d41   Thumb Code    78  tasks.o(i.xTaskCreateStatic)
    xTaskGetCurrentTaskHandle                0x08002d91   Thumb Code     6  tasks.o(i.xTaskGetCurrentTaskHandle)
    xTaskGetSchedulerState                   0x08002d9d   Thumb Code    24  tasks.o(i.xTaskGetSchedulerState)
    xTaskGetTickCount                        0x08002dbd   Thumb Code     6  tasks.o(i.xTaskGetTickCount)
    xTaskIncrementTick                       0x08002dc9   Thumb Code   236  tasks.o(i.xTaskIncrementTick)
    xTaskPriorityDisinherit                  0x08002ee1   Thumb Code    86  tasks.o(i.xTaskPriorityDisinherit)
    xTaskRemoveFromEventList                 0x08002f41   Thumb Code   102  tasks.o(i.xTaskRemoveFromEventList)
    xTaskResumeAll                           0x08002fc1   Thumb Code   194  tasks.o(i.xTaskResumeAll)
    xTimerCreateTimerTask                    0x080030a9   Thumb Code    76  timers.o(i.xTimerCreateTimerTask)
    xTimerGenericCommand                     0x08003109   Thumb Code   104  timers.o(i.xTimerGenericCommand)
    Region$$Table$$Base                      0x0800319c   Number         0  anon$$obj.o(Region$$Table)
    Region$$Table$$Limit                     0x080031bc   Number         0  anon$$obj.o(Region$$Table)
    PHardDrawFUN                             0x20000000   Data           4  gui_core.o(.data)
    PDriverTree                              0x20000004   Data           4  sys_device.o(.data)
    PDriverPassTree                          0x20000008   Data           4  sys_device.o(.data)
    _heaplist                                0x2000000c   Data           4  sys_memory.o(.data)
    SystemCoreClock                          0x20000028   Data           4  system_stm32f10x.o(.data)
    AHBPrescTable                            0x2000002c   Data          16  system_stm32f10x.o(.data)
    pxCurrentTCB                             0x20000058   Data           4  tasks.o(.data)
    __libspace_start                         0x20002a40   Data          96  libspace.o(.bss)
    __temporary_stack_top$libspace           0x20002aa0   Data           0  libspace.o(.bss)



==============================================================================

Memory Map of the image

  Image Entry point : 0x08000235

  Load Region LR_1 (Base: 0x08000000, Size: 0x00003264, Max: 0xffffffff, ABSOLUTE)

    Execution Region ER_RO (Base: 0x08000000, Size: 0x000031bc, Max: 0xffffffff, ABSOLUTE)

    Base Addr    Size         Type   Attr      Idx    E Section Name        Object

    0x08000000   0x000000ec   Data   RO         1643    RESET               startup_stm32f10x_md.o
    0x080000ec   0x00000008   Code   RO         2833  * !!!main             c_w.l(__main.o)
    0x080000f4   0x00000034   Code   RO         3033    !!!scatter          c_w.l(__scatter.o)
    0x08000128   0x0000001a   Code   RO         3035    !!handler_copy      c_w.l(__scatter_copy.o)
    0x08000142   0x00000002   PAD
    0x08000144   0x0000001c   Code   RO         3037    !!handler_zi        c_w.l(__scatter_zi.o)
    0x08000160   0x00000002   Code   RO         2973    .ARM.Collect$$libinit$$00000000  c_w.l(libinit.o)
    0x08000162   0x00000000   Code   RO         2868    .ARM.Collect$$libinit$$00000002  c_w.l(libinit2.o)
    0x08000162   0x00000008   Code   RO         2869    .ARM.Collect$$libinit$$00000003  c_w.l(libinit2.o)
    0x0800016a   0x00000000   Code   RO         2871    .ARM.Collect$$libinit$$00000008  c_w.l(libinit2.o)
    0x0800016a   0x00000000   Code   RO         2873    .ARM.Collect$$libinit$$0000000A  c_w.l(libinit2.o)
    0x0800016a   0x00000000   Code   RO         2875    .ARM.Collect$$libinit$$0000000C  c_w.l(libinit2.o)
    0x0800016a   0x00000000   Code   RO         2878    .ARM.Collect$$libinit$$0000000F  c_w.l(libinit2.o)
    0x0800016a   0x00000000   Code   RO         2880    .ARM.Collect$$libinit$$00000011  c_w.l(libinit2.o)
    0x0800016a   0x00000000   Code   RO         2882    .ARM.Collect$$libinit$$00000013  c_w.l(libinit2.o)
    0x0800016a   0x00000000   Code   RO         2884    .ARM.Collect$$libinit$$00000015  c_w.l(libinit2.o)
    0x0800016a   0x00000000   Code   RO         2886    .ARM.Collect$$libinit$$00000017  c_w.l(libinit2.o)
    0x0800016a   0x00000000   Code   RO         2888    .ARM.Collect$$libinit$$00000019  c_w.l(libinit2.o)
    0x0800016a   0x00000000   Code   RO         2890    .ARM.Collect$$libinit$$0000001B  c_w.l(libinit2.o)
    0x0800016a   0x00000000   Code   RO         2892    .ARM.Collect$$libinit$$0000001D  c_w.l(libinit2.o)
    0x0800016a   0x00000000   Code   RO         2894    .ARM.Collect$$libinit$$0000001F  c_w.l(libinit2.o)
    0x0800016a   0x00000000   Code   RO         2896    .ARM.Collect$$libinit$$00000021  c_w.l(libinit2.o)
    0x0800016a   0x00000000   Code   RO         2898    .ARM.Collect$$libinit$$00000023  c_w.l(libinit2.o)
    0x0800016a   0x00000000   Code   RO         2902    .ARM.Collect$$libinit$$0000002A  c_w.l(libinit2.o)
    0x0800016a   0x00000000   Code   RO         2904    .ARM.Collect$$libinit$$0000002C  c_w.l(libinit2.o)
    0x0800016a   0x00000000   Code   RO         2906    .ARM.Collect$$libinit$$0000002E  c_w.l(libinit2.o)
    0x0800016a   0x00000000   Code   RO         2908    .ARM.Collect$$libinit$$00000030  c_w.l(libinit2.o)
    0x0800016a   0x00000002   Code   RO         2909    .ARM.Collect$$libinit$$00000031  c_w.l(libinit2.o)
    0x0800016c   0x00000002   Code   RO         3030    .ARM.Collect$$libshutdown$$00000000  c_w.l(libshutdown.o)
    0x0800016e   0x00000000   Code   RO         2988    .ARM.Collect$$libshutdown$$00000003  c_w.l(libshutdown2.o)
    0x0800016e   0x00000000   Code   RO         2991    .ARM.Collect$$libshutdown$$00000006  c_w.l(libshutdown2.o)
    0x0800016e   0x00000000   Code   RO         2994    .ARM.Collect$$libshutdown$$00000009  c_w.l(libshutdown2.o)
    0x0800016e   0x00000000   Code   RO         2996    .ARM.Collect$$libshutdown$$0000000B  c_w.l(libshutdown2.o)
    0x0800016e   0x00000004   Code   RO         2997    .ARM.Collect$$libshutdown$$0000000C  c_w.l(libshutdown2.o)
    0x08000172   0x00000000   Code   RO         2999    .ARM.Collect$$libshutdown$$0000000E  c_w.l(libshutdown2.o)
    0x08000172   0x00000002   Code   RO         3000    .ARM.Collect$$libshutdown$$0000000F  c_w.l(libshutdown2.o)
    0x08000174   0x00000000   Code   RO         2835    .ARM.Collect$$rtentry$$00000000  c_w.l(rtentry.o)
    0x08000174   0x00000000   Code   RO         2916    .ARM.Collect$$rtentry$$00000002  c_w.l(rtentry2.o)
    0x08000174   0x00000006   Code   RO         2928    .ARM.Collect$$rtentry$$00000004  c_w.l(rtentry4.o)
    0x0800017a   0x00000008   Code   RO         2917    .ARM.Collect$$rtentry$$00000008  c_w.l(rtentry2.o)
    0x08000182   0x00000004   Code   RO         2919    .ARM.Collect$$rtentry$$0000000A  c_w.l(rtentry2.o)
    0x08000186   0x00000000   Code   RO         2921    .ARM.Collect$$rtentry$$0000000C  c_w.l(rtentry2.o)
    0x08000186   0x00000008   Code   RO         2922    .ARM.Collect$$rtentry$$0000000D  c_w.l(rtentry2.o)
    0x0800018e   0x00000002   Code   RO         2976    .ARM.Collect$$rtexit$$00000000  c_w.l(rtexit.o)
    0x08000190   0x00000000   Code   RO         3004    .ARM.Collect$$rtexit$$00000002  c_w.l(rtexit2.o)
    0x08000190   0x00000004   Code   RO         3005    .ARM.Collect$$rtexit$$00000003  c_w.l(rtexit2.o)
    0x08000194   0x00000006   Code   RO         3006    .ARM.Collect$$rtexit$$00000004  c_w.l(rtexit2.o)
    0x0800019a   0x00000002   PAD
    0x0800019c   0x00000096   Code   RO         1937    .emb_text           port.o
    0x08000232   0x00000002   PAD
    0x08000234   0x00000000   Code   RO         2933    .emb_text           c_w.l(maybetermalloc2.o)
    0x08000234   0x00000040   Code   RO         1644  * .text               startup_stm32f10x_md.o
    0x08000274   0x0000009e   Code   RO         2771    .text               c_w.l(h1_alloc_mt.o)
    0x08000312   0x00000076   Code   RO         2773    .text               c_w.l(h1_free_mt.o)
    0x08000388   0x0000008a   Code   RO         2825    .text               c_w.l(rt_memcpy_v6.o)
    0x08000412   0x00000064   Code   RO         2827    .text               c_w.l(rt_memcpy_w.o)
    0x08000476   0x00000010   Code   RO         2829    .text               c_w.l(aeabi_memset.o)
    0x08000486   0x00000006   Code   RO         2831    .text               c_w.l(heapauxi.o)
    0x0800048c   0x0000000a   Code   RO         2841    .text               c_w.l(rt_heap_descriptor_twolibspace.o)
    0x08000496   0x00000004   Code   RO         2843    .text               c_w.l(hguard.o)
    0x0800049a   0x0000008a   Code   RO         2845    .text               c_w.l(init_alloc.o)
    0x08000524   0x00000012   Code   RO         2851    .text               c_w.l(h1_init_mt.o)
    0x08000536   0x00000044   Code   RO         2863    .text               c_w.l(rt_memclr.o)
    0x0800057a   0x00000002   PAD
    0x0800057c   0x00000008   Code   RO         2912    .text               c_w.l(libspace.o)
    0x08000584   0x0000003e   Code   RO         2936    .text               c_w.l(h1_extend_mt.o)
    0x080005c2   0x0000000e   Code   RO         2938    .text               c_w.l(defsig_rtmem_outer.o)
    0x080005d0   0x0000004e   Code   RO         2942    .text               c_w.l(rt_memclr_w.o)
    0x0800061e   0x00000002   Code   RO         2951    .text               c_w.l(use_no_semi.o)
    0x08000620   0x00000000   Code   RO         2953    .text               c_w.l(indicate_semi.o)
    0x08000620   0x0000004a   Code   RO         2954    .text               c_w.l(sys_stackheap_outer.o)
    0x0800066a   0x00000010   Code   RO         2958    .text               c_w.l(term_alloc.o)
    0x0800067a   0x0000000c   Code   RO         2960    .text               c_w.l(exit.o)
    0x08000686   0x0000000a   Code   RO         2962    .text               c_w.l(defsig_exit.o)
    0x08000690   0x00000050   Code   RO         2964    .text               c_w.l(defsig_rtmem_inner.o)
    0x080006e0   0x0000000c   Code   RO         2974    .text               c_w.l(sys_exit.o)
    0x080006ec   0x0000000a   Code   RO         2980    .text               c_w.l(h1_final_mt.o)
    0x080006f6   0x00000032   Code   RO         2984    .text               c_w.l(defsig_general.o)
    0x08000728   0x0000000e   Code   RO         3001    .text               c_w.l(sys_wrch.o)
    0x08000736   0x00000002   PAD
    0x08000738   0x00000040   Code   RO          350    i.AddToDriverTree   sys_device.o
    0x08000778   0x00000018   Code   RO         1068    i.DMA_Cmd           stm32f10x_dma.o
    0x08000790   0x00000012   Code   RO         1073    i.DMA_ITConfig      stm32f10x_dma.o
    0x080007a2   0x00000116   Code   RO         1156    i.GPIO_Init         stm32f10x_gpio.o
    0x080008b8   0x00000004   Code   RO         1163    i.GPIO_ResetBits    stm32f10x_gpio.o
    0x080008bc   0x00000004   Code   RO         1164    i.GPIO_SetBits      stm32f10x_gpio.o
    0x080008c0   0x0000002c   Code   RO          271    i.GUI_Init          gui_core.o
    0x080008ec   0x0000004c   Code   RO          272    i.GUI_LoadFunction  gui_core.o
    0x08000938   0x00000070   Code   RO         1018    i.NVIC_Init         misc.o
    0x080009a8   0x00000020   Code   RO         1277    i.RCC_AHBPeriphClockCmd  stm32f10x_rcc.o
    0x080009c8   0x00000020   Code   RO         1280    i.RCC_APB2PeriphClockCmd  stm32f10x_rcc.o
    0x080009e8   0x000000c8   Code   RO          140    i.SPI1_Init         tft_ili9341.o
    0x08000ab0   0x0000003c   Code   RO          141    i.SPI_BaudRatePrescaler_datasize  tft_ili9341.o
    0x08000aec   0x00000018   Code   RO         1493    i.SPI_Cmd           stm32f10x_spi.o
    0x08000b04   0x00000012   Code   RO         1499    i.SPI_I2S_DMACmd    stm32f10x_spi.o
    0x08000b16   0x00000020   Code   RO         1503    i.SPI_I2S_ITConfig  stm32f10x_spi.o
    0x08000b36   0x0000003c   Code   RO         1506    i.SPI_Init          stm32f10x_spi.o
    0x08000b72   0x00000002   PAD
    0x08000b74   0x00000074   Code   RO          351    i.SYS_AddtoDriverPassTree  sys_device.o
    0x08000be8   0x0000000e   Code   RO          352    i.SYS_AddtoDriverTree  sys_device.o
    0x08000bf6   0x00000002   PAD
    0x08000bf8   0x00000028   Code   RO          410    i.SYS_CallHEAP      sys_memory.o
    0x08000c20   0x000000c0   Code   RO          411    i.SYS_CallMem       sys_memory.o
    0x08000ce0   0x0000000c   Code   RO          353    i.SYS_DriverInit    sys_device.o
    0x08000cec   0x000000d8   Code   RO          413    i.SYS_FreeMem       sys_memory.o
    0x08000dc4   0x0000000c   Code   RO          313    i.SYS_Init          sys_core.o
    0x08000dd0   0x00000054   Code   RO          414    i.SYS_MemoryHEAPCall  sys_memory.o
    0x08000e24   0x00000074   Code   RO          415    i.SYS_MemoryInit    sys_memory.o
    0x08000e98   0x0000001e   Code   RO          416    i.SYS_MemorySizeChoice  sys_memory.o
    0x08000eb6   0x00000002   PAD
    0x08000eb8   0x00000078   Code   RO          142    i.Screen_Clear      tft_ili9341.o
    0x08000f30   0x00000022   Code   RO          143    i.Screen_DrawPoint  tft_ili9341.o
    0x08000f52   0x00000002   PAD
    0x08000f54   0x0000006c   Code   RO          144    i.Screen_ReadColor  tft_ili9341.o
    0x08000fc0   0x00000008   Code   RO         1651    i.SetSysClock       system_stm32f10x.o
    0x08000fc8   0x000000e0   Code   RO         1652    i.SetSysClockTo72   system_stm32f10x.o
    0x080010a8   0x0000000e   Code   RO         2740    i.SysTick_Handler   freertos_tick_config.o
    0x080010b6   0x00000002   PAD
    0x080010b8   0x00000060   Code   RO         1654    i.SystemInit        system_stm32f10x.o
    0x08001118   0x0000004c   Code   RO          145    i.TFT_ILI9341_Address_set  tft_ili9341.o
    0x08001164   0x0000027c   Code   RO          147    i.TFT_ILI9341_Init  tft_ili9341.o
    0x080013e0   0x00000030   Code   RO          148    i.TFT_ILI9341_LoadInfo  tft_ili9341.o
    0x08001410   0x00000050   Code   RO          149    i.TFT_ILI9341_ReadData_16bit  tft_ili9341.o
    0x08001460   0x0000002a   Code   RO          152    i.TFT_ILI9341_TEST  tft_ili9341.o
    0x0800148a   0x00000002   PAD
    0x0800148c   0x00000030   Code   RO          153    i.TFT_ILI9341_WriteCmd  tft_ili9341.o
    0x080014bc   0x00000034   Code   RO          155    i.TFT_ILI9341_WriteData_16bit  tft_ili9341.o
    0x080014f0   0x00000030   Code   RO          156    i.TFT_ILI9341_WriteData_8bit  tft_ili9341.o
    0x08001520   0x00000006   Code   RO          542    i.__get_BASEPRI     cmsis_os2.o
    0x08001526   0x00000006   Code   RO          543    i.__get_IPSR        cmsis_os2.o
    0x0800152c   0x00000006   Code   RO          544    i.__get_PRIMASK     cmsis_os2.o
    0x08001532   0x00000016   Code   RO          474    i._mutex_acquire    clib_arm.o
    0x08001548   0x0000000c   Code   RO          475    i._mutex_free       clib_arm.o
    0x08001554   0x00000018   Code   RO          476    i._mutex_initialize  clib_arm.o
    0x0800156c   0x00000012   Code   RO          477    i._mutex_release    clib_arm.o
    0x0800157e   0x00000008   Code   RO          478    i._platform_post_stackheap_init  clib_arm.o
    0x08001586   0x00000002   PAD
    0x08001588   0x0000002c   Code   RO            4    i.main              main.o
    0x080015b4   0x00000054   Code   RO          554    i.osKernelGetState  cmsis_os2.o
    0x08001608   0x00000048   Code   RO          559    i.osKernelInitialize  cmsis_os2.o
    0x08001650   0x00000080   Code   RO          573    i.osMutexAcquire    cmsis_os2.o
    0x080016d0   0x00000040   Code   RO          574    i.osMutexDelete     cmsis_os2.o
    0x08001710   0x000000b8   Code   RO          576    i.osMutexNew        cmsis_os2.o
    0x080017c8   0x00000068   Code   RO          577    i.osMutexRelease    cmsis_os2.o
    0x08001830   0x00000024   Code   RO          479    i.os_kernel_is_active  clib_arm.o
    0x08001854   0x0000007c   Code   RO         2231    i.prvAddCurrentTaskToDelayedList  tasks.o
    0x080018d0   0x000000b8   Code   RO         2232    i.prvAddNewTaskToReadyList  tasks.o
    0x08001988   0x0000005c   Code   RO         2592    i.prvCheckForValidListAndQueue  timers.o
    0x080019e4   0x00000064   Code   RO         2233    i.prvCheckTasksWaitingTermination  tasks.o
    0x08001a48   0x0000002a   Code   RO         2020    i.prvCopyDataFromQueue  queue.o
    0x08001a72   0x0000007c   Code   RO         2021    i.prvCopyDataToQueue  queue.o
    0x08001aee   0x00000028   Code   RO         2234    i.prvDeleteTCB      tasks.o
    0x08001b16   0x00000002   PAD
    0x08001b18   0x00000028   Code   RO         2593    i.prvGetNextExpireTime  timers.o
    0x08001b40   0x00000028   Code   RO         2235    i.prvIdleTask       tasks.o
    0x08001b68   0x0000001c   Code   RO         2022    i.prvInitialiseMutex  queue.o
    0x08001b84   0x0000002a   Code   RO         2023    i.prvInitialiseNewQueue  queue.o
    0x08001bae   0x00000090   Code   RO         2236    i.prvInitialiseNewTask  tasks.o
    0x08001c3e   0x00000002   PAD
    0x08001c40   0x00000068   Code   RO         2237    i.prvInitialiseTaskLists  tasks.o
    0x08001ca8   0x00000068   Code   RO         1882    i.prvInsertBlockIntoFreeList  heap_5.o
    0x08001d10   0x00000058   Code   RO         2595    i.prvInsertTimerInActiveList  timers.o
    0x08001d68   0x0000001a   Code   RO         2024    i.prvIsQueueEmpty   queue.o
    0x08001d82   0x0000001e   Code   RO         2025    i.prvIsQueueFull    queue.o
    0x08001da0   0x0000004c   Code   RO         2596    i.prvProcessExpiredTimer  timers.o
    0x08001dec   0x000000d4   Code   RO         2597    i.prvProcessReceivedCommands  timers.o
    0x08001ec0   0x00000074   Code   RO         2598    i.prvProcessTimerOrBlockTask  timers.o
    0x08001f34   0x00000034   Code   RO         2239    i.prvResetNextTaskUnblockTime  tasks.o
    0x08001f68   0x0000002c   Code   RO         2599    i.prvSampleTimeNow  timers.o
    0x08001f94   0x00000084   Code   RO         2600    i.prvSwitchTimerLists  timers.o
    0x08002018   0x00000016   Code   RO         1938    i.prvTaskExitError  port.o
    0x0800202e   0x0000001a   Code   RO         2601    i.prvTimerTask      timers.o
    0x08002048   0x0000007e   Code   RO         2026    i.prvUnlockQueue    queue.o
    0x080020c6   0x00000002   PAD
    0x080020c8   0x000000c8   Code   RO         1883    i.pvPortMalloc      heap_5.o
    0x08002190   0x00000020   Code   RO         2242    i.pvTaskIncrementMutexHeldCount  tasks.o
    0x080021b0   0x00000024   Code   RO         1939    i.pxPortInitialiseStack  port.o
    0x080021d4   0x00000070   Code   RO            5    i.test              main.o
    0x08002244   0x00000028   Code   RO         1834    i.uxListRemove      list.o
    0x0800226c   0x00000018   Code   RO          607    i.vApplicationGetIdleTaskMemory  cmsis_os2.o
    0x08002284   0x00000018   Code   RO          608    i.vApplicationGetTimerTaskMemory  cmsis_os2.o
    0x0800229c   0x00000002   Code   RO          609    i.vApplicationStackOverflowHook  cmsis_os2.o
    0x0800229e   0x0000001a   Code   RO         1835    i.vListInitialise   list.o
    0x080022b8   0x00000006   Code   RO         1836    i.vListInitialiseItem  list.o
    0x080022be   0x00000034   Code   RO         1837    i.vListInsert       list.o
    0x080022f2   0x00000018   Code   RO         1838    i.vListInsertEnd    list.o
    0x0800230a   0x00000002   PAD
    0x0800230c   0x000000e4   Code   RO         1884    i.vPortDefineHeapRegions  heap_5.o
    0x080023f0   0x00000024   Code   RO         1941    i.vPortEnterCritical  port.o
    0x08002414   0x00000020   Code   RO         1942    i.vPortExitCritical  port.o
    0x08002434   0x00000048   Code   RO         1885    i.vPortFree         heap_5.o
    0x0800247c   0x00000020   Code   RO         1943    i.vPortSetupTimerInterrupt  port.o
    0x0800249c   0x00000014   Code   RO         2032    i.vQueueDelete      queue.o
    0x080024b0   0x0000004a   Code   RO         2034    i.vQueueWaitForMessageRestricted  queue.o
    0x080024fa   0x00000002   PAD
    0x080024fc   0x00000034   Code   RO         2251    i.vTaskDelay        tasks.o
    0x08002530   0x0000000c   Code   RO         2256    i.vTaskMissedYield  tasks.o
    0x0800253c   0x00000020   Code   RO         2258    i.vTaskPlaceOnEventList  tasks.o
    0x0800255c   0x00000028   Code   RO         2259    i.vTaskPlaceOnEventListRestricted  tasks.o
    0x08002584   0x0000008c   Code   RO         2261    i.vTaskPriorityInherit  tasks.o
    0x08002610   0x00000018   Code   RO         2265    i.vTaskSetTimeOutState  tasks.o
    0x08002628   0x00000094   Code   RO         2266    i.vTaskStartScheduler  tasks.o
    0x080026bc   0x00000010   Code   RO         2268    i.vTaskSuspendAll   tasks.o
    0x080026cc   0x000000b0   Code   RO         2269    i.vTaskSwitchContext  tasks.o
    0x0800277c   0x00000034   Code   RO         1944    i.xPortStartScheduler  port.o
    0x080027b0   0x00000034   Code   RO         1945    i.xPortSysTickHandler  port.o
    0x080027e4   0x00000022   Code   RO         2037    i.xQueueCreateMutex  queue.o
    0x08002806   0x0000002a   Code   RO         2038    i.xQueueCreateMutexStatic  queue.o
    0x08002830   0x0000003e   Code   RO         2039    i.xQueueGenericCreate  queue.o
    0x0800286e   0x0000002e   Code   RO         2040    i.xQueueGenericCreateStatic  queue.o
    0x0800289c   0x0000015c   Code   RO         2041    i.xQueueGenericReceive  queue.o
    0x080029f8   0x00000080   Code   RO         2042    i.xQueueGenericReset  queue.o
    0x08002a78   0x00000118   Code   RO         2043    i.xQueueGenericSend  queue.o
    0x08002b90   0x00000086   Code   RO         2044    i.xQueueGenericSendFromISR  queue.o
    0x08002c16   0x00000030   Code   RO         2047    i.xQueueGiveMutexRecursive  queue.o
    0x08002c46   0x0000003a   Code   RO         2052    i.xQueueTakeMutexRecursive  queue.o
    0x08002c80   0x0000005c   Code   RO         2270    i.xTaskCheckForTimeOut  tasks.o
    0x08002cdc   0x00000064   Code   RO         2271    i.xTaskCreate       tasks.o
    0x08002d40   0x0000004e   Code   RO         2272    i.xTaskCreateStatic  tasks.o
    0x08002d8e   0x00000002   PAD
    0x08002d90   0x0000000c   Code   RO         2275    i.xTaskGetCurrentTaskHandle  tasks.o
    0x08002d9c   0x00000020   Code   RO         2276    i.xTaskGetSchedulerState  tasks.o
    0x08002dbc   0x0000000c   Code   RO         2277    i.xTaskGetTickCount  tasks.o
    0x08002dc8   0x00000118   Code   RO         2279    i.xTaskIncrementTick  tasks.o
    0x08002ee0   0x00000060   Code   RO         2282    i.xTaskPriorityDisinherit  tasks.o
    0x08002f40   0x00000080   Code   RO         2283    i.xTaskRemoveFromEventList  tasks.o
    0x08002fc0   0x000000e8   Code   RO         2285    i.xTaskResumeAll    tasks.o
    0x080030a8   0x00000060   Code   RO         2606    i.xTimerCreateTimerTask  timers.o
    0x08003108   0x0000006c   Code   RO         2607    i.xTimerGenericCommand  timers.o
    0x08003174   0x00000028   Data   RO          158    .constdata          tft_ili9341.o
    0x0800319c   0x00000020   Data   RO         3031    Region$$Table       anon$$obj.o


    Execution Region ER_RW (Base: 0x20000000, Size: 0x000000a8, Max: 0xffffffff, ABSOLUTE)

    Base Addr    Size         Type   Attr      Idx    E Section Name        Object

    0x20000000   0x00000004   Data   RW          273    .data               gui_core.o
    0x20000004   0x00000008   Data   RW          354    .data               sys_device.o
    0x2000000c   0x00000004   Data   RW          417    .data               sys_memory.o
    0x20000010   0x00000001   Data   RW          481    .data               clib_arm.o
    0x20000011   0x00000003   PAD
    0x20000014   0x00000014   Data   RW          611    .data               cmsis_os2.o
    0x20000028   0x00000014   Data   RW         1655    .data               system_stm32f10x.o
    0x2000003c   0x00000018   Data   RW         1888    .data               heap_5.o
    0x20000054   0x00000004   Data   RW         1946    .data               port.o
    0x20000058   0x0000003c   Data   RW         2288    .data               tasks.o
    0x20000094   0x00000014   Data   RW         2615    .data               timers.o


    Execution Region ER_ZI (Base: 0x200000a8, Size: 0x000041f8, Max: 0xffffffff, ABSOLUTE)

    Base Addr    Size         Type   Attr      Idx    E Section Name        Object

    0x200000a8   0x00000014   Zero   RW          157    .bss                tft_ili9341.o
    0x200000bc   0x000023f8   Zero   RW          610    .bss                cmsis_os2.o
    0x200024b4   0x000004c4   Zero   RW         2287    .bss                tasks.o
    0x20002978   0x000000c8   Zero   RW         2614    .bss                timers.o
    0x20002a40   0x00000060   Zero   RW         2913    .bss                c_w.l(libspace.o)
    0x20002aa0   0x00001400   Zero   RW         1642    HEAP                startup_stm32f10x_md.o
    0x20003ea0   0x00000400   Zero   RW         1641    STACK               startup_stm32f10x_md.o


==============================================================================

Image component sizes


      Code (inc. data)   RO Data    RW Data    ZI Data      Debug   Object Name

       120          4          0          1          0       7752   clib_arm.o
       704         48          0         20       9208      35620   cmsis_os2.o
         0          0          0          0          0      14652   event_groups.o
        14          0          0          0          0        450   freertos_tick_config.o
       120         16          0          4          0       3301   gui_core.o
       604         60          0         24          0       4148   heap_5.o
       148          0          0          0          0       3138   list.o
       156         14          0          0          0     251988   main.o
       112         12          0          0          0       1140   misc.o
       412         50          0          4          0       8872   port.o
      1692         16          0          0          0      15369   queue.o
        64         26        236          0       6144        804   startup_stm32f10x_md.o
        42          0          0          0          0       2905   stm32f10x_dma.o
       286          0          0          0          0       3204   stm32f10x_gpio.o
        64         12          0          0          0       1209   stm32f10x_rcc.o
       134          0          0          0          0       3645   stm32f10x_spi.o
        12          0          0          0          0       1055   sys_core.o
       206         14          0          8          0       3833   sys_device.o
       678         30          0          4          0       4152   sys_memory.o
       328         28          0         20          0       2213   system_stm32f10x.o
      2522        366          0         60       1220      21701   tasks.o
      1552         96         40          0         20       8292   tft_ili9341.o
      1030        114          0         20        200       8723   timers.o

    ----------------------------------------------------------------------
     11028        906        308        168      16792     408166   Object Totals
         0          0         32          0          0          0   (incl. Generated)
        28          0          0          3          0          0   (incl. Padding)

    ----------------------------------------------------------------------

      Code (inc. data)   RO Data    RW Data    ZI Data      Debug   Library Member Name

         8          0          0          0          0         68   __main.o
        52          8          0          0          0          0   __scatter.o
        26          0          0          0          0          0   __scatter_copy.o
        28          0          0          0          0          0   __scatter_zi.o
        16          0          0          0          0         68   aeabi_memset.o
        10          0          0          0          0         68   defsig_exit.o
        50          0          0          0          0         88   defsig_general.o
        80         58          0          0          0         76   defsig_rtmem_inner.o
        14          0          0          0          0         80   defsig_rtmem_outer.o
        12          0          0          0          0         72   exit.o
       158          0          0          0          0        128   h1_alloc_mt.o
        62          0          0          0          0         80   h1_extend_mt.o
        10          0          0          0          0         76   h1_final_mt.o
       118          0          0          0          0        108   h1_free_mt.o
        18          0          0          0          0         84   h1_init_mt.o
         6          0          0          0          0        152   heapauxi.o
         4          0          0          0          0        136   hguard.o
         0          0          0          0          0          0   indicate_semi.o
       138          0          0          0          0        168   init_alloc.o
         2          0          0          0          0          0   libinit.o
        10          0          0          0          0          0   libinit2.o
         2          0          0          0          0          0   libshutdown.o
         6          0          0          0          0          0   libshutdown2.o
         8          4          0          0         96         68   libspace.o
         0          0          0          0          0          0   maybetermalloc2.o
        10          0          0          0          0         76   rt_heap_descriptor_twolibspace.o
        68          0          0          0          0         68   rt_memclr.o
        78          0          0          0          0         80   rt_memclr_w.o
       138          0          0          0          0         68   rt_memcpy_v6.o
       100          0          0          0          0         80   rt_memcpy_w.o
         0          0          0          0          0          0   rtentry.o
        20          0          0          0          0          0   rtentry2.o
         6          0          0          0          0          0   rtentry4.o
         2          0          0          0          0          0   rtexit.o
        10          0          0          0          0          0   rtexit2.o
        12          4          0          0          0         68   sys_exit.o
        74          0          0          0          0         80   sys_stackheap_outer.o
        14          0          0          0          0         76   sys_wrch.o
        16          0          0          0          0         80   term_alloc.o
         2          0          0          0          0         68   use_no_semi.o

    ----------------------------------------------------------------------
      1396         74          0          0         96       2264   Library Totals
         8          0          0          0          0          0   (incl. Padding)

    ----------------------------------------------------------------------

      Code (inc. data)   RO Data    RW Data    ZI Data      Debug   Library Name

      1388         74          0          0         96       2264   c_w.l

    ----------------------------------------------------------------------
      1396         74          0          0         96       2264   Library Totals

    ----------------------------------------------------------------------

==============================================================================


      Code (inc. data)   RO Data    RW Data    ZI Data      Debug   

     12424        980        308        168      16888     402262   Grand Totals
     12424        980        308        168      16888     402262   ELF Image Totals
     12424        980        308        168          0          0   ROM Totals

==============================================================================

    Total RO  Size (Code + RO Data)                12732 (  12.43kB)
    Total RW  Size (RW Data + ZI Data)             17056 (  16.66kB)
    Total ROM Size (Code + RO Data + RW Data)      12900 (  12.60kB)

==============================================================================

