Product: MDK-ARM Professional 5.10
Component: ARM Compiler 5.04 update 1 (build 49)
Tool: armlink [5040049]

==============================================================================

Section Cross References

    main.o(i.Init) refers to sys_core.o(i.SYS_Init) for SYS_Init
    main.o(i.Init) refers to gui_core.o(i.GUI_Init) for GUI_Init
    main.o(i.Init) refers to stable.o(i.Stable_Init) for Stable_Init
    main.o(i.Init) refers to tasks.o(i.vTaskDelete) for vTaskDelete
    main.o(i.main) refers to tasks.o(i.xTaskCreate) for xTaskCreate
    main.o(i.main) refers to tasks.o(i.vTaskStartScheduler) for vTaskStartScheduler
    main.o(i.main) refers to main.o(i.Init) for Init
    stable.o(i.IMUupdate) refers to fmul.o(x$fpl$fmul) for __aeabi_fmul
    stable.o(i.IMUupdate) refers to faddsub_clz.o(x$fpl$fadd) for __aeabi_fadd
    stable.o(i.IMUupdate) refers to f2d.o(x$fpl$f2d) for __aeabi_f2d
    stable.o(i.IMUupdate) refers to sqrt.o(i.sqrt) for sqrt
    stable.o(i.IMUupdate) refers to d2f.o(x$fpl$d2f) for __aeabi_d2f
    stable.o(i.IMUupdate) refers to fdiv.o(x$fpl$fdiv) for __aeabi_fdiv
    stable.o(i.IMUupdate) refers to faddsub_clz.o(x$fpl$fsub) for __aeabi_fsub
    stable.o(i.IMUupdate) refers to stable.o(.data) for q2
    stable.o(i.IMUupdate) refers to asin.o(i.asin) for asin
    stable.o(i.IMUupdate) refers to dmul.o(x$fpl$dmul) for __aeabi_dmul
    stable.o(i.IMUupdate) refers to atan2.o(i.atan2) for atan2
    stable.o(i.Stable_Init) refers to sys_memory.o(i.SYS_CallHEAP) for SYS_CallHEAP
    stable.o(i.Stable_Init) refers to stable.o(i.Stable_LoadFunction) for Stable_LoadFunction
    stable.o(i.Stable_Init) refers to tasks.o(i.xTaskCreate) for xTaskCreate
    stable.o(i.Stable_Init) refers to stable.o(i.stable) for stable
    stable.o(i.Stable_LoadFunction) refers to sys_memory.o(i.SYS_CallMem) for SYS_CallMem
    stable.o(i.Stable_LoadFunction) refers to sys_device.o(.data) for PDriverPassTree
    stable.o(i.Stable_LoadFunction) refers to stable.o(.data) for GetGyroscopeData
    stable.o(i.drawpic) refers to frleqf.o(x$fpl$frleqf) for __aeabi_cfrcmple
    stable.o(i.drawpic) refers to gui_2dlib.o(i.GUI_ActiveClear) for GUI_ActiveClear
    stable.o(i.drawpic) refers to f2d.o(x$fpl$f2d) for __aeabi_f2d
    stable.o(i.drawpic) refers to daddsub_clz.o(x$fpl$dadd) for __aeabi_dadd
    stable.o(i.drawpic) refers to d2f.o(x$fpl$d2f) for __aeabi_d2f
    stable.o(i.drawpic) refers to fmul.o(x$fpl$fmul) for __aeabi_fmul
    stable.o(i.drawpic) refers to faddsub_clz.o(x$fpl$fadd) for __aeabi_fadd
    stable.o(i.drawpic) refers to gui_2dlib.o(i.GUI_DrawPoint) for GUI_DrawPoint
    stable.o(i.drawpic) refers to stable.o(.data) for px
    stable.o(i.stable) refers to gui_core.o(i.GUI_CreatWD) for GUI_CreatWD
    stable.o(i.stable) refers to stable.o(i.IMUupdate) for IMUupdate
    stable.o(i.stable) refers to stable.o(i.drawpic) for drawpic
    stable.o(i.stable) refers to f2d.o(x$fpl$f2d) for __aeabi_f2d
    stable.o(i.stable) refers to dmul.o(x$fpl$dmul) for __aeabi_dmul
    stable.o(i.stable) refers to dfixu.o(x$fpl$dfixu) for __aeabi_d2uiz
    stable.o(i.stable) refers to fflt_clz.o(x$fpl$ffltu) for __aeabi_ui2f
    stable.o(i.stable) refers to tasks.o(i.vTaskDelay) for vTaskDelay
    stable.o(i.stable) refers to stable.o(.data) for GetGyroscopeData
    stable.o(i.stable) refers to stable.o(.bss) for ABuff
    tft_ili9341.o(i.DMA_TX_Init) refers to stm32f10x_dma.o(i.DMA_DeInit) for DMA_DeInit
    tft_ili9341.o(i.DMA_TX_Init) refers to stm32f10x_dma.o(i.DMA_Init) for DMA_Init
    tft_ili9341.o(i.DMA_TX_Init) refers to stm32f10x_dma.o(i.DMA_ITConfig) for DMA_ITConfig
    tft_ili9341.o(i.DMA_TX_Init) refers to stm32f10x_spi.o(i.SPI_I2S_DMACmd) for SPI_I2S_DMACmd
    tft_ili9341.o(i.DMA_TX_Init) refers to stm32f10x_dma.o(i.DMA_Cmd) for DMA_Cmd
    tft_ili9341.o(i.SPI1_Init) refers to rt_memcpy_w.o(.text) for __aeabi_memcpy4
    tft_ili9341.o(i.SPI1_Init) refers to stm32f10x_rcc.o(i.RCC_APB2PeriphClockCmd) for RCC_APB2PeriphClockCmd
    tft_ili9341.o(i.SPI1_Init) refers to stm32f10x_rcc.o(i.RCC_AHBPeriphClockCmd) for RCC_AHBPeriphClockCmd
    tft_ili9341.o(i.SPI1_Init) refers to stm32f10x_gpio.o(i.GPIO_Init) for GPIO_Init
    tft_ili9341.o(i.SPI1_Init) refers to stm32f10x_spi.o(i.SPI_Init) for SPI_Init
    tft_ili9341.o(i.SPI1_Init) refers to stm32f10x_spi.o(i.SPI_I2S_ITConfig) for SPI_I2S_ITConfig
    tft_ili9341.o(i.SPI1_Init) refers to stm32f10x_spi.o(i.SPI_Cmd) for SPI_Cmd
    tft_ili9341.o(i.SPI1_Init) refers to stm32f10x_spi.o(i.SPI_I2S_DMACmd) for SPI_I2S_DMACmd
    tft_ili9341.o(i.SPI1_Init) refers to stm32f10x_dma.o(i.DMA_Cmd) for DMA_Cmd
    tft_ili9341.o(i.SPI1_Init) refers to stm32f10x_dma.o(i.DMA_ITConfig) for DMA_ITConfig
    tft_ili9341.o(i.SPI1_Init) refers to misc.o(i.NVIC_Init) for NVIC_Init
    tft_ili9341.o(i.SPI1_Init) refers to tft_ili9341.o(.constdata) for .constdata
    tft_ili9341.o(i.Screen_Clear) refers to tasks.o(i.vTaskSuspendAll) for vTaskSuspendAll
[...]
    pwm_time                                 0x2000009a   Data           2  brushlessmotor.o(.data)
    .data                                    0x2000009c   Section        1  clib_arm.o(.data)
    os_kernel_active                         0x2000009c   Data           1  clib_arm.o(.data)
    .data                                    0x200000a0   Section       20  cmsis_os2.o(.data)
    KernelState                              0x200000a0   Data           4  cmsis_os2.o(.data)
    xHeapRegions                             0x200000a4   Data          16  cmsis_os2.o(.data)
    .data                                    0x200000b4   Section       20  system_stm32f10x.o(.data)
    .data                                    0x200000c8   Section       24  heap_5.o(.data)
    xStart                                   0x200000c8   Data           8  heap_5.o(.data)
    pxEnd                                    0x200000d0   Data           4  heap_5.o(.data)
    xFreeBytesRemaining                      0x200000d4   Data           4  heap_5.o(.data)
    xMinimumEverFreeBytesRemaining           0x200000d8   Data           4  heap_5.o(.data)
    xBlockAllocatedBit                       0x200000dc   Data           4  heap_5.o(.data)
    .data                                    0x200000e0   Section        4  port.o(.data)
    uxCriticalNesting                        0x200000e0   Data           4  port.o(.data)
    .data                                    0x200000e4   Section       60  tasks.o(.data)
    pxDelayedTaskList                        0x200000e8   Data           4  tasks.o(.data)
    pxOverflowDelayedTaskList                0x200000ec   Data           4  tasks.o(.data)
    uxDeletedTasksWaitingCleanUp             0x200000f0   Data           4  tasks.o(.data)
    uxCurrentNumberOfTasks                   0x200000f4   Data           4  tasks.o(.data)
    xTickCount                               0x200000f8   Data           4  tasks.o(.data)
    uxTopReadyPriority                       0x200000fc   Data           4  tasks.o(.data)
    xSchedulerRunning                        0x20000100   Data           4  tasks.o(.data)
    uxPendedTicks                            0x20000104   Data           4  tasks.o(.data)
    xYieldPending                            0x20000108   Data           4  tasks.o(.data)
    xNumOfOverflows                          0x2000010c   Data           4  tasks.o(.data)
    uxTaskNumber                             0x20000110   Data           4  tasks.o(.data)
    xNextTaskUnblockTime                     0x20000114   Data           4  tasks.o(.data)
    xIdleTaskHandle                          0x20000118   Data           4  tasks.o(.data)
    uxSchedulerSuspended                     0x2000011c   Data           4  tasks.o(.data)
    .data                                    0x20000120   Section       20  timers.o(.data)
    pxCurrentTimerList                       0x20000120   Data           4  timers.o(.data)
    pxOverflowTimerList                      0x20000124   Data           4  timers.o(.data)
    xTimerQueue                              0x20000128   Data           4  timers.o(.data)
    xTimerTaskHandle                         0x2000012c   Data           4  timers.o(.data)
    xLastTime                                0x20000130   Data           4  timers.o(.data)
    .bss                                     0x20000134   Section       24  stable.o(.bss)
    .bss                                     0x2000014c   Section       20  tft_ili9341.o(.bss)
    LCDdata                                  0x2000014c   Data          20  tft_ili9341.o(.bss)
    .bss                                     0x20000160   Section       12  mpu6050.o(.bss)
    .bss                                     0x2000016c   Section     4096  brushlessmotor.o(.bss)
    sinlist                                  0x2000016c   Data        4096  brushlessmotor.o(.bss)
    .bss                                     0x2000116c   Section      496  clib_arm.o(.bss)
    os_libspace                              0x2000116c   Data         480  clib_arm.o(.bss)
    os_libspace_id                           0x2000134c   Data          16  clib_arm.o(.bss)
    .bss                                     0x2000135c   Section     9896  cmsis_os2.o(.bss)
    ucHeap                                   0x2000135c   Data        8192  cmsis_os2.o(.bss)
    Idle_TCB                                 0x2000335c   Data          92  cmsis_os2.o(.bss)
    Idle_Stack                               0x200033b8   Data        1200  cmsis_os2.o(.bss)
    Timer_TCB                                0x20003868   Data          92  cmsis_os2.o(.bss)
    Timer_Stack                              0x200038c4   Data         320  cmsis_os2.o(.bss)
    .bss                                     0x20003a04   Section     1220  tasks.o(.bss)
    pxReadyTasksLists                        0x20003a04   Data        1120  tasks.o(.bss)
    xDelayedTaskList1                        0x20003e64   Data          20  tasks.o(.bss)
    xDelayedTaskList2                        0x20003e78   Data          20  tasks.o(.bss)
    xPendingReadyList                        0x20003e8c   Data          20  tasks.o(.bss)
    xTasksWaitingTermination                 0x20003ea0   Data          20  tasks.o(.bss)
    xSuspendedTaskList                       0x20003eb4   Data          20  tasks.o(.bss)
    .bss                                     0x20003ec8   Section      200  timers.o(.bss)
    xActiveTimerList1                        0x20003ec8   Data          20  timers.o(.bss)
    xActiveTimerList2                        0x20003edc   Data          20  timers.o(.bss)
    xStaticTimerQueue                        0x20003ef0   Data          80  timers.o(.bss)
    ucStaticTimerQueueStorage                0x20003f40   Data          80  timers.o(.bss)
    .bss                                     0x20003f90   Section       96  libspace.o(.bss)
    HEAP                                     0x20003ff0   Section      512  startup_stm32f10x_hd.o(HEAP)
    Heap_Mem                                 0x20003ff0   Data         512  startup_stm32f10x_hd.o(HEAP)
    STACK                                    0x200041f0   Section     1024  startup_stm32f10x_hd.o(STACK)
    Stack_Mem                                0x200041f0   Data        1024  startup_stm32f10x_hd.o(STACK)
    __initial_sp                             0x200045f0   Data           0  startup_stm32f10x_hd.o(STACK)

    Global Symbols

    Symbol Name                              Value     Ov Type        Size  Object(Section)

    BuildAttributes$$THM_ISAv4$P$D$K$B$S$PE$A:L22UL41UL21$X:L11$S22US41US21$IEEE1$IW$USESV6$~STKCKD$USESV7$~SHL$OTIME$ROPI$IEEEX$EBA8$UX$STANDARDLIB$REQ8$PRES8$EABIv2 0x00000000   Number         0  anon$$obj.o ABSOLUTE
    __ARM_use_no_argv                        0x00000000   Number         0  main.o ABSOLUTE
    __ARM_exceptions_init                     - Undefined Weak Reference
    __alloca_initialize                       - Undefined Weak Reference
    __cpp_initialize__aeabi_                  - Undefined Weak Reference
    __cxa_finalize                            - Undefined Weak Reference
    __rt_locale                               - Undefined Weak Reference
    __sigvec_lookup                           - Undefined Weak Reference
    __user_heap_extent                        - Undefined Weak Reference
    _atexit_init                              - Undefined Weak Reference
    _call_atexit_fns                          - Undefined Weak Reference
    _clock_init                               - Undefined Weak Reference
    _fp_trap_init                             - Undefined Weak Reference
    _fp_trap_shutdown                         - Undefined Weak Reference
    _get_lc_collate                           - Undefined Weak Reference
    _get_lc_ctype                             - Undefined Weak Reference
    _get_lc_monetary                          - Undefined Weak Reference
    _get_lc_numeric                           - Undefined Weak Reference
    _get_lc_time                              - Undefined Weak Reference
    _getenv_init                              - Undefined Weak Reference
    _handle_redirection                       - Undefined Weak Reference
    _initio                                   - Undefined Weak Reference
    _rand_init                                - Undefined Weak Reference
    _signal_finish                            - Undefined Weak Reference
    _signal_init                              - Undefined Weak Reference
    _terminateio                              - Undefined Weak Reference
    __Vectors_Size                           0x00000130   Number         0  startup_stm32f10x_hd.o ABSOLUTE
    __Vectors                                0x08000000   Data           4  startup_stm32f10x_hd.o(RESET)
    __Vectors_End                            0x08000130   Data           0  startup_stm32f10x_hd.o(RESET)
    __main                                   0x08000131   Thumb Code     8  __main.o(!!!main)
    __scatterload                            0x08000139   Thumb Code     0  __scatter.o(!!!scatter)
    __scatterload_rt2                        0x08000139   Thumb Code    44  __scatter.o(!!!scatter)
    __scatterload_rt2_thumb_only             0x08000139   Thumb Code     0  __scatter.o(!!!scatter)
    __scatterload_null                       0x08000147   Thumb Code     0  __scatter.o(!!!scatter)
    __decompress                             0x0800016d   Thumb Code    90  __dczerorl2.o(!!dczerorl2)
    __decompress1                            0x0800016d   Thumb Code     0  __dczerorl2.o(!!dczerorl2)
    __scatterload_zeroinit                   0x080001c9   Thumb Code    28  __scatter_zi.o(!!handler_zi)
    __rt_lib_init                            0x080001e5   Thumb Code     0  libinit.o(.ARM.Collect$$libinit$$00000000)
    __rt_lib_init_alloca_1                   0x080001e7   Thumb Code     0  libinit2.o(.ARM.Collect$$libinit$$0000002C)
    __rt_lib_init_argv_1                     0x080001e7   Thumb Code     0  libinit2.o(.ARM.Collect$$libinit$$0000002A)
    __rt_lib_init_atexit_1                   0x080001e7   Thumb Code     0  libinit2.o(.ARM.Collect$$libinit$$00000019)
    __rt_lib_init_clock_1                    0x080001e7   Thumb Code     0  libinit2.o(.ARM.Collect$$libinit$$0000001F)
    __rt_lib_init_cpp_1                      0x080001e7   Thumb Code     0  libinit2.o(.ARM.Collect$$libinit$$00000030)
    __rt_lib_init_exceptions_1               0x080001e7   Thumb Code     0  libinit2.o(.ARM.Collect$$libinit$$0000002E)
    __rt_lib_init_fp_1                       0x080001e7   Thumb Code     0  libinit2.o(.ARM.Collect$$libinit$$00000002)
    __rt_lib_init_fp_trap_1                  0x080001e7   Thumb Code     0  libinit2.o(.ARM.Collect$$libinit$$0000001D)
    __rt_lib_init_getenv_1                   0x080001e7   Thumb Code     0  libinit2.o(.ARM.Collect$$libinit$$00000021)
    __rt_lib_init_heap_1                     0x080001e7   Thumb Code     0  libinit2.o(.ARM.Collect$$libinit$$00000008)
    __rt_lib_init_lc_collate_1               0x080001e7   Thumb Code     0  libinit2.o(.ARM.Collect$$libinit$$0000000F)
    __rt_lib_init_lc_ctype_1                 0x080001e7   Thumb Code     0  libinit2.o(.ARM.Collect$$libinit$$00000011)
    __rt_lib_init_lc_monetary_1              0x080001e7   Thumb Code     0  libinit2.o(.ARM.Collect$$libinit$$00000013)
    __rt_lib_init_lc_numeric_1               0x080001e7   Thumb Code     0  libinit2.o(.ARM.Collect$$libinit$$00000015)
    __rt_lib_init_lc_time_1                  0x080001e7   Thumb Code     0  libinit2.o(.ARM.Collect$$libinit$$00000017)
    __rt_lib_init_rand_1                     0x080001e7   Thumb Code     0  libinit2.o(.ARM.Collect$$libinit$$0000000C)
    __rt_lib_init_return                     0x080001e7   Thumb Code     0  libinit2.o(.ARM.Collect$$libinit$$00000031)
    __rt_lib_init_signal_1                   0x080001e7   Thumb Code     0  libinit2.o(.ARM.Collect$$libinit$$0000001B)
    __rt_lib_init_stdio_1                    0x080001e7   Thumb Code     0  libinit2.o(.ARM.Collect$$libinit$$00000023)
    __rt_lib_init_user_alloc_1               0x080001e7   Thumb Code     0  libinit2.o(.ARM.Collect$$libinit$$0000000A)
    __rt_lib_shutdown                        0x080001e9   Thumb Code     0  libshutdown.o(.ARM.Collect$$libshutdown$$00000000)
    __rt_lib_shutdown_fp_trap_1              0x080001eb   Thumb Code     0  libshutdown2.o(.ARM.Collect$$libshutdown$$00000006)
    __rt_lib_shutdown_heap_1                 0x080001eb   Thumb Code     0  libshutdown2.o(.ARM.Collect$$libshutdown$$0000000E)
    __rt_lib_shutdown_return                 0x080001eb   Thumb Code     0  libshutdown2.o(.ARM.Collect$$libshutdown$$0000000F)
    __rt_lib_shutdown_signal_1               0x080001eb   Thumb Code     0  libshutdown2.o(.ARM.Collect$$libshutdown$$00000009)
    __rt_lib_shutdown_stdio_1                0x080001eb   Thumb Code     0  libshutdown2.o(.ARM.Collect$$libshutdown$$00000003)
    __rt_lib_shutdown_user_alloc_1           0x080001eb   Thumb Code     0  libshutdown2.o(.ARM.Collect$$libshutdown$$0000000B)
    __rt_entry                               0x080001ed   Thumb Code     0  rtentry.o(.ARM.Collect$$rtentry$$00000000)
    __rt_entry_presh_1                       0x080001ed   Thumb Code     0  rtentry2.o(.ARM.Collect$$rtentry$$00000002)
    __rt_entry_sh                            0x080001ed   Thumb Code     0  rtentry4.o(.ARM.Collect$$rtentry$$00000004)
    __rt_entry_postsh_1                      0x080001f3   Thumb Code     0  rtentry2.o(.ARM.Collect$$rtentry$$00000008)
    __rt_entry_li                            0x080001fb   Thumb Code     0  rtentry2.o(.ARM.Collect$$rtentry$$0000000A)
    __rt_entry_main                          0x080001ff   Thumb Code     0  rtentry2.o(.ARM.Collect$$rtentry$$0000000D)
    __rt_entry_postli_1                      0x080001ff   Thumb Code     0  rtentry2.o(.ARM.Collect$$rtentry$$0000000C)
    __rt_exit                                0x08000207   Thumb Code     0  rtexit.o(.ARM.Collect$$rtexit$$00000000)
    __rt_exit_ls                             0x08000209   Thumb Code     0  rtexit2.o(.ARM.Collect$$rtexit$$00000003)
    __rt_exit_prels_1                        0x08000209   Thumb Code     0  rtexit2.o(.ARM.Collect$$rtexit$$00000002)
    __rt_exit_exit                           0x0800020d   Thumb Code     0  rtexit2.o(.ARM.Collect$$rtexit$$00000004)
    SVC_Handler                              0x08000215   Thumb Code    32  port.o(.emb_text)
    __asm___6_port_c_39a90d8d__prvStartFirstTask 0x08000239   Thumb Code    28  port.o(.emb_text)
    PendSV_Handler                           0x08000259   Thumb Code    72  port.o(.emb_text)
    vPortGetIPSR                             0x080002a5   Thumb Code     6  port.o(.emb_text)
    Reset_Handler                            0x080002ad   Thumb Code     8  startup_stm32f10x_hd.o(.text)
    NMI_Handler                              0x080002b5   Thumb Code     2  startup_stm32f10x_hd.o(.text)
    HardFault_Handler                        0x080002b7   Thumb Code     2  startup_stm32f10x_hd.o(.text)
    MemManage_Handler                        0x080002b9   Thumb Code     2  startup_stm32f10x_hd.o(.text)
    BusFault_Handler                         0x080002bb   Thumb Code     2  startup_stm32f10x_hd.o(.text)
    UsageFault_Handler                       0x080002bd   Thumb Code     2  startup_stm32f10x_hd.o(.text)
    DebugMon_Handler                         0x080002c1   Thumb Code     2  startup_stm32f10x_hd.o(.text)
    ADC1_2_IRQHandler                        0x080002c7   Thumb Code     0  startup_stm32f10x_hd.o(.text)
    ADC3_IRQHandler                          0x080002c7   Thumb Code     0  startup_stm32f10x_hd.o(.text)
    CAN1_RX1_IRQHandler                      0x080002c7   Thumb Code     0  startup_stm32f10x_hd.o(.text)
    CAN1_SCE_IRQHandler                      0x080002c7   Thumb Code     0  startup_stm32f10x_hd.o(.text)
    DMA1_Channel1_IRQHandler                 0x080002c7   Thumb Code     0  startup_stm32f10x_hd.o(.text)
    DMA1_Channel2_IRQHandler                 0x080002c7   Thumb Code     0  startup_stm32f10x_hd.o(.text)
    DMA1_Channel3_IRQHandler                 0x080002c7   Thumb Code     0  startup_stm32f10x_hd.o(.text)
    DMA1_Channel4_IRQHandler                 0x080002c7   Thumb Code     0  startup_stm32f10x_hd.o(.text)
    DMA1_Channel5_IRQHandler                 0x080002c7   Thumb Code     0  startup_stm32f10x_hd.o(.text)
    DMA1_Channel6_IRQHandler                 0x080002c7   Thumb Code     0  startup_stm32f10x_hd.o(.text)
    DMA1_Channel7_IRQHandler                 0x080002c7   Thumb Code     0  startup_stm32f10x_hd.o(.text)
    DMA2_Channel1_IRQHandler                 0x080002c7   Thumb Code     0  startup_stm32f10x_hd.o(.text)
    DMA2_Channel2_IRQHandler                 0x080002c7   Thumb Code     0  startup_stm32f10x_hd.o(.text)
    DMA2_Channel3_IRQHandler                 0x080002c7   Thumb Code     0  startup_stm32f10x_hd.o(.text)
    DMA2_Channel4_5_IRQHandler               0x080002c7   Thumb Code     0  startup_stm32f10x_hd.o(.text)
    EXTI0_IRQHandler                         0x080002c7   Thumb Code     0  startup_stm32f10x_hd.o(.text)
    EXTI15_10_IRQHandler                     0x080002c7   Thumb Code     0  startup_stm32f10x_hd.o(.text)
    EXTI1_IRQHandler                         0x080002c7   Thumb Code     0  startup_stm32f10x_hd.o(.text)
    EXTI2_IRQHandler                         0x080002c7   Thumb Code     0  startup_stm32f10x_hd.o(.text)
    EXTI3_IRQHandler                         0x080002c7   Thumb Code     0  startup_stm32f10x_hd.o(.text)
    EXTI4_IRQHandler                         0x080002c7   Thumb Code     0  startup_stm32f10x_hd.o(.text)
    EXTI9_5_IRQHandler                       0x080002c7   Thumb Code     0  startup_stm32f10x_hd.o(.text)
    FLASH_IRQHandler                         0x080002c7   Thumb Code     0  startup_stm32f10x_hd.o(.text)
    FSMC_IRQHandler                          0x080002c7   Thumb Code     0  startup_stm32f10x_hd.o(.text)
    I2C1_ER_IRQHandler                       0x080002c7   Thumb Code     0  startup_stm32f10x_hd.o(.text)
    I2C1_EV_IRQHandler                       0x080002c7   Thumb Code     0  startup_stm32f10x_hd.o(.text)
    I2C2_ER_IRQHandler                       0x080002c7   Thumb Code     0  startup_stm32f10x_hd.o(.text)
    I2C2_EV_IRQHandler                       0x080002c7   Thumb Code     0  startup_stm32f10x_hd.o(.text)
    PVD_IRQHandler                           0x080002c7   Thumb Code     0  startup_stm32f10x_hd.o(.text)
    RCC_IRQHandler                           0x080002c7   Thumb Code     0  startup_stm32f10x_hd.o(.text)
    RTCAlarm_IRQHandler                      0x080002c7   Thumb Code     0  startup_stm32f10x_hd.o(.text)
    RTC_IRQHandler                           0x080002c7   Thumb Code     0  startup_stm32f10x_hd.o(.text)
    SDIO_IRQHandler                          0x080002c7   Thumb Code     0  startup_stm32f10x_hd.o(.text)
    SPI1_IRQHandler                          0x080002c7   Thumb Code     0  startup_stm32f10x_hd.o(.text)
    SPI2_IRQHandler                          0x080002c7   Thumb Code     0  startup_stm32f10x_hd.o(.text)
    SPI3_IRQHandler                          0x080002c7   Thumb Code     0  startup_stm32f10x_hd.o(.text)
    TAMPER_IRQHandler                        0x080002c7   Thumb Code     0  startup_stm32f10x_hd.o(.text)
    TIM1_BRK_IRQHandler                      0x080002c7   Thumb Code     0  startup_stm32f10x_hd.o(.text)
    TIM1_CC_IRQHandler                       0x080002c7   Thumb Code     0  startup_stm32f10x_hd.o(.text)
    TIM1_TRG_COM_IRQHandler                  0x080002c7   Thumb Code     0  startup_stm32f10x_hd.o(.text)
    TIM2_IRQHandler                          0x080002c7   Thumb Code     0  startup_stm32f10x_hd.o(.text)
    TIM3_IRQHandler                          0x080002c7   Thumb Code     0  startup_stm32f10x_hd.o(.text)
    TIM4_IRQHandler                          0x080002c7   Thumb Code     0  startup_stm32f10x_hd.o(.text)
    TIM5_IRQHandler                          0x080002c7   Thumb Code     0  startup_stm32f10x_hd.o(.text)
    TIM6_IRQHandler                          0x080002c7   Thumb Code     0  startup_stm32f10x_hd.o(.text)
    TIM7_IRQHandler                          0x080002c7   Thumb Code     0  startup_stm32f10x_hd.o(.text)
    TIM8_BRK_IRQHandler                      0x080002c7   Thumb Code     0  startup_stm32f10x_hd.o(.text)
    TIM8_CC_IRQHandler                       0x080002c7   Thumb Code     0  startup_stm32f10x_hd.o(.text)
    TIM8_TRG_COM_IRQHandler                  0x080002c7   Thumb Code     0  startup_stm32f10x_hd.o(.text)
    TIM8_UP_IRQHandler                       0x080002c7   Thumb Code     0  startup_stm32f10x_hd.o(.text)
    UART4_IRQHandler                         0x080002c7   Thumb Code     0  startup_stm32f10x_hd.o(.text)
    UART5_IRQHandler                         0x080002c7   Thumb Code     0  startup_stm32f10x_hd.o(.text)
    USART1_IRQHandler                        0x080002c7   Thumb Code     0  startup_stm32f10x_hd.o(.text)
    USART2_IRQHandler                        0x080002c7   Thumb Code     0  startup_stm32f10x_hd.o(.text)
    USART3_IRQHandler                        0x080002c7   Thumb Code     0  startup_stm32f10x_hd.o(.text)
    USBWakeUp_IRQHandler                     0x080002c7   Thumb Code     0  startup_stm32f10x_hd.o(.text)
    USB_HP_CAN1_TX_IRQHandler                0x080002c7   Thumb Code     0  startup_stm32f10x_hd.o(.text)
    USB_LP_CAN1_RX0_IRQHandler               0x080002c7   Thumb Code     0  startup_stm32f10x_hd.o(.text)
    WWDG_IRQHandler                          0x080002c7   Thumb Code     0  startup_stm32f10x_hd.o(.text)
    __user_initial_stackheap                 0x080002c9   Thumb Code     0  startup_stm32f10x_hd.o(.text)
    __aeabi_memcpy                           0x080002ed   Thumb Code     0  rt_memcpy_v6.o(.text)
    __rt_memcpy                              0x080002ed   Thumb Code   138  rt_memcpy_v6.o(.text)
    _memcpy_lastbytes                        0x08000353   Thumb Code     0  rt_memcpy_v6.o(.text)
    __aeabi_memcpy4                          0x08000377   Thumb Code     0  rt_memcpy_w.o(.text)
    __aeabi_memcpy8                          0x08000377   Thumb Code     0  rt_memcpy_w.o(.text)
    __rt_memcpy_w                            0x08000377   Thumb Code   100  rt_memcpy_w.o(.text)
    _memcpy_lastbytes_aligned                0x080003bf   Thumb Code     0  rt_memcpy_w.o(.text)
    __aeabi_memset                           0x080003db   Thumb Code    16  aeabi_memset.o(.text)
    __use_two_region_memory                  0x080003eb   Thumb Code     2  heapauxi.o(.text)
    __rt_heap_escrow                         0x080003ed   Thumb Code     2  heapauxi.o(.text)
    __rt_heap_expand                         0x080003ef   Thumb Code     2  heapauxi.o(.text)
    __read_errno                             0x080003f1   Thumb Code    10  _rserrno.o(.text)
    __set_errno                              0x080003fb   Thumb Code    12  _rserrno.o(.text)
    __aeabi_memclr                           0x08000407   Thumb Code     0  rt_memclr.o(.text)
    __rt_memclr                              0x08000407   Thumb Code    68  rt_memclr.o(.text)
    _memset                                  0x0800040b   Thumb Code     0  rt_memclr.o(.text)
    __user_libspace                          0x0800044d   Thumb Code     8  libspace.o(.text)
    __user_perproc_libspace                  0x0800044d   Thumb Code     0  libspace.o(.text)
    __aeabi_errno_addr                       0x08000455   Thumb Code     4  rt_errno_addr_twolibspace.o(.text)
    __errno$twolibspace                      0x08000455   Thumb Code     0  rt_errno_addr_twolibspace.o(.text)
    __rt_errno_addr$twolibspace              0x08000455   Thumb Code     0  rt_errno_addr_twolibspace.o(.text)
    __aeabi_memclr4                          0x08000459   Thumb Code     0  rt_memclr_w.o(.text)
    __aeabi_memclr8                          0x08000459   Thumb Code     0  rt_memclr_w.o(.text)
    __rt_memclr_w                            0x08000459   Thumb Code    78  rt_memclr_w.o(.text)
    _memset_w                                0x0800045d   Thumb Code     0  rt_memclr_w.o(.text)
    __user_setup_stackheap                   0x080004a7   Thumb Code    74  sys_stackheap_outer.o(.text)
    exit                                     0x080004f1   Thumb Code    12  exit.o(.text)
    _sys_exit                                0x080004fd   Thumb Code     8  sys_exit.o(.text)
    __I$use$semihosting                      0x08000509   Thumb Code     0  use_no_semi.o(.text)
    __use_no_semihosting_swi                 0x08000509   Thumb Code     2  use_no_semi.o(.text)
    __semihosting_library_function           0x0800050b   Thumb Code     0  indicate_semi.o(.text)
    AddToDriverTree                          0x0800050d   Thumb Code    60  sys_device.o(i.AddToDriverTree)
    BrushlessMotor_Init                      0x0800054d   Thumb Code    32  brushlessmotor.o(i.BrushlessMotor_Init)
    BrushlessMotor_LoadInfo                  0x08000571   Thumb Code    24  brushlessmotor.o(i.BrushlessMotor_LoadInfo)
    BrushlessMotor_SVPWM                     0x08000599   Thumb Code  1834  brushlessmotor.o(i.BrushlessMotor_SVPWM)
    BrushlessMotor_SVPWM_Init                0x08000ce9   Thumb Code    44  brushlessmotor.o(i.BrushlessMotor_SVPWM_Init)
    BrushlessMotor_TEST                      0x08000d21   Thumb Code     4  brushlessmotor.o(i.BrushlessMotor_TEST)
    BrushlessMotor_Turn                      0x08000d25   Thumb Code    94  brushlessmotor.o(i.BrushlessMotor_Turn)
    DMA_Cmd                                  0x08000da5   Thumb Code    24  stm32f10x_dma.o(i.DMA_Cmd)
    DMA_ITConfig                             0x08000dbd   Thumb Code    18  stm32f10x_dma.o(i.DMA_ITConfig)
    GPIOA_8_9_10_Init                        0x08000dd1   Thumb Code    32  brushlessmotor.o(i.GPIOA_8_9_10_Init)
    GPIOA_RCC_Init                           0x08000df5   Thumb Code    12  brushlessmotor.o(i.GPIOA_RCC_Init)
    GPIO_Init                                0x08000e01   Thumb Code   278  stm32f10x_gpio.o(i.GPIO_Init)
    GPIO_ResetBits                           0x08000f17   Thumb Code     4  stm32f10x_gpio.o(i.GPIO_ResetBits)
    GPIO_SetBits                             0x08000f1b   Thumb Code     4  stm32f10x_gpio.o(i.GPIO_SetBits)
    GUI_ActiveClear                          0x08000f21   Thumb Code    46  gui_2dlib.o(i.GUI_ActiveClear)
    GUI_CreatWD                              0x08000f59   Thumb Code   118  gui_core.o(i.GUI_CreatWD)
    GUI_DrawPoint                            0x08000fd5   Thumb Code    48  gui_2dlib.o(i.GUI_DrawPoint)
    GUI_GetInitedWDlistNode                  0x08001009   Thumb Code    32  gui_core.o(i.GUI_GetInitedWDlistNode)
    GUI_Init                                 0x08001029   Thumb Code    56  gui_core.o(i.GUI_Init)
    GUI_LoadFunction                         0x08001075   Thumb Code    92  gui_core.o(i.GUI_LoadFunction)
    GUI_WaitFunction                         0x080010dd   Thumb Code    20  gui_core.o(i.GUI_WaitFunction)
    Get_ACCEL                                0x080010f1   Thumb Code    68  mpu6050.o(i.Get_ACCEL)
    Get_GYRO                                 0x08001135   Thumb Code    84  mpu6050.o(i.Get_GYRO)
    IMUupdate                                0x08001191   Thumb Code  1632  stable.o(i.IMUupdate)
    Init                                     0x08001811   Thumb Code    22  main.o(i.Init)
    MPU6050_I2C_BufferRead                   0x08001829   Thumb Code   224  mpu6050.o(i.MPU6050_I2C_BufferRead)
    MPU6050_I2C_ByteWrite                    0x08001911   Thumb Code   134  mpu6050.o(i.MPU6050_I2C_ByteWrite)
    MPU6050_I2C_ERROR                        0x080019a1   Thumb Code    14  mpu6050.o(i.MPU6050_I2C_ERROR)
    MPU_6050_FixZero                         0x080019b5   Thumb Code   192  mpu6050.o(i.MPU_6050_FixZero)
    MPU_6050_INIT                            0x08001a79   Thumb Code   102  mpu6050.o(i.MPU_6050_INIT)
    MPU_6050_LoadInfo                        0x08001af5   Thumb Code    28  mpu6050.o(i.MPU_6050_LoadInfo)
    MPU_6050_TEST                            0x08001b25   Thumb Code     4  mpu6050.o(i.MPU_6050_TEST)
    MYI2C_Ack                                0x08001b29   Thumb Code    54  sys_i2c.o(i.MYI2C_Ack)
    MYI2C_Check                              0x08001b5f   Thumb Code    78  sys_i2c.o(i.MYI2C_Check)
    MYI2C_GenerateSTART                      0x08001bad   Thumb Code    34  sys_i2c.o(i.MYI2C_GenerateSTART)
    MYI2C_GenerateSTOP                       0x08001bcf   Thumb Code    44  sys_i2c.o(i.MYI2C_GenerateSTOP)
    MYI2C_Init                               0x08001bfd   Thumb Code   164  sys_i2c.o(i.MYI2C_Init)
    MYI2C_Nack                               0x08001ca9   Thumb Code    44  sys_i2c.o(i.MYI2C_Nack)
    MYI2C_Read8bit                           0x08001cd5   Thumb Code    82  sys_i2c.o(i.MYI2C_Read8bit)
    MYI2C_Send7bitAddress                    0x08001d27   Thumb Code    90  sys_i2c.o(i.MYI2C_Send7bitAddress)
    MYI2C_Write8bit                          0x08001d81   Thumb Code    80  sys_i2c.o(i.MYI2C_Write8bit)
    NVIC_Init                                0x08001dd1   Thumb Code   100  misc.o(i.NVIC_Init)
    NVIC_PriorityGroupConfig                 0x08001e41   Thumb Code    10  misc.o(i.NVIC_PriorityGroupConfig)
    RCC_AHBPeriphClockCmd                    0x08001e55   Thumb Code    26  stm32f10x_rcc.o(i.RCC_AHBPeriphClockCmd)
    RCC_APB2PeriphClockCmd                   0x08001e75   Thumb Code    26  stm32f10x_rcc.o(i.RCC_APB2PeriphClockCmd)
    SPI1_Init                                0x08001e95   Thumb Code   182  tft_ili9341.o(i.SPI1_Init)
    SPI_BaudRatePrescaler_datasize           0x08001f5d   Thumb Code    56  tft_ili9341.o(i.SPI_BaudRatePrescaler_datasize)
    SPI_Cmd                                  0x08001f99   Thumb Code    24  stm32f10x_spi.o(i.SPI_Cmd)
    SPI_I2S_DMACmd                           0x08001fb1   Thumb Code    18  stm32f10x_spi.o(i.SPI_I2S_DMACmd)
    SPI_I2S_ITConfig                         0x08001fc3   Thumb Code    32  stm32f10x_spi.o(i.SPI_I2S_ITConfig)
    SPI_Init                                 0x08001fe3   Thumb Code    60  stm32f10x_spi.o(i.SPI_Init)
    SYS_ADDtoDriver                          0x08002021   Thumb Code    64  sys_device.o(i.SYS_ADDtoDriver)
    SYS_ADDtoDriverPASS                      0x08002065   Thumb Code    64  sys_device.o(i.SYS_ADDtoDriverPASS)
    SYS_AddtoDriverPassTree                  0x080020a9   Thumb Code    36  sys_device.o(i.SYS_AddtoDriverPassTree)
    SYS_AddtoDriverTree                      0x080020d1   Thumb Code    34  sys_device.o(i.SYS_AddtoDriverTree)
    SYS_CallHEAP                             0x080020f5   Thumb Code    34  sys_memory.o(i.SYS_CallHEAP)
    SYS_CallMem                              0x0800211d   Thumb Code   186  sys_memory.o(i.SYS_CallMem)
    SYS_DeleteDriverfromPDriverPassTree      0x080021dd   Thumb Code    68  sys_device.o(i.SYS_DeleteDriverfromPDriverPassTree)
    SYS_DeleteDriverfromPDriverTree          0x08002225   Thumb Code    68  sys_device.o(i.SYS_DeleteDriverfromPDriverTree)
    SYS_DriverInit                           0x0800226d   Thumb Code    32  sys_device.o(i.SYS_DriverInit)
    SYS_DriverManage                         0x08002299   Thumb Code    82  sys_device.o(i.SYS_DriverManage)
    SYS_Init                                 0x080022f5   Thumb Code    12  sys_core.o(i.SYS_Init)
    SYS_MemoryHEAPCall                       0x08002301   Thumb Code    78  sys_memory.o(i.SYS_MemoryHEAPCall)
    SYS_MemoryInit                           0x08002355   Thumb Code   110  sys_memory.o(i.SYS_MemoryInit)
    SYS_MemorySizeChoice                     0x080023c9   Thumb Code    30  sys_memory.o(i.SYS_MemorySizeChoice)
    Screen_Clear                             0x080023e9   Thumb Code   120  tft_ili9341.o(i.Screen_Clear)
    Screen_DrawPoint                         0x08002469   Thumb Code    42  tft_ili9341.o(i.Screen_DrawPoint)
    Screen_ReadColor                         0x08002495   Thumb Code   122  tft_ili9341.o(i.Screen_ReadColor)
    Stable_Init                              0x080025fd   Thumb Code    38  stable.o(i.Stable_Init)
    Stable_LoadFunction                      0x08002631   Thumb Code   104  stable.o(i.Stable_LoadFunction)
    SysTick_Handler                          0x080026a5   Thumb Code    14  freertos_tick_config.o(i.SysTick_Handler)
    SystemInit                               0x080026b5   Thumb Code    78  system_stm32f10x.o(i.SystemInit)
    TFT_ILI9341_Address_set                  0x08002715   Thumb Code    76  tft_ili9341.o(i.TFT_ILI9341_Address_set)
    TFT_ILI9341_Init                         0x08002761   Thumb Code   630  tft_ili9341.o(i.TFT_ILI9341_Init)
    TFT_ILI9341_LoadInfo                     0x080029dd   Thumb Code    50  tft_ili9341.o(i.TFT_ILI9341_LoadInfo)
    TFT_ILI9341_ReadData_16bit               0x08002a29   Thumb Code    72  tft_ili9341.o(i.TFT_ILI9341_ReadData_16bit)
    TFT_ILI9341_TEST                         0x08002a79   Thumb Code   100  tft_ili9341.o(i.TFT_ILI9341_TEST)
    TFT_ILI9341_WriteCmd                     0x08002ae1   Thumb Code    40  tft_ili9341.o(i.TFT_ILI9341_WriteCmd)
    TFT_ILI9341_WriteData_16bit              0x08002b11   Thumb Code    42  tft_ili9341.o(i.TFT_ILI9341_WriteData_16bit)
    TFT_ILI9341_WriteData_8bit               0x08002b45   Thumb Code    40  tft_ili9341.o(i.TFT_ILI9341_WriteData_8bit)
    TIM1_UP_IRQHandler                       0x08002b75   Thumb Code    36  brushlessmotor.o(i.TIM1_UP_IRQHandler)
    TIM_ARRPreloadConfig                     0x08002b9d   Thumb Code    24  stm32f10x_tim.o(i.TIM_ARRPreloadConfig)
    TIM_ClearFlag                            0x08002bb5   Thumb Code     6  stm32f10x_tim.o(i.TIM_ClearFlag)
    TIM_Cmd                                  0x08002bbb   Thumb Code    24  stm32f10x_tim.o(i.TIM_Cmd)
    TIM_CtrlPWMOutputs                       0x08002bd3   Thumb Code    30  stm32f10x_tim.o(i.TIM_CtrlPWMOutputs)
    TIM_ITConfig                             0x08002bf1   Thumb Code    18  stm32f10x_tim.o(i.TIM_ITConfig)
    TIM_OC1Init                              0x08002c05   Thumb Code   132  stm32f10x_tim.o(i.TIM_OC1Init)
    TIM_OC1PreloadConfig                     0x08002c9d   Thumb Code    18  stm32f10x_tim.o(i.TIM_OC1PreloadConfig)
    TIM_OC2Init                              0x08002cb1   Thumb Code   154  stm32f10x_tim.o(i.TIM_OC2Init)
    TIM_OC2PreloadConfig                     0x08002d55   Thumb Code    26  stm32f10x_tim.o(i.TIM_OC2PreloadConfig)
    TIM_OC3Init                              0x08002d71   Thumb Code   150  stm32f10x_tim.o(i.TIM_OC3Init)
    TIM_OC3PreloadConfig                     0x08002e11   Thumb Code    18  stm32f10x_tim.o(i.TIM_OC3PreloadConfig)
    TIM_TimeBaseInit                         0x08002e25   Thumb Code   122  stm32f10x_tim.o(i.TIM_TimeBaseInit)
    Time1_Init                               0x08002ec9   Thumb Code   278  brushlessmotor.o(i.Time1_Init)
    __ARM_fpclassify                         0x08002fed   Thumb Code    40  fpclassify.o(i.__ARM_fpclassify)
    __ARM_fpclassifyf                        0x08003015   Thumb Code    38  fpclassifyf.o(i.__ARM_fpclassifyf)
    __kernel_poly                            0x0800304d   Thumb Code   170  poly.o(i.__kernel_poly)
    __mathlib_dbl_underflow                  0x080030f9   Thumb Code    10  dunder.o(i.__mathlib_dbl_underflow)
    __mathlib_flt_underflow                  0x08003109   Thumb Code    10  funder.o(i.__mathlib_flt_underflow)
    __mathlib_rredf2                         0x08003115   Thumb Code   326  rredf.o(i.__mathlib_rredf2)
    __user_perthread_libspace                0x0800326d   Thumb Code    88  clib_arm.o(i.__user_perthread_libspace)
    _mutex_acquire                           0x080032d1   Thumb Code    22  clib_arm.o(i._mutex_acquire)
    _mutex_free                              0x080032e7   Thumb Code    12  clib_arm.o(i._mutex_free)
    _mutex_initialize                        0x080032f3   Thumb Code    24  clib_arm.o(i._mutex_initialize)
    _mutex_release                           0x0800330b   Thumb Code    18  clib_arm.o(i._mutex_release)
    _platform_post_stackheap_init            0x0800331d   Thumb Code     8  clib_arm.o(i._platform_post_stackheap_init)
    asin                                     0x08003325   Thumb Code   584  asin.o(i.asin)
    atan                                     0x080035a1   Thumb Code   478  atan.o(i.atan)
    atan2                                    0x080037c5   Thumb Code   346  atan2.o(i.atan2)
    drawpic                                  0x08003945   Thumb Code   186  stable.o(i.drawpic)
    main                                     0x08003a25   Thumb Code    30  main.o(i.main)
    osKernelGetState                         0x08003a51   Thumb Code    80  cmsis_os2.o(i.osKernelGetState)
    osKernelInitialize                       0x08003aa5   Thumb Code    64  cmsis_os2.o(i.osKernelInitialize)
    osMutexAcquire                           0x08003aed   Thumb Code   124  cmsis_os2.o(i.osMutexAcquire)
    osMutexDelete                            0x08003b6d   Thumb Code    60  cmsis_os2.o(i.osMutexDelete)
    osMutexNew                               0x08003bad   Thumb Code   180  cmsis_os2.o(i.osMutexNew)
    osMutexRelease                           0x08003c65   Thumb Code   100  cmsis_os2.o(i.osMutexRelease)
    osThreadGetId                            0x08003ccd   Thumb Code    42  cmsis_os2.o(i.osThreadGetId)
    pvPortMalloc                             0x08004595   Thumb Code   178  heap_5.o(i.pvPortMalloc)
    pvTaskIncrementMutexHeldCount            0x0800465d   Thumb Code    26  tasks.o(i.pvTaskIncrementMutexHeldCount)
    pxPortInitialiseStack                    0x0800467d   Thumb Code    30  port.o(i.pxPortInitialiseStack)
    sin_Init                                 0x080046a1   Thumb Code    62  brushlessmotor.o(i.sin_Init)
    sinf                                     0x080046e9   Thumb Code   344  sinf.o(i.sinf)
    sqrt                                     0x08004875   Thumb Code    76  sqrt.o(i.sqrt)
    stable                                   0x080048c1   Thumb Code   134  stable.o(i.stable)
    uxListRemove                             0x08004975   Thumb Code    40  list.o(i.uxListRemove)
    vApplicationGetIdleTaskMemory            0x0800499d   Thumb Code    16  cmsis_os2.o(i.vApplicationGetIdleTaskMemory)
    vApplicationGetTimerTaskMemory           0x080049b5   Thumb Code    14  cmsis_os2.o(i.vApplicationGetTimerTaskMemory)
    vApplicationStackOverflowHook            0x080049cd   Thumb Code     2  cmsis_os2.o(i.vApplicationStackOverflowHook)
    vListInitialise                          0x080049cf   Thumb Code    26  list.o(i.vListInitialise)
    vListInitialiseItem                      0x080049e9   Thumb Code     6  list.o(i.vListInitialiseItem)
    vListInsert                              0x080049ef   Thumb Code    52  list.o(i.vListInsert)
    vListInsertEnd                           0x08004a23   Thumb Code    24  list.o(i.vListInsertEnd)
    vPortDefineHeapRegions                   0x08004a3d   Thumb Code   206  heap_5.o(i.vPortDefineHeapRegions)
    vPortEnterCritical                       0x08004b21   Thumb Code    30  port.o(i.vPortEnterCritical)
    vPortExitCritical                        0x08004b45   Thumb Code    28  port.o(i.vPortExitCritical)
    vPortFree                                0x08004b65   Thumb Code    64  heap_5.o(i.vPortFree)
    vPortSetupTimerInterrupt                 0x08004bad   Thumb Code    26  port.o(i.vPortSetupTimerInterrupt)
    vQueueDelete                             0x08004bcd   Thumb Code    20  queue.o(i.vQueueDelete)
    vQueueWaitForMessageRestricted           0x08004be1   Thumb Code    74  queue.o(i.vQueueWaitForMessageRestricted)
    vTaskDelay                               0x08004c2d   Thumb Code    46  tasks.o(i.vTaskDelay)
    vTaskDelete                              0x08004c61   Thumb Code   132  tasks.o(i.vTaskDelete)
    vTaskMissedYield                         0x08004d01   Thumb Code     8  tasks.o(i.vTaskMissedYield)
    vTaskPlaceOnEventList                    0x08004d0d   Thumb Code    28  tasks.o(i.vTaskPlaceOnEventList)
    vTaskPlaceOnEventListRestricted          0x08004d2d   Thumb Code    36  tasks.o(i.vTaskPlaceOnEventListRestricted)
    vTaskPriorityInherit                     0x08004d55   Thumb Code   128  tasks.o(i.vTaskPriorityInherit)
    vTaskSetTimeOutState                     0x08004de1   Thumb Code    14  tasks.o(i.vTaskSetTimeOutState)
    vTaskStartScheduler                      0x08004df9   Thumb Code   120  tasks.o(i.vTaskStartScheduler)
    vTaskSuspendAll                          0x08004e8d   Thumb Code    12  tasks.o(i.vTaskSuspendAll)
    vTaskSwitchContext                       0x08004e9d   Thumb Code   154  tasks.o(i.vTaskSwitchContext)
    xPortStartScheduler                      0x08004f4d   Thumb Code    42  port.o(i.xPortStartScheduler)
    xPortSysTickHandler                      0x08004f81   Thumb Code    46  port.o(i.xPortSysTickHandler)
    xQueueCreateMutex                        0x08004fb5   Thumb Code    34  queue.o(i.xQueueCreateMutex)
    xQueueCreateMutexStatic                  0x08004fd7   Thumb Code    42  queue.o(i.xQueueCreateMutexStatic)
    xQueueGenericCreate                      0x08005001   Thumb Code    62  queue.o(i.xQueueGenericCreate)
    xQueueGenericCreateStatic                0x0800503f   Thumb Code    46  queue.o(i.xQueueGenericCreateStatic)
    xQueueGenericReceive                     0x0800506d   Thumb Code   342  queue.o(i.xQueueGenericReceive)
    xQueueGenericReset                       0x080051c9   Thumb Code   122  queue.o(i.xQueueGenericReset)
    xQueueGenericSend                        0x08005249   Thumb Code   276  queue.o(i.xQueueGenericSend)
    xQueueGenericSendFromISR                 0x08005361   Thumb Code   134  queue.o(i.xQueueGenericSendFromISR)
    xQueueGiveMutexRecursive                 0x080053e7   Thumb Code    48  queue.o(i.xQueueGiveMutexRecursive)
    xQueueTakeMutexRecursive                 0x08005417   Thumb Code    58  queue.o(i.xQueueTakeMutexRecursive)
    xTaskCheckForTimeOut                     0x08005451   Thumb Code    84  tasks.o(i.xTaskCheckForTimeOut)
    xTaskCreate                              0x080054ad   Thumb Code   100  tasks.o(i.xTaskCreate)
    xTaskCreateStatic                        0x08005511   Thumb Code    78  tasks.o(i.xTaskCreateStatic)
    xTaskGetCurrentTaskHandle                0x08005561   Thumb Code     6  tasks.o(i.xTaskGetCurrentTaskHandle)
    xTaskGetSchedulerState                   0x0800556d   Thumb Code    24  tasks.o(i.xTaskGetSchedulerState)
    xTaskGetTickCount                        0x0800558d   Thumb Code     6  tasks.o(i.xTaskGetTickCount)
    xTaskIncrementTick                       0x08005599   Thumb Code   236  tasks.o(i.xTaskIncrementTick)
    xTaskPriorityDisinherit                  0x080056b1   Thumb Code    86  tasks.o(i.xTaskPriorityDisinherit)
    xTaskRemoveFromEventList                 0x08005711   Thumb Code   102  tasks.o(i.xTaskRemoveFromEventList)
    xTaskResumeAll                           0x08005791   Thumb Code   194  tasks.o(i.xTaskResumeAll)
    xTimerCreateTimerTask                    0x08005879   Thumb Code    76  timers.o(i.xTimerCreateTimerTask)
    xTimerGenericCommand                     0x080058d9   Thumb Code   104  timers.o(i.xTimerGenericCommand)
    __aeabi_d2f                              0x08005945   Thumb Code     0  d2f.o(x$fpl$d2f)
    _d2f                                     0x08005945   Thumb Code    98  d2f.o(x$fpl$d2f)
    __aeabi_dadd                             0x080059a9   Thumb Code     0  daddsub_clz.o(x$fpl$dadd)
    _dadd                                    0x080059a9   Thumb Code   332  daddsub_clz.o(x$fpl$dadd)
    __fpl_dcheck_NaN1                        0x08005af9   Thumb Code    10  dcheck1.o(x$fpl$dcheck1)
    __aeabi_ddiv                             0x08005b09   Thumb Code     0  ddiv.o(x$fpl$ddiv)
    _ddiv                                    0x08005b09   Thumb Code   552  ddiv.o(x$fpl$ddiv)
    __aeabi_d2uiz                            0x08005db9   Thumb Code     0  dfixu.o(x$fpl$dfixu)
    _dfixu                                   0x08005db9   Thumb Code    90  dfixu.o(x$fpl$dfixu)
    __aeabi_dmul                             0x08005e15   Thumb Code     0  dmul.o(x$fpl$dmul)
    _dmul                                    0x08005e15   Thumb Code   332  dmul.o(x$fpl$dmul)
    __fpl_dnaninf                            0x08005f69   Thumb Code   156  dnaninf.o(x$fpl$dnaninf)
    __fpl_dretinf                            0x08006005   Thumb Code    12  dretinf.o(x$fpl$dretinf)
    __aeabi_drsub                            0x08006011   Thumb Code     0  daddsub_clz.o(x$fpl$drsb)
    _drsb                                    0x08006011   Thumb Code    22  daddsub_clz.o(x$fpl$drsb)
    _dsqrt                                   0x08006029   Thumb Code   456  dsqrt_noumaal.o(x$fpl$dsqrt)
    __aeabi_dsub                             0x080061f5   Thumb Code     0  daddsub_clz.o(x$fpl$dsub)
    _dsub                                    0x080061f5   Thumb Code   464  daddsub_clz.o(x$fpl$dsub)
    __aeabi_f2d                              0x080063c9   Thumb Code     0  f2d.o(x$fpl$f2d)
    _f2d                                     0x080063c9   Thumb Code    86  f2d.o(x$fpl$f2d)
    __aeabi_fadd                             0x08006421   Thumb Code     0  faddsub_clz.o(x$fpl$fadd)
    _fadd                                    0x08006421   Thumb Code   196  faddsub_clz.o(x$fpl$fadd)
    __fpl_fcheck_NaN1                        0x080064e5   Thumb Code     6  fcheck1.o(x$fpl$fcheck1)
    __fpl_fcmp_Inf                           0x080064f1   Thumb Code    24  fcmpi.o(x$fpl$fcmpinf)
    __aeabi_fdiv                             0x08006509   Thumb Code     0  fdiv.o(x$fpl$fdiv)
    _fdiv                                    0x08006509   Thumb Code   384  fdiv.o(x$fpl$fdiv)
    __aeabi_f2iz                             0x0800668d   Thumb Code     0  ffix.o(x$fpl$ffix)
    _ffix                                    0x0800668d   Thumb Code    54  ffix.o(x$fpl$ffix)
    __aeabi_f2uiz                            0x080066c5   Thumb Code     0  ffixu.o(x$fpl$ffixu)
    _ffixu                                   0x080066c5   Thumb Code    62  ffixu.o(x$fpl$ffixu)
    __aeabi_i2f                              0x08006705   Thumb Code     0  fflt_clz.o(x$fpl$fflt)
    _fflt                                    0x08006705   Thumb Code    48  fflt_clz.o(x$fpl$fflt)
    __aeabi_ui2f                             0x08006735   Thumb Code     0  fflt_clz.o(x$fpl$ffltu)
    _ffltu                                   0x08006735   Thumb Code    38  fflt_clz.o(x$fpl$ffltu)
    __aeabi_cfcmple                          0x0800675d   Thumb Code     0  fleqf.o(x$fpl$fleqf)
    _fcmple                                  0x0800675d   Thumb Code   104  fleqf.o(x$fpl$fleqf)
    __fpl_fcmple_InfNaN                      0x080067af   Thumb Code     0  fleqf.o(x$fpl$fleqf)
    __aeabi_fmul                             0x080067c5   Thumb Code     0  fmul.o(x$fpl$fmul)
    _fmul                                    0x080067c5   Thumb Code   258  fmul.o(x$fpl$fmul)
    __fpl_fnaninf                            0x080068c7   Thumb Code   140  fnaninf.o(x$fpl$fnaninf)
    __fpl_fretinf                            0x08006953   Thumb Code    10  fretinf.o(x$fpl$fretinf)
    __aeabi_cfrcmple                         0x0800695d   Thumb Code     0  frleqf.o(x$fpl$frleqf)
    _frcmple                                 0x0800695d   Thumb Code    98  frleqf.o(x$fpl$frleqf)
    _frnd                                    0x080069c1   Thumb Code    96  frnd.o(x$fpl$frnd)
    __aeabi_frsub                            0x08006a21   Thumb Code     0  faddsub_clz.o(x$fpl$frsb)
    _frsb                                    0x08006a21   Thumb Code    20  faddsub_clz.o(x$fpl$frsb)
    __aeabi_fsub                             0x08006a35   Thumb Code     0  faddsub_clz.o(x$fpl$fsub)
    _fsub                                    0x08006a35   Thumb Code   234  faddsub_clz.o(x$fpl$fsub)
    __fpl_return_NaN                         0x08006b1f   Thumb Code   100  retnan.o(x$fpl$retnan)
    __ARM_scalbn                             0x08006b83   Thumb Code    92  scalbn.o(x$fpl$scalbn)
    __ARM_scalbnf                            0x08006bdf   Thumb Code    76  scalbnf.o(x$fpl$scalbnf)
    __fpl_cmpreturn                          0x08006c2b   Thumb Code    48  trapv.o(x$fpl$trapveneer)
    __I$use$fp                               0x08006c5a   Number         0  usenofp.o(x$fpl$usenofp)
    __mathlib_zero                           0x08006d70   Data           8  qnan.o(.constdata)
    Region$$Table$$Base                      0x08006d98   Number         0  anon$$obj.o(Region$$Table)
    Region$$Table$$Limit                     0x08006db8   Number         0  anon$$obj.o(Region$$Table)
    GetGyroscopeData                         0x20000000   Data           4  stable.o(.data)
    BrushlessMotordata                       0x20000004   Data           4  stable.o(.data)
    q0                                       0x20000008   Data           4  stable.o(.data)
    q1                                       0x2000000c   Data           4  stable.o(.data)
    q2                                       0x20000010   Data           4  stable.o(.data)
    q3                                       0x20000014   Data           4  stable.o(.data)
    exInt                                    0x20000018   Data           4  stable.o(.data)
    eyInt                                    0x2000001c   Data           4  stable.o(.data)
    ezInt                                    0x20000020   Data           4  stable.o(.data)
    Yaw                                      0x20000024   Data           4  stable.o(.data)
    Pitch                                    0x20000028   Data           4  stable.o(.data)
    Roll                                     0x2000002c   Data           4  stable.o(.data)
    HardInformation                          0x2000003c   Data           4  gui_core.o(.data)
    PHardDrawFUN                             0x20000040   Data           4  gui_core.o(.data)
    WDList                                   0x20000044   Data           4  gui_core.o(.data)
    PDriverTree                              0x20000048   Data           4  sys_device.o(.data)
    PDriverPassTree                          0x2000004c   Data           4  sys_device.o(.data)
    _heaplist                                0x20000050   Data           4  sys_memory.o(.data)
    I2CFunc                                  0x20000054   Data          36  sys_i2c.o(.data)
    PORT                                     0x20000080   Data           8  mpu6050.o(.data)
    flag                                     0x20000088   Data           1  mpu6050.o(.data)
    SystemCoreClock                          0x200000b4   Data           4  system_stm32f10x.o(.data)
    AHBPrescTable                            0x200000b8   Data          16  system_stm32f10x.o(.data)
    pxCurrentTCB                             0x200000e4   Data           4  tasks.o(.data)
    ABuff                                    0x20000134   Data          12  stable.o(.bss)
    GBuff                                    0x20000140   Data          12  stable.o(.bss)
    fix_gyro_zero                            0x20000160   Data          12  mpu6050.o(.bss)
    __libspace_start                         0x20003f90   Data          96  libspace.o(.bss)
    __temporary_stack_top$libspace           0x20003ff0   Data           0  libspace.o(.bss)



==============================================================================

Memory Map of the image

  Image Entry point : 0x080002ad

  Load Region LR_1 (Base: 0x08000000, Size: 0x00006eec, Max: 0xffffffff, ABSOLUTE, COMPRESSED[0x00006e00])

    Execution Region ER_RO (Base: 0x08000000, Size: 0x00006db8, Max: 0xffffffff, ABSOLUTE)

    Base Addr    Size         Type   Attr      Idx    E Section Name        Object

    0x08000000   0x00000130   Data   RO         2892    RESET               startup_stm32f10x_hd.o
    0x08000130   0x00000008   Code   RO         4076  * !!!main             c_w.l(__main.o)
    0x08000138   0x00000034   Code   RO         4432    !!!scatter          c_w.l(__scatter.o)
    0x0800016c   0x0000005a   Code   RO         4430    !!dczerorl2         c_w.l(__dczerorl2.o)
    0x080001c6   0x00000002   PAD
    0x080001c8   0x0000001c   Code   RO         4434    !!handler_zi        c_w.l(__scatter_zi.o)
    0x080001e4   0x00000002   Code   RO         4357    .ARM.Collect$$libinit$$00000000  c_w.l(libinit.o)
    0x080001e6   0x00000000   Code   RO         4288    .ARM.Collect$$libinit$$00000002  c_w.l(libinit2.o)
    0x080001e6   0x00000000   Code   RO         4291    .ARM.Collect$$libinit$$00000008  c_w.l(libinit2.o)
    0x080001e6   0x00000000   Code   RO         4293    .ARM.Collect$$libinit$$0000000A  c_w.l(libinit2.o)
    0x080001e6   0x00000000   Code   RO         4295    .ARM.Collect$$libinit$$0000000C  c_w.l(libinit2.o)
    0x080001e6   0x00000000   Code   RO         4298    .ARM.Collect$$libinit$$0000000F  c_w.l(libinit2.o)
    0x080001e6   0x00000000   Code   RO         4300    .ARM.Collect$$libinit$$00000011  c_w.l(libinit2.o)
    0x080001e6   0x00000000   Code   RO         4302    .ARM.Collect$$libinit$$00000013  c_w.l(libinit2.o)
    0x080001e6   0x00000000   Code   RO         4304    .ARM.Collect$$libinit$$00000015  c_w.l(libinit2.o)
    0x080001e6   0x00000000   Code   RO         4306    .ARM.Collect$$libinit$$00000017  c_w.l(libinit2.o)
    0x080001e6   0x00000000   Code   RO         4308    .ARM.Collect$$libinit$$00000019  c_w.l(libinit2.o)
    0x080001e6   0x00000000   Code   RO         4310    .ARM.Collect$$libinit$$0000001B  c_w.l(libinit2.o)
    0x080001e6   0x00000000   Code   RO         4312    .ARM.Collect$$libinit$$0000001D  c_w.l(libinit2.o)
    0x080001e6   0x00000000   Code   RO         4314    .ARM.Collect$$libinit$$0000001F  c_w.l(libinit2.o)
    0x080001e6   0x00000000   Code   RO         4316    .ARM.Collect$$libinit$$00000021  c_w.l(libinit2.o)
    0x080001e6   0x00000000   Code   RO         4318    .ARM.Collect$$libinit$$00000023  c_w.l(libinit2.o)
    0x080001e6   0x00000000   Code   RO         4322    .ARM.Collect$$libinit$$0000002A  c_w.l(libinit2.o)
    0x080001e6   0x00000000   Code   RO         4324    .ARM.Collect$$libinit$$0000002C  c_w.l(libinit2.o)
    0x080001e6   0x00000000   Code   RO         4326    .ARM.Collect$$libinit$$0000002E  c_w.l(libinit2.o)
    0x080001e6   0x00000000   Code   RO         4328    .ARM.Collect$$libinit$$00000030  c_w.l(libinit2.o)
    0x080001e6   0x00000002   Code   RO         4329    .ARM.Collect$$libinit$$00000031  c_w.l(libinit2.o)
    0x080001e8   0x00000002   Code   RO         4427    .ARM.Collect$$libshutdown$$00000000  c_w.l(libshutdown.o)
    0x080001ea   0x00000000   Code   RO         4383    .ARM.Collect$$libshutdown$$00000003  c_w.l(libshutdown2.o)
    0x080001ea   0x00000000   Code   RO         4386    .ARM.Collect$$libshutdown$$00000006  c_w.l(libshutdown2.o)
    0x080001ea   0x00000000   Code   RO         4389    .ARM.Collect$$libshutdown$$00000009  c_w.l(libshutdown2.o)
    0x080001ea   0x00000000   Code   RO         4391    .ARM.Collect$$libshutdown$$0000000B  c_w.l(libshutdown2.o)
    0x080001ea   0x00000000   Code   RO         4394    .ARM.Collect$$libshutdown$$0000000E  c_w.l(libshutdown2.o)
    0x080001ea   0x00000002   Code   RO         4395    .ARM.Collect$$libshutdown$$0000000F  c_w.l(libshutdown2.o)
    0x080001ec   0x00000000   Code   RO         4154    .ARM.Collect$$rtentry$$00000000  c_w.l(rtentry.o)
    0x080001ec   0x00000000   Code   RO         4245    .ARM.Collect$$rtentry$$00000002  c_w.l(rtentry2.o)
    0x080001ec   0x00000006   Code   RO         4257    .ARM.Collect$$rtentry$$00000004  c_w.l(rtentry4.o)
    0x080001f2   0x00000008   Code   RO         4246    .ARM.Collect$$rtentry$$00000008  c_w.l(rtentry2.o)
    0x080001fa   0x00000004   Code   RO         4248    .ARM.Collect$$rtentry$$0000000A  c_w.l(rtentry2.o)
    0x080001fe   0x00000000   Code   RO         4250    .ARM.Collect$$rtentry$$0000000C  c_w.l(rtentry2.o)
    0x080001fe   0x00000008   Code   RO         4251    .ARM.Collect$$rtentry$$0000000D  c_w.l(rtentry2.o)
    0x08000206   0x00000002   Code   RO         4367    .ARM.Collect$$rtexit$$00000000  c_w.l(rtexit.o)
    0x08000208   0x00000000   Code   RO         4401    .ARM.Collect$$rtexit$$00000002  c_w.l(rtexit2.o)
    0x08000208   0x00000004   Code   RO         4402    .ARM.Collect$$rtexit$$00000003  c_w.l(rtexit2.o)
    0x0800020c   0x00000006   Code   RO         4403    .ARM.Collect$$rtexit$$00000004  c_w.l(rtexit2.o)
    0x08000212   0x00000002   PAD
    0x08000214   0x00000096   Code   RO         3186    .emb_text           port.o
    0x080002aa   0x00000002   PAD
    0x080002ac   0x00000040   Code   RO         2893  * .text               startup_stm32f10x_hd.o
    0x080002ec   0x0000008a   Code   RO         4068    .text               c_w.l(rt_memcpy_v6.o)
    0x08000376   0x00000064   Code   RO         4070    .text               c_w.l(rt_memcpy_w.o)
    0x080003da   0x00000010   Code   RO         4072    .text               c_w.l(aeabi_memset.o)
    0x080003ea   0x00000006   Code   RO         4074    .text               c_w.l(heapauxi.o)
    0x080003f0   0x00000016   Code   RO         4184    .text               c_w.l(_rserrno.o)
    0x08000406   0x00000044   Code   RO         4186    .text               c_w.l(rt_memclr.o)
    0x0800044a   0x00000002   PAD
    0x0800044c   0x00000008   Code   RO         4241    .text               c_w.l(libspace.o)
    0x08000454   0x00000004   Code   RO         4264    .text               c_w.l(rt_errno_addr_twolibspace.o)
    0x08000458   0x0000004e   Code   RO         4280    .text               c_w.l(rt_memclr_w.o)
    0x080004a6   0x0000004a   Code   RO         4338    .text               c_w.l(sys_stackheap_outer.o)
    0x080004f0   0x0000000c   Code   RO         4346    .text               c_w.l(exit.o)
    0x080004fc   0x0000000c   Code   RO         4362    .text               c_w.l(sys_exit.o)
    0x08000508   0x00000002   Code   RO         4364    .text               c_w.l(use_no_semi.o)
    0x0800050a   0x00000000   Code   RO         4366    .text               c_w.l(indicate_semi.o)
    0x0800050a   0x00000002   PAD
    0x0800050c   0x00000040   Code   RO          543    i.AddToDriverTree   sys_device.o
    0x0800054c   0x00000024   Code   RO          850    i.BrushlessMotor_Init  brushlessmotor.o
    0x08000570   0x00000028   Code   RO          851    i.BrushlessMotor_LoadInfo  brushlessmotor.o
    0x08000598   0x00000750   Code   RO          852    i.BrushlessMotor_SVPWM  brushlessmotor.o
    0x08000ce8   0x00000038   Code   RO          853    i.BrushlessMotor_SVPWM_Init  brushlessmotor.o
    0x08000d20   0x00000004   Code   RO          854    i.BrushlessMotor_TEST  brushlessmotor.o
    0x08000d24   0x00000080   Code   RO          855    i.BrushlessMotor_Turn  brushlessmotor.o
    0x08000da4   0x00000018   Code   RO         1541    i.DMA_Cmd           stm32f10x_dma.o
    0x08000dbc   0x00000012   Code   RO         1546    i.DMA_ITConfig      stm32f10x_dma.o
    0x08000dce   0x00000002   PAD
    0x08000dd0   0x00000024   Code   RO          856    i.GPIOA_8_9_10_Init  brushlessmotor.o
    0x08000df4   0x0000000c   Code   RO          857    i.GPIOA_RCC_Init    brushlessmotor.o
    0x08000e00   0x00000116   Code   RO         1629    i.GPIO_Init         stm32f10x_gpio.o
    0x08000f16   0x00000004   Code   RO         1636    i.GPIO_ResetBits    stm32f10x_gpio.o
    0x08000f1a   0x00000004   Code   RO         1637    i.GPIO_SetBits      stm32f10x_gpio.o
    0x08000f1e   0x00000002   PAD
    0x08000f20   0x00000038   Code   RO          460    i.GUI_ActiveClear   gui_2dlib.o
    0x08000f58   0x0000007c   Code   RO          353    i.GUI_CreatWD       gui_core.o
    0x08000fd4   0x00000034   Code   RO          461    i.GUI_DrawPoint     gui_2dlib.o
    0x08001008   0x00000020   Code   RO          355    i.GUI_GetInitedWDlistNode  gui_core.o
    0x08001028   0x0000004c   Code   RO          356    i.GUI_Init          gui_core.o
    0x08001074   0x00000068   Code   RO          357    i.GUI_LoadFunction  gui_core.o
    0x080010dc   0x00000014   Code   RO          358    i.GUI_WaitFunction  gui_core.o
    0x080010f0   0x00000044   Code   RO          771    i.Get_ACCEL         mpu6050.o
    0x08001134   0x0000005c   Code   RO          772    i.Get_GYRO          mpu6050.o
    0x08001190   0x00000680   Code   RO          159    i.IMUupdate         stable.o
    0x08001810   0x00000016   Code   RO            4    i.Init              main.o
    0x08001826   0x00000002   PAD
    0x08001828   0x000000e8   Code   RO          773    i.MPU6050_I2C_BufferRead  mpu6050.o
    0x08001910   0x00000090   Code   RO          774    i.MPU6050_I2C_ByteWrite  mpu6050.o
    0x080019a0   0x00000014   Code   RO          775    i.MPU6050_I2C_ERROR  mpu6050.o
    0x080019b4   0x000000c4   Code   RO          776    i.MPU_6050_FixZero  mpu6050.o
    0x08001a78   0x0000007c   Code   RO          777    i.MPU_6050_INIT     mpu6050.o
    0x08001af4   0x00000030   Code   RO          778    i.MPU_6050_LoadInfo  mpu6050.o
    0x08001b24   0x00000004   Code   RO          779    i.MPU_6050_TEST     mpu6050.o
    0x08001b28   0x00000036   Code   RO          693    i.MYI2C_Ack         sys_i2c.o
    0x08001b5e   0x0000004e   Code   RO          694    i.MYI2C_Check       sys_i2c.o
    0x08001bac   0x00000022   Code   RO          695    i.MYI2C_GenerateSTART  sys_i2c.o
    0x08001bce   0x0000002c   Code   RO          696    i.MYI2C_GenerateSTOP  sys_i2c.o
    0x08001bfa   0x00000002   PAD
    0x08001bfc   0x000000ac   Code   RO          697    i.MYI2C_Init        sys_i2c.o
    0x08001ca8   0x0000002c   Code   RO          698    i.MYI2C_Nack        sys_i2c.o
    0x08001cd4   0x00000052   Code   RO          699    i.MYI2C_Read8bit    sys_i2c.o
    0x08001d26   0x0000005a   Code   RO          700    i.MYI2C_Send7bitAddress  sys_i2c.o
    0x08001d80   0x00000050   Code   RO          701    i.MYI2C_Write8bit   sys_i2c.o
    0x08001dd0   0x00000070   Code   RO         1491    i.NVIC_Init         misc.o
    0x08001e40   0x00000014   Code   RO         1492    i.NVIC_PriorityGroupConfig  misc.o
    0x08001e54   0x00000020   Code   RO         1966    i.RCC_AHBPeriphClockCmd  stm32f10x_rcc.o
    0x08001e74   0x00000020   Code   RO         1969    i.RCC_APB2PeriphClockCmd  stm32f10x_rcc.o
    0x08001e94   0x000000c8   Code   RO          219    i.SPI1_Init         tft_ili9341.o
    0x08001f5c   0x0000003c   Code   RO          220    i.SPI_BaudRatePrescaler_datasize  tft_ili9341.o
    0x08001f98   0x00000018   Code   RO         2182    i.SPI_Cmd           stm32f10x_spi.o
    0x08001fb0   0x00000012   Code   RO         2188    i.SPI_I2S_DMACmd    stm32f10x_spi.o
    0x08001fc2   0x00000020   Code   RO         2192    i.SPI_I2S_ITConfig  stm32f10x_spi.o
    0x08001fe2   0x0000003c   Code   RO         2195    i.SPI_Init          stm32f10x_spi.o
    0x0800201e   0x00000002   PAD
    0x08002020   0x00000044   Code   RO          544    i.SYS_ADDtoDriver   sys_device.o
    0x08002064   0x00000044   Code   RO          545    i.SYS_ADDtoDriverPASS  sys_device.o
    0x080020a8   0x00000028   Code   RO          546    i.SYS_AddtoDriverPassTree  sys_device.o
    0x080020d0   0x00000022   Code   RO          547    i.SYS_AddtoDriverTree  sys_device.o
    0x080020f2   0x00000002   PAD
    0x080020f4   0x00000028   Code   RO          630    i.SYS_CallHEAP      sys_memory.o
    0x0800211c   0x000000c0   Code   RO          631    i.SYS_CallMem       sys_memory.o
    0x080021dc   0x00000048   Code   RO          548    i.SYS_DeleteDriverfromPDriverPassTree  sys_device.o
    0x08002224   0x00000048   Code   RO          549    i.SYS_DeleteDriverfromPDriverTree  sys_device.o
    0x0800226c   0x0000002c   Code   RO          550    i.SYS_DriverInit    sys_device.o
    0x08002298   0x0000005c   Code   RO          551    i.SYS_DriverManage  sys_device.o
    0x080022f4   0x0000000c   Code   RO          490    i.SYS_Init          sys_core.o
    0x08002300   0x00000054   Code   RO          634    i.SYS_MemoryHEAPCall  sys_memory.o
    0x08002354   0x00000074   Code   RO          635    i.SYS_MemoryInit    sys_memory.o
    0x080023c8   0x0000001e   Code   RO          636    i.SYS_MemorySizeChoice  sys_memory.o
    0x080023e6   0x00000002   PAD
    0x080023e8   0x00000080   Code   RO          221    i.Screen_Clear      tft_ili9341.o
    0x08002468   0x0000002a   Code   RO          222    i.Screen_DrawPoint  tft_ili9341.o
    0x08002492   0x00000002   PAD
    0x08002494   0x00000080   Code   RO          223    i.Screen_ReadColor  tft_ili9341.o
    0x08002514   0x00000008   Code   RO         2900    i.SetSysClock       system_stm32f10x.o
    0x0800251c   0x000000e0   Code   RO         2901    i.SetSysClockTo72   system_stm32f10x.o
    0x080025fc   0x00000034   Code   RO          160    i.Stable_Init       stable.o
    0x08002630   0x00000074   Code   RO          161    i.Stable_LoadFunction  stable.o
    0x080026a4   0x0000000e   Code   RO         3989    i.SysTick_Handler   freertos_tick_config.o
    0x080026b2   0x00000002   PAD
    0x080026b4   0x00000060   Code   RO         2903    i.SystemInit        system_stm32f10x.o
    0x08002714   0x0000004c   Code   RO          224    i.TFT_ILI9341_Address_set  tft_ili9341.o
    0x08002760   0x0000027c   Code   RO          226    i.TFT_ILI9341_Init  tft_ili9341.o
    0x080029dc   0x0000004c   Code   RO          227    i.TFT_ILI9341_LoadInfo  tft_ili9341.o
    0x08002a28   0x00000050   Code   RO          228    i.TFT_ILI9341_ReadData_16bit  tft_ili9341.o
    0x08002a78   0x00000068   Code   RO          231    i.TFT_ILI9341_TEST  tft_ili9341.o
    0x08002ae0   0x00000030   Code   RO          232    i.TFT_ILI9341_WriteCmd  tft_ili9341.o
    0x08002b10   0x00000034   Code   RO          234    i.TFT_ILI9341_WriteData_16bit  tft_ili9341.o
    0x08002b44   0x00000030   Code   RO          235    i.TFT_ILI9341_WriteData_8bit  tft_ili9341.o
    0x08002b74   0x00000028   Code   RO          858    i.TIM1_UP_IRQHandler  brushlessmotor.o
    0x08002b9c   0x00000018   Code   RO         2337    i.TIM_ARRPreloadConfig  stm32f10x_tim.o
    0x08002bb4   0x00000006   Code   RO         2343    i.TIM_ClearFlag     stm32f10x_tim.o
    0x08002bba   0x00000018   Code   RO         2349    i.TIM_Cmd           stm32f10x_tim.o
    0x08002bd2   0x0000001e   Code   RO         2351    i.TIM_CtrlPWMOutputs  stm32f10x_tim.o
    0x08002bf0   0x00000012   Code   RO         2374    i.TIM_ITConfig      stm32f10x_tim.o
    0x08002c02   0x00000002   PAD
    0x08002c04   0x00000098   Code   RO         2378    i.TIM_OC1Init       stm32f10x_tim.o
    0x08002c9c   0x00000012   Code   RO         2381    i.TIM_OC1PreloadConfig  stm32f10x_tim.o
    0x08002cae   0x00000002   PAD
    0x08002cb0   0x000000a4   Code   RO         2383    i.TIM_OC2Init       stm32f10x_tim.o
    0x08002d54   0x0000001a   Code   RO         2386    i.TIM_OC2PreloadConfig  stm32f10x_tim.o
    0x08002d6e   0x00000002   PAD
    0x08002d70   0x000000a0   Code   RO         2388    i.TIM_OC3Init       stm32f10x_tim.o
    0x08002e10   0x00000012   Code   RO         2391    i.TIM_OC3PreloadConfig  stm32f10x_tim.o
    0x08002e22   0x00000002   PAD
    0x08002e24   0x000000a4   Code   RO         2420    i.TIM_TimeBaseInit  stm32f10x_tim.o
    0x08002ec8   0x00000124   Code   RO          859    i.Time1_Init        brushlessmotor.o
    0x08002fec   0x00000028   Code   RO         4229    i.__ARM_fpclassify  m_ws.l(fpclassify.o)
    0x08003014   0x00000026   Code   RO         4231    i.__ARM_fpclassifyf  m_ws.l(fpclassifyf.o)
    0x0800303a   0x00000006   Code   RO         1015    i.__get_BASEPRI     cmsis_os2.o
    0x08003040   0x00000006   Code   RO         1016    i.__get_IPSR        cmsis_os2.o
    0x08003046   0x00000006   Code   RO         1017    i.__get_PRIMASK     cmsis_os2.o
    0x0800304c   0x000000aa   Code   RO         4235    i.__kernel_poly     m_ws.l(poly.o)
    0x080030f6   0x00000002   PAD
    0x080030f8   0x00000010   Code   RO         4227    i.__mathlib_dbl_underflow  m_ws.l(dunder.o)
    0x08003108   0x0000000a   Code   RO         4233    i.__mathlib_flt_underflow  m_ws.l(funder.o)
    0x08003112   0x00000002   PAD
    0x08003114   0x00000158   Code   RO         4238    i.__mathlib_rredf2  m_ws.l(rredf.o)
    0x0800326c   0x00000064   Code   RO          946    i.__user_perthread_libspace  clib_arm.o
    0x080032d0   0x00000016   Code   RO          947    i._mutex_acquire    clib_arm.o
    0x080032e6   0x0000000c   Code   RO          948    i._mutex_free       clib_arm.o
    0x080032f2   0x00000018   Code   RO          949    i._mutex_initialize  clib_arm.o
    0x0800330a   0x00000012   Code   RO          950    i._mutex_release    clib_arm.o
    0x0800331c   0x00000008   Code   RO          951    i._platform_post_stackheap_init  clib_arm.o
    0x08003324   0x0000027c   Code   RO         4121    i.asin              m_ws.l(asin.o)
    0x080035a0   0x00000224   Code   RO         4218    i.atan              m_ws.l(atan.o)
    0x080037c4   0x00000180   Code   RO         4131    i.atan2             m_ws.l(atan2.o)
    0x08003944   0x000000e0   Code   RO          162    i.drawpic           stable.o
    0x08003a24   0x0000002c   Code   RO            5    i.main              main.o
    0x08003a50   0x00000054   Code   RO         1027    i.osKernelGetState  cmsis_os2.o
    0x08003aa4   0x00000048   Code   RO         1032    i.osKernelInitialize  cmsis_os2.o
    0x08003aec   0x00000080   Code   RO         1046    i.osMutexAcquire    cmsis_os2.o
    0x08003b6c   0x00000040   Code   RO         1047    i.osMutexDelete     cmsis_os2.o
    0x08003bac   0x000000b8   Code   RO         1049    i.osMutexNew        cmsis_os2.o
    0x08003c64   0x00000068   Code   RO         1050    i.osMutexRelease    cmsis_os2.o
    0x08003ccc   0x00000030   Code   RO         1063    i.osThreadGetId     cmsis_os2.o
    0x08003cfc   0x00000024   Code   RO          952    i.os_kernel_is_active  clib_arm.o
    0x08003d20   0x0000007c   Code   RO         3480    i.prvAddCurrentTaskToDelayedList  tasks.o
    0x08003d9c   0x000000b8   Code   RO         3481    i.prvAddNewTaskToReadyList  tasks.o
    0x08003e54   0x0000005c   Code   RO         3841    i.prvCheckForValidListAndQueue  timers.o
    0x08003eb0   0x00000064   Code   RO         3482    i.prvCheckTasksWaitingTermination  tasks.o
    0x08003f14   0x0000002a   Code   RO         3269    i.prvCopyDataFromQueue  queue.o
    0x08003f3e   0x0000007c   Code   RO         3270    i.prvCopyDataToQueue  queue.o
    0x08003fba   0x00000028   Code   RO         3483    i.prvDeleteTCB      tasks.o
    0x08003fe2   0x00000002   PAD
    0x08003fe4   0x00000028   Code   RO         3842    i.prvGetNextExpireTime  timers.o
    0x0800400c   0x00000028   Code   RO         3484    i.prvIdleTask       tasks.o
    0x08004034   0x0000001c   Code   RO         3271    i.prvInitialiseMutex  queue.o
    0x08004050   0x0000002a   Code   RO         3272    i.prvInitialiseNewQueue  queue.o
    0x0800407a   0x00000090   Code   RO         3485    i.prvInitialiseNewTask  tasks.o
    0x0800410a   0x00000002   PAD
    0x0800410c   0x00000068   Code   RO         3486    i.prvInitialiseTaskLists  tasks.o
    0x08004174   0x00000068   Code   RO         3131    i.prvInsertBlockIntoFreeList  heap_5.o
    0x080041dc   0x00000058   Code   RO         3844    i.prvInsertTimerInActiveList  timers.o
    0x08004234   0x0000001a   Code   RO         3273    i.prvIsQueueEmpty   queue.o
    0x0800424e   0x0000001e   Code   RO         3274    i.prvIsQueueFull    queue.o
    0x0800426c   0x0000004c   Code   RO         3845    i.prvProcessExpiredTimer  timers.o
    0x080042b8   0x000000d4   Code   RO         3846    i.prvProcessReceivedCommands  timers.o
    0x0800438c   0x00000074   Code   RO         3847    i.prvProcessTimerOrBlockTask  timers.o
    0x08004400   0x00000034   Code   RO         3488    i.prvResetNextTaskUnblockTime  tasks.o
    0x08004434   0x0000002c   Code   RO         3848    i.prvSampleTimeNow  timers.o
    0x08004460   0x00000084   Code   RO         3849    i.prvSwitchTimerLists  timers.o
    0x080044e4   0x00000016   Code   RO         3187    i.prvTaskExitError  port.o
    0x080044fa   0x0000001a   Code   RO         3850    i.prvTimerTask      timers.o
    0x08004514   0x0000007e   Code   RO         3275    i.prvUnlockQueue    queue.o
    0x08004592   0x00000002   PAD
    0x08004594   0x000000c8   Code   RO         3132    i.pvPortMalloc      heap_5.o
    0x0800465c   0x00000020   Code   RO         3491    i.pvTaskIncrementMutexHeldCount  tasks.o
    0x0800467c   0x00000024   Code   RO         3188    i.pxPortInitialiseStack  port.o
    0x080046a0   0x00000048   Code   RO          861    i.sin_Init          brushlessmotor.o
    0x080046e8   0x0000018c   Code   RO         4139    i.sinf              m_ws.l(sinf.o)
    0x08004874   0x0000004c   Code   RO         4147    i.sqrt              m_ws.l(sqrt.o)
    0x080048c0   0x000000b4   Code   RO          163    i.stable            stable.o
    0x08004974   0x00000028   Code   RO         3083    i.uxListRemove      list.o
    0x0800499c   0x00000018   Code   RO         1080    i.vApplicationGetIdleTaskMemory  cmsis_os2.o
    0x080049b4   0x00000018   Code   RO         1081    i.vApplicationGetTimerTaskMemory  cmsis_os2.o
    0x080049cc   0x00000002   Code   RO         1082    i.vApplicationStackOverflowHook  cmsis_os2.o
    0x080049ce   0x0000001a   Code   RO         3084    i.vListInitialise   list.o
    0x080049e8   0x00000006   Code   RO         3085    i.vListInitialiseItem  list.o
    0x080049ee   0x00000034   Code   RO         3086    i.vListInsert       list.o
    0x08004a22   0x00000018   Code   RO         3087    i.vListInsertEnd    list.o
    0x08004a3a   0x00000002   PAD
    0x08004a3c   0x000000e4   Code   RO         3133    i.vPortDefineHeapRegions  heap_5.o
    0x08004b20   0x00000024   Code   RO         3190    i.vPortEnterCritical  port.o
    0x08004b44   0x00000020   Code   RO         3191    i.vPortExitCritical  port.o
    0x08004b64   0x00000048   Code   RO         3134    i.vPortFree         heap_5.o
    0x08004bac   0x00000020   Code   RO         3192    i.vPortSetupTimerInterrupt  port.o
    0x08004bcc   0x00000014   Code   RO         3281    i.vQueueDelete      queue.o
    0x08004be0   0x0000004a   Code   RO         3283    i.vQueueWaitForMessageRestricted  queue.o
    0x08004c2a   0x00000002   PAD
    0x08004c2c   0x00000034   Code   RO         3500    i.vTaskDelay        tasks.o
    0x08004c60   0x000000a0   Code   RO         3502    i.vTaskDelete       tasks.o
    0x08004d00   0x0000000c   Code   RO         3505    i.vTaskMissedYield  tasks.o
    0x08004d0c   0x00000020   Code   RO         3507    i.vTaskPlaceOnEventList  tasks.o
    0x08004d2c   0x00000028   Code   RO         3508    i.vTaskPlaceOnEventListRestricted  tasks.o
    0x08004d54   0x0000008c   Code   RO         3510    i.vTaskPriorityInherit  tasks.o
    0x08004de0   0x00000018   Code   RO         3514    i.vTaskSetTimeOutState  tasks.o
    0x08004df8   0x00000094   Code   RO         3515    i.vTaskStartScheduler  tasks.o
    0x08004e8c   0x00000010   Code   RO         3517    i.vTaskSuspendAll   tasks.o
    0x08004e9c   0x000000b0   Code   RO         3518    i.vTaskSwitchContext  tasks.o
    0x08004f4c   0x00000034   Code   RO         3193    i.xPortStartScheduler  port.o
    0x08004f80   0x00000034   Code   RO         3194    i.xPortSysTickHandler  port.o
    0x08004fb4   0x00000022   Code   RO         3286    i.xQueueCreateMutex  queue.o
    0x08004fd6   0x0000002a   Code   RO         3287    i.xQueueCreateMutexStatic  queue.o
    0x08005000   0x0000003e   Code   RO         3288    i.xQueueGenericCreate  queue.o
    0x0800503e   0x0000002e   Code   RO         3289    i.xQueueGenericCreateStatic  queue.o
    0x0800506c   0x0000015c   Code   RO         3290    i.xQueueGenericReceive  queue.o
    0x080051c8   0x00000080   Code   RO         3291    i.xQueueGenericReset  queue.o
    0x08005248   0x00000118   Code   RO         3292    i.xQueueGenericSend  queue.o
    0x08005360   0x00000086   Code   RO         3293    i.xQueueGenericSendFromISR  queue.o
    0x080053e6   0x00000030   Code   RO         3296    i.xQueueGiveMutexRecursive  queue.o
    0x08005416   0x0000003a   Code   RO         3301    i.xQueueTakeMutexRecursive  queue.o
    0x08005450   0x0000005c   Code   RO         3519    i.xTaskCheckForTimeOut  tasks.o
    0x080054ac   0x00000064   Code   RO         3520    i.xTaskCreate       tasks.o
    0x08005510   0x0000004e   Code   RO         3521    i.xTaskCreateStatic  tasks.o
    0x0800555e   0x00000002   PAD
    0x08005560   0x0000000c   Code   RO         3524    i.xTaskGetCurrentTaskHandle  tasks.o
    0x0800556c   0x00000020   Code   RO         3525    i.xTaskGetSchedulerState  tasks.o
    0x0800558c   0x0000000c   Code   RO         3526    i.xTaskGetTickCount  tasks.o
    0x08005598   0x00000118   Code   RO         3528    i.xTaskIncrementTick  tasks.o
    0x080056b0   0x00000060   Code   RO         3531    i.xTaskPriorityDisinherit  tasks.o
    0x08005710   0x00000080   Code   RO         3532    i.xTaskRemoveFromEventList  tasks.o
    0x08005790   0x000000e8   Code   RO         3534    i.xTaskResumeAll    tasks.o
    0x08005878   0x00000060   Code   RO         3855    i.xTimerCreateTimerTask  timers.o
    0x080058d8   0x0000006c   Code   RO         3856    i.xTimerGenericCommand  timers.o
    0x08005944   0x00000062   Code   RO         4078    x$fpl$d2f           fz_ws.l(d2f.o)
    0x080059a6   0x00000002   PAD
    0x080059a8   0x00000150   Code   RO         4080    x$fpl$dadd          fz_ws.l(daddsub_clz.o)
    0x08005af8   0x00000010   Code   RO         4330    x$fpl$dcheck1       fz_ws.l(dcheck1.o)
    0x08005b08   0x000002b0   Code   RO         4189    x$fpl$ddiv          fz_ws.l(ddiv.o)
    0x08005db8   0x0000005a   Code   RO         4086    x$fpl$dfixu         fz_ws.l(dfixu.o)
    0x08005e12   0x00000002   PAD
    0x08005e14   0x00000154   Code   RO         4090    x$fpl$dmul          fz_ws.l(dmul.o)
    0x08005f68   0x0000009c   Code   RO         4194    x$fpl$dnaninf       fz_ws.l(dnaninf.o)
    0x08006004   0x0000000c   Code   RO         4196    x$fpl$dretinf       fz_ws.l(dretinf.o)
    0x08006010   0x00000016   Code   RO         4081    x$fpl$drsb          fz_ws.l(daddsub_clz.o)
    0x08006026   0x00000002   PAD
    0x08006028   0x000001cc   Code   RO         4198    x$fpl$dsqrt         fz_ws.l(dsqrt_noumaal.o)
    0x080061f4   0x000001d4   Code   RO         4082    x$fpl$dsub          fz_ws.l(daddsub_clz.o)
    0x080063c8   0x00000056   Code   RO         4092    x$fpl$f2d           fz_ws.l(f2d.o)
    0x0800641e   0x00000002   PAD
    0x08006420   0x000000c4   Code   RO         4094    x$fpl$fadd          fz_ws.l(faddsub_clz.o)
    0x080064e4   0x0000000c   Code   RO         4334    x$fpl$fcheck1       fz_ws.l(fcheck1.o)
    0x080064f0   0x00000018   Code   RO         4200    x$fpl$fcmpinf       fz_ws.l(fcmpi.o)
    0x08006508   0x00000184   Code   RO         4101    x$fpl$fdiv          fz_ws.l(fdiv.o)
    0x0800668c   0x00000036   Code   RO         4202    x$fpl$ffix          fz_ws.l(ffix.o)
    0x080066c2   0x00000002   PAD
    0x080066c4   0x0000003e   Code   RO         4104    x$fpl$ffixu         fz_ws.l(ffixu.o)
    0x08006702   0x00000002   PAD
    0x08006704   0x00000030   Code   RO         4109    x$fpl$fflt          fz_ws.l(fflt_clz.o)
    0x08006734   0x00000026   Code   RO         4108    x$fpl$ffltu         fz_ws.l(fflt_clz.o)
    0x0800675a   0x00000002   PAD
    0x0800675c   0x00000068   Code   RO         4114    x$fpl$fleqf         fz_ws.l(fleqf.o)
    0x080067c4   0x00000102   Code   RO         4116    x$fpl$fmul          fz_ws.l(fmul.o)
    0x080068c6   0x0000008c   Code   RO         4206    x$fpl$fnaninf       fz_ws.l(fnaninf.o)
    0x08006952   0x0000000a   Code   RO         4208    x$fpl$fretinf       fz_ws.l(fretinf.o)
    0x0800695c   0x00000062   Code   RO         4118    x$fpl$frleqf        fz_ws.l(frleqf.o)
    0x080069be   0x00000002   PAD
    0x080069c0   0x00000060   Code   RO         4210    x$fpl$frnd          fz_ws.l(frnd.o)
    0x08006a20   0x00000014   Code   RO         4095    x$fpl$frsb          fz_ws.l(faddsub_clz.o)
    0x08006a34   0x000000ea   Code   RO         4096    x$fpl$fsub          fz_ws.l(faddsub_clz.o)
    0x08006b1e   0x00000064   Code   RO         4360    x$fpl$retnan        fz_ws.l(retnan.o)
    0x08006b82   0x0000005c   Code   RO         4212    x$fpl$scalbn        fz_ws.l(scalbn.o)
    0x08006bde   0x0000004c   Code   RO         4214    x$fpl$scalbnf       fz_ws.l(scalbnf.o)
    0x08006c2a   0x00000030   Code   RO         4396    x$fpl$trapveneer    fz_ws.l(trapv.o)
    0x08006c5a   0x00000000   Code   RO         4216    x$fpl$usenofp       fz_ws.l(usenofp.o)
    0x08006c5a   0x00000002   PAD
    0x08006c5c   0x00000028   Data   RO          237    .constdata          tft_ili9341.o
    0x08006c84   0x00000004   PAD
    0x08006c88   0x00000050   Data   RO         4122    .constdata          m_ws.l(asin.o)
    0x08006cd8   0x00000098   Data   RO         4219    .constdata          m_ws.l(atan.o)
    0x08006d70   0x00000008   Data   RO         4237    .constdata          m_ws.l(qnan.o)
    0x08006d78   0x00000020   Data   RO         4239    .constdata          m_ws.l(rredf.o)
    0x08006d98   0x00000020   Data   RO         4428    Region$$Table       anon$$obj.o


    Execution Region ER_RW (Base: 0x20000000, Size: 0x00000134, Max: 0xffffffff, ABSOLUTE, COMPRESSED[0x00000048])

    Base Addr    Size         Type   Attr      Idx    E Section Name        Object

    0x20000000   0x00000038   Data   RW          165    .data               stable.o
    0x20000038   0x00000001   Data   RW          238    .data               tft_ili9341.o
    0x20000039   0x00000003   PAD
    0x2000003c   0x0000000c   Data   RW          359    .data               gui_core.o
    0x20000048   0x00000008   Data   RW          552    .data               sys_device.o
    0x20000050   0x00000004   Data   RW          637    .data               sys_memory.o
    0x20000054   0x00000024   Data   RW          702    .data               sys_i2c.o
    0x20000078   0x00000011   Data   RW          781    .data               mpu6050.o
    0x20000089   0x00000003   PAD
    0x2000008c   0x00000010   Data   RW          863    .data               brushlessmotor.o
    0x2000009c   0x00000001   Data   RW          954    .data               clib_arm.o
    0x2000009d   0x00000003   PAD
    0x200000a0   0x00000014   Data   RW         1084    .data               cmsis_os2.o
    0x200000b4   0x00000014   Data   RW         2904    .data               system_stm32f10x.o
    0x200000c8   0x00000018   Data   RW         3137    .data               heap_5.o
    0x200000e0   0x00000004   Data   RW         3195    .data               port.o
    0x200000e4   0x0000003c   Data   RW         3537    .data               tasks.o
    0x20000120   0x00000014   Data   RW         3864    .data               timers.o


    Execution Region ER_ZI (Base: 0x20000134, Size: 0x000044bc, Max: 0xffffffff, ABSOLUTE)

    Base Addr    Size         Type   Attr      Idx    E Section Name        Object

    0x20000134   0x00000018   Zero   RW          164    .bss                stable.o
    0x2000014c   0x00000014   Zero   RW          236    .bss                tft_ili9341.o
    0x20000160   0x0000000c   Zero   RW          780    .bss                mpu6050.o
    0x2000016c   0x00001000   Zero   RW          862    .bss                brushlessmotor.o
    0x2000116c   0x000001f0   Zero   RW          953    .bss                clib_arm.o
    0x2000135c   0x000026a8   Zero   RW         1083    .bss                cmsis_os2.o
    0x20003a04   0x000004c4   Zero   RW         3536    .bss                tasks.o
    0x20003ec8   0x000000c8   Zero   RW         3863    .bss                timers.o
    0x20003f90   0x00000060   Zero   RW         4242    .bss                c_w.l(libspace.o)
    0x20003ff0   0x00000200   Zero   RW         2891    HEAP                startup_stm32f10x_hd.o
    0x200041f0   0x00000400   Zero   RW         2890    STACK               startup_stm32f10x_hd.o


==============================================================================

Image component sizes


      Code (inc. data)   RO Data    RW Data    ZI Data      Debug   Object Name

      2588        196          0         16       4096       6701   brushlessmotor.o
       220         16          0          1        496       8708   clib_arm.o
       752         52          0         20       9896      36188   cmsis_os2.o
         0          0          0          0          0      14648   event_groups.o
        14          0          0          0          0        450   freertos_tick_config.o
       108         14          0          0          0       1066   gui_2dlib.o
       356         38          0         12          0       4159   gui_core.o
         0          0          0          0          0       1158   gui_refresh.o
       604         60          0         24          0       4148   heap_5.o
       148          0          0          0          0       3138   list.o
        66         14          0          0          0     275748   main.o
       132         22          0          0          0       1691   misc.o
       928         78          0         17         12       5685   mpu6050.o
       412         50          0          4          0       8872   port.o
      1692         16          0          0          0      15369   queue.o
      2236        182          0         56         24       3902   stable.o
        64         26        304          0       1536        804   startup_stm32f10x_hd.o
        42          0          0          0          0       2905   stm32f10x_dma.o
       286          0          0          0          0       3204   stm32f10x_gpio.o
        64         12          0          0          0       1209   stm32f10x_rcc.o
       134          0          0          0          0       3645   stm32f10x_spi.o
       804         82          0          0          0       8367   stm32f10x_tim.o
        12          0          0          0          0       3087   sys_core.o
       554         46          0          8          0       6172   sys_device.o
       678          8          0         36          0       5564   sys_i2c.o
       462         24          0          4          0       3374   sys_memory.o
       328         28          0         20          0       2205   system_stm32f10x.o
      2682        394          0         60       1220      22343   tasks.o
      1678        106         40          1         20       8508   tft_ili9341.o
      1030        114          0         20        200       8723   timers.o

    ----------------------------------------------------------------------
     19114       1578        380        308      17500     471741   Object Totals
         0          0         32          0          0          0   (incl. Generated)
        40          0          4          9          0          0   (incl. Padding)

    ----------------------------------------------------------------------

      Code (inc. data)   RO Data    RW Data    ZI Data      Debug   Library Member Name

        90          0          0          0          0          0   __dczerorl2.o
         8          0          0          0          0         68   __main.o
        52          8          0          0          0          0   __scatter.o
        28          0          0          0          0          0   __scatter_zi.o
        22          0          0          0          0        100   _rserrno.o
        16          0          0          0          0         68   aeabi_memset.o
        12          0          0          0          0         72   exit.o
         6          0          0          0          0        152   heapauxi.o
         0          0          0          0          0          0   indicate_semi.o
         2          0          0          0          0          0   libinit.o
         2          0          0          0          0          0   libinit2.o
         2          0          0          0          0          0   libshutdown.o
         2          0          0          0          0          0   libshutdown2.o
         8          4          0          0         96         68   libspace.o
         4          0          0          0          0         68   rt_errno_addr_twolibspace.o
        68          0          0          0          0         68   rt_memclr.o
        78          0          0          0          0         80   rt_memclr_w.o
       138          0          0          0          0         68   rt_memcpy_v6.o
       100          0          0          0          0         80   rt_memcpy_w.o
         0          0          0          0          0          0   rtentry.o
        20          0          0          0          0          0   rtentry2.o
         6          0          0          0          0          0   rtentry4.o
         2          0          0          0          0          0   rtexit.o
        10          0          0          0          0          0   rtexit2.o
        12          4          0          0          0         68   sys_exit.o
        74          0          0          0          0         80   sys_stackheap_outer.o
         2          0          0          0          0         68   use_no_semi.o
        98          4          0          0          0         92   d2f.o
       826         16          0          0          0        348   daddsub_clz.o
        16          4          0          0          0         68   dcheck1.o
       688        140          0          0          0        208   ddiv.o
        90          4          0          0          0         92   dfixu.o
       340         12          0          0          0        104   dmul.o
       156          4          0          0          0         92   dnaninf.o
        12          0          0          0          0         68   dretinf.o
       460         56          0          0          0        120   dsqrt_noumaal.o
        86          4          0          0          0         84   f2d.o
       450          8          0          0          0        236   faddsub_clz.o
        12          4          0          0          0         68   fcheck1.o
        24          0          0          0          0         68   fcmpi.o
       388         76          0          0          0         96   fdiv.o
        54          4          0          0          0         84   ffix.o
        62          4          0          0          0         84   ffixu.o
        86          0          0          0          0        136   fflt_clz.o
       104          4          0          0          0         84   fleqf.o
       258          4          0          0          0         84   fmul.o
       140          4          0          0          0         84   fnaninf.o
        10          0          0          0          0         68   fretinf.o
        98          0          0          0          0         68   frleqf.o
        96          4          0          0          0         76   frnd.o
       100          0          0          0          0         68   retnan.o
        92          0          0          0          0         68   scalbn.o
        76          0          0          0          0         68   scalbnf.o
        48          0          0          0          0         68   trapv.o
         0          0          0          0          0          0   usenofp.o
       636         52         80          0          0        168   asin.o
       548         70        152          0          0        124   atan.o
       384         38          0          0          0        144   atan2.o
        16          6          0          0          0         68   dunder.o
        40          0          0          0          0         68   fpclassify.o
        38          0          0          0          0         68   fpclassifyf.o
        10          0          0          0          0         68   funder.o
       170          0          0          0          0         96   poly.o
         0          0          8          0          0          0   qnan.o
       344         18         32          0          0         88   rredf.o
       396         52          0          0          0        124   sinf.o
        76          0          0          0          0         84   sqrt.o

    ----------------------------------------------------------------------
      8322        608        272          0         96       4992   Library Totals
        30          0          0          0          0          0   (incl. Padding)

    ----------------------------------------------------------------------

      Code (inc. data)   RO Data    RW Data    ZI Data      Debug   Library Name

       764         16          0          0         96       1108   c_w.l
      4870        356          0          0          0       2784   fz_ws.l
      2658        236        272          0          0       1100   m_ws.l

    ----------------------------------------------------------------------
      8322        608        272          0         96       4992   Library Totals

    ----------------------------------------------------------------------

==============================================================================


      Code (inc. data)   RO Data    RW Data    ZI Data      Debug   

     27436       2186        652        308      17596     463989   Grand Totals
     27436       2186        652         72      17596     463989   ELF Image Totals (compressed)
     27436       2186        652         72          0          0   ROM Totals

==============================================================================

    Total RO  Size (Code + RO Data)                28088 (  27.43kB)
    Total RW  Size (RW Data + ZI Data)             17904 (  17.48kB)
    Total ROM Size (Code + RO Data + RW Data)      28160 (  27.50kB)

==============================================================================

